# ğŸš€ Git/GitBash/Windows å®Œå…¨ã‚¬ã‚¤ãƒ‰ã€å›³è§£ä»˜ãã€‘https://docs.google.com/spreadsheets/d/1W04QKtuzNy-Gd0gQYdJ1h1VcyLJE06qGP_vKmEvbagE/edit?usp=sharing

## ğŸ“š ç›®æ¬¡

1. [GitBashåŸºæœ¬æ“ä½œ](#gitbashåŸºæœ¬æ“ä½œ)
   - éšå±¤ç§»å‹•(ãƒ•ã‚©ãƒ«ãƒ€ç§»å‹•)
   - ãƒ•ã‚©ãƒ«ãƒ€ä½œæˆ
   - ãƒ•ã‚¡ã‚¤ãƒ«ä½œæˆ
   - ãƒ•ã‚¡ã‚¤ãƒ«ãƒ»ãƒ•ã‚©ãƒ«ãƒ€æ“ä½œ
2. [GitåˆæœŸè¨­å®š](#gitåˆæœŸè¨­å®š)
3. [GitHubé€£æº](#githubé€£æº)
4. [æ—¥å¸¸ã®Gitä½œæ¥­](#æ—¥å¸¸ã®gitä½œæ¥­)
5. [è¨˜å·ã®èª­ã¿æ–¹](#è¨˜å·ã®èª­ã¿æ–¹)
6. [ãƒãƒ¼ãƒˆã‚·ãƒ¼ãƒˆ](#ãƒãƒ¼ãƒˆã‚·ãƒ¼ãƒˆ)

---

## ğŸ–¥ï¸ GitBashåŸºæœ¬æ“ä½œ {#gitbashåŸºæœ¬æ“ä½œ}

### ğŸŒŸ ã¾ãšçŸ¥ã£ã¦ãŠãã¹ãé‡è¦ãªã“ã¨

```bash
# âŒ ã“ã‚Œã¯å…¥åŠ›ã—ãªã„!
$  â† ãƒ—ãƒ­ãƒ³ãƒ—ãƒˆ(ç›®å°)

# âœ… ã“ã‚Œã ã‘å…¥åŠ›ã™ã‚‹!
git status  â† ã‚³ãƒãƒ³ãƒ‰æœ¬ä½“
```

**é‡è¦:** `$` è¨˜å·ã¯**å…¥åŠ›ã—ã¾ã›ã‚“!** ã“ã‚Œã¯ã€Œã“ã“ã«å…¥åŠ›ã—ã¦ã­ã€ã¨ã„ã†ç›®å°ã§ã™ã€‚

---

## ğŸ“‚ éšå±¤ç§»å‹•(ãƒ•ã‚©ãƒ«ãƒ€ç§»å‹•)

### ç¾åœ¨åœ°ã‚’ç¢ºèªã™ã‚‹

```bash
$ pwd
```

**ğŸ“– èª­ã¿æ–¹:** `pwd` = ãƒ”ãƒ¼ãƒ»ãƒ€ãƒ–ãƒªãƒ¥ãƒ¼ãƒ»ãƒ‡ã‚£ãƒ¼ (Print Working Directory)

**ğŸ’» å®Ÿè¡Œçµæœ:**

```bash
$ pwd
/c/Users/YourName
```

**ğŸ“Š æ„å‘³:**
- `/c/` = Cãƒ‰ãƒ©ã‚¤ãƒ–
- `/Users/YourName` = ãƒ¦ãƒ¼ã‚¶ãƒ¼ãƒ•ã‚©ãƒ«ãƒ€
- ç¾åœ¨ã€`C:\Users\YourName` ã«ã„ã‚‹

---

### ğŸ“ Windows ãƒ‘ã‚¹ã¨GitBash ãƒ‘ã‚¹ã®å¯¾å¿œè¡¨

| Windowsè¡¨è¨˜ | GitBashè¡¨è¨˜ | æ„å‘³ |
|------------|------------|------|
| `C:\` | `/c/` | Cãƒ‰ãƒ©ã‚¤ãƒ– |
| `D:\` | `/d/` | Dãƒ‰ãƒ©ã‚¤ãƒ– |
| `C:\Users` | `/c/Users` | ãƒ¦ãƒ¼ã‚¶ãƒ¼ãƒ•ã‚©ãƒ«ãƒ€ |
| `C:\projects\myapp` | `/c/projects/myapp` | ãƒ—ãƒ­ã‚¸ã‚§ã‚¯ãƒˆãƒ•ã‚©ãƒ«ãƒ€ |
| `C:\Program Files` | `/c/Program Files` | ãƒ—ãƒ­ã‚°ãƒ©ãƒ ãƒ•ã‚¡ã‚¤ãƒ« |

**âš ï¸ æ³¨æ„:**
- Windows: ãƒãƒƒã‚¯ã‚¹ãƒ©ãƒƒã‚·ãƒ¥ `\`
- GitBash: ã‚¹ãƒ©ãƒƒã‚·ãƒ¥ `/`

---

### ãƒ•ã‚©ãƒ«ãƒ€ã‚’ç§»å‹•ã™ã‚‹

#### ãƒ‘ã‚¿ãƒ¼ãƒ³1: çµ¶å¯¾ãƒ‘ã‚¹ã§ç§»å‹•

```bash
$ cd /c/projects
```

**ğŸ“– èª­ã¿æ–¹:** `cd` = ã‚·ãƒ¼ãƒ»ãƒ‡ã‚£ãƒ¼ (Change Directory)

**ğŸ’» å®Ÿè¡Œçµæœ:**

```bash
$ cd /c/projects

$ pwd
/c/projects
```

**âœ… æˆåŠŸã®è¨¼æ‹ :** ã‚¨ãƒ©ãƒ¼ãŒå‡ºãªã„ã€`pwd`ã§ç¢ºèªã§ãã‚‹

---

#### ãƒ‘ã‚¿ãƒ¼ãƒ³2: ç›¸å¯¾ãƒ‘ã‚¹ã§ç§»å‹•

```bash
# ç¾åœ¨åœ°
$ pwd
/c/Users/YourName

# Desktopãƒ•ã‚©ãƒ«ãƒ€ã«ç§»å‹•
$ cd Desktop

$ pwd
/c/Users/YourName/Desktop
```

**ğŸ“Š å›³è§£:**

```
ç¾åœ¨åœ°: /c/Users/YourName
         â†“ cd Desktop
ç§»å‹•å…ˆ:  /c/Users/YourName/Desktop
```

---

#### ãƒ‘ã‚¿ãƒ¼ãƒ³3: è¦ªãƒ•ã‚©ãƒ«ãƒ€(ä¸€ã¤ä¸Š)ã«ç§»å‹•

```bash
# ç¾åœ¨åœ°
$ pwd
/c/Users/YourName/Desktop

# ä¸€ã¤ä¸Šã«ç§»å‹•
$ cd ..

$ pwd
/c/Users/YourName
```

**ğŸ“– èª­ã¿æ–¹:** `..` = ãƒ‰ãƒƒãƒˆãƒ»ãƒ‰ãƒƒãƒˆ (è¦ªãƒ•ã‚©ãƒ«ãƒ€)

**ğŸ“Š å›³è§£:**

```
/c/Users/YourName/Desktop  â† ç¾åœ¨åœ°
         â†‘ cd ..
/c/Users/YourName          â† ç§»å‹•å…ˆ
```

---

#### ãƒ‘ã‚¿ãƒ¼ãƒ³4: ãƒ›ãƒ¼ãƒ ãƒ‡ã‚£ãƒ¬ã‚¯ãƒˆãƒªã«ç§»å‹•

```bash
$ cd ~

$ pwd
/c/Users/YourName
```

**ğŸ“– èª­ã¿æ–¹:** `~` = ãƒãƒ«ãƒ€ (ãƒ›ãƒ¼ãƒ ãƒ‡ã‚£ãƒ¬ã‚¯ãƒˆãƒª)

---

#### ãƒ‘ã‚¿ãƒ¼ãƒ³5: è¤‡æ•°éšå±¤ã‚’ä¸€æ°—ã«ç§»å‹•

```bash
# 2ã¤ä¸Šã«ç§»å‹•
$ cd ../..

# 3ã¤ä¸Šã«ç§»å‹•
$ cd ../../..

# ç‰¹å®šã®ãƒ•ã‚©ãƒ«ãƒ€ã«ä¸€æ°—ã«ç§»å‹•
$ cd /c/projects/myapp/src/components
```

---

### ğŸ“‹ ç§»å‹•ã®ã¾ã¨ã‚è¡¨

| ã‚³ãƒãƒ³ãƒ‰ | æ„å‘³ | ä¾‹ |
|---------|------|-----|
| `cd /c/projects` | çµ¶å¯¾ãƒ‘ã‚¹ã§ç§»å‹• | Cãƒ‰ãƒ©ã‚¤ãƒ–ã®projectsã¸ |
| `cd Desktop` | ç›¸å¯¾ãƒ‘ã‚¹ã§ç§»å‹• | ç¾åœ¨åœ°ã‹ã‚‰Desktopã¸ |
| `cd ..` | ä¸€ã¤ä¸Šã«ç§»å‹• | è¦ªãƒ•ã‚©ãƒ«ãƒ€ã¸ |
| `cd ~` | ãƒ›ãƒ¼ãƒ ã«ç§»å‹• | C:\Users\YourName ã¸ |
| `cd -` | ç›´å‰ã®å ´æ‰€ã«æˆ»ã‚‹ | è¡Œãæ¥ã™ã‚‹ |

---

## ğŸ“‚ ãƒ•ã‚©ãƒ«ãƒ€ãƒ»ãƒ•ã‚¡ã‚¤ãƒ«ã‚’è¦‹ã‚‹

### ãƒ•ã‚©ãƒ«ãƒ€ã®ä¸­èº«ã‚’ç¢ºèª

```bash
$ ls
```

**ğŸ“– èª­ã¿æ–¹:** `ls` = ã‚¨ãƒ«ãƒ»ã‚¨ã‚¹ (List)

**ğŸ’» å®Ÿè¡Œçµæœ:**

```bash
$ ls
Desktop  Documents  Downloads  Pictures
```

---

### è©³ç´°è¡¨ç¤º

```bash
$ ls -la
```

**ğŸ“– èª­ã¿æ–¹:** `ls -la` = ã‚¨ãƒ«ãƒ»ã‚¨ã‚¹ãƒ»ã‚ªãƒ—ã‚·ãƒ§ãƒ³ãƒ»ã‚¨ãƒ«ãƒ»ã‚¨ãƒ¼

**ğŸ’» å®Ÿè¡Œçµæœ:**

```bash
$ ls -la
total 8
drwxr-xr-x 1 User 197121    0 Oct  8 10:00 .
drwxr-xr-x 1 User 197121    0 Oct  8 09:00 ..
drwxr-xr-x 1 User 197121    0 Oct  8 10:00 Desktop
drwxr-xr-x 1 User 197121    0 Oct  8 10:00 Documents
-rw-r--r-- 1 User 197121  156 Oct  8 10:00 .bashrc
```

**ğŸ“Š è¦‹æ–¹:**

```
drwxr-xr-x  â† ãƒ•ã‚©ãƒ«ãƒ€
-rw-r--r--  â† ãƒ•ã‚¡ã‚¤ãƒ«
.bashrc     â† .ã§å§‹ã¾ã‚‹ = éš ã—ãƒ•ã‚¡ã‚¤ãƒ«
```

**ã‚ªãƒ—ã‚·ãƒ§ãƒ³è§£èª¬:**
- `-l` = è©³ç´°è¡¨ç¤º (long format)
- `-a` = éš ã—ãƒ•ã‚¡ã‚¤ãƒ«ã‚‚è¡¨ç¤º (all)
- `-la` = ä¸¡æ–¹

---

### ğŸ“Š lsã‚ªãƒ—ã‚·ãƒ§ãƒ³ä¸€è¦§

| ã‚³ãƒãƒ³ãƒ‰ | æ„å‘³ | ã‚ˆãä½¿ã†? |
|---------|------|----------|
| `ls` | åŸºæœ¬è¡¨ç¤º | â­â­â­ |
| `ls -l` | è©³ç´°è¡¨ç¤º | â­â­â­ |
| `ls -a` | éš ã—ãƒ•ã‚¡ã‚¤ãƒ«ã‚‚ | â­â­ |
| `ls -la` | å…¨ã¦è©³ç´°è¡¨ç¤º | â­â­â­ |
| `ls -lh` | ã‚µã‚¤ã‚ºã‚’èª­ã¿ã‚„ã™ã | â­â­ |

---

## ğŸ†• ãƒ•ã‚©ãƒ«ãƒ€ã‚’ä½œæˆã™ã‚‹

### åŸºæœ¬ã®ãƒ•ã‚©ãƒ«ãƒ€ä½œæˆ

```bash
$ mkdir myproject
```

**ğŸ“– èª­ã¿æ–¹:** `mkdir` = ã‚¨ãƒ ã‚±ãƒ¼ãƒ»ãƒ‡ã‚£ãƒ¼ã‚¢ã‚¤ã‚¢ãƒ¼ãƒ« (Make Directory)

**ğŸ’» å®Ÿè¡Œçµæœ:**

```bash
$ mkdir myproject

$ ls
myproject

$ cd myproject

$ pwd
/c/Users/YourName/myproject
```

**âœ… æˆåŠŸã®è¨¼æ‹ :** ã‚¨ãƒ©ãƒ¼ãŒå‡ºãªã„ã€`ls`ã§ç¢ºèªã§ãã‚‹

---

### è¤‡æ•°éšå±¤ã‚’ä¸€æ°—ã«ä½œæˆ

```bash
$ mkdir -p myproject/src/components
```

**ğŸ“– èª­ã¿æ–¹:** `-p` = ãƒ”ãƒ¼ (parentsã€è¦ªãƒ•ã‚©ãƒ«ãƒ€ã‚‚ä½œæˆ)

**ğŸ“Š å›³è§£:**

```
Before:
/c/Users/YourName
  (ä½•ã‚‚ãªã„)

After:
/c/Users/YourName
  â””â”€â”€ myproject
       â””â”€â”€ src
            â””â”€â”€ components
```

**ğŸ’» ç¢ºèª:**

```bash
$ ls -R myproject
myproject:
src

myproject/src:
components

myproject/src/components:
```

---

### è¤‡æ•°ã®ãƒ•ã‚©ãƒ«ãƒ€ã‚’åŒæ™‚ã«ä½œæˆ

```bash
$ mkdir folder1 folder2 folder3
```

**ğŸ’» å®Ÿè¡Œçµæœ:**

```bash
$ mkdir folder1 folder2 folder3

$ ls
folder1  folder2  folder3
```

---

## ğŸ“ ãƒ•ã‚¡ã‚¤ãƒ«ã‚’ä½œæˆã™ã‚‹

### ç©ºãƒ•ã‚¡ã‚¤ãƒ«ã‚’ä½œæˆ

```bash
$ touch app.py
```

**ğŸ“– èª­ã¿æ–¹:** `touch` = ã‚¿ãƒƒãƒ

**ğŸ’» å®Ÿè¡Œçµæœ:**

```bash
$ touch app.py

$ ls
app.py

$ ls -l app.py
-rw-r--r-- 1 User 197121 0 Oct  8 10:00 app.py
                         â†‘ ã‚µã‚¤ã‚º0ãƒã‚¤ãƒˆ = ç©ºãƒ•ã‚¡ã‚¤ãƒ«
```

---

### è¤‡æ•°ãƒ•ã‚¡ã‚¤ãƒ«ã‚’åŒæ™‚ã«ä½œæˆ

```bash
$ touch main.py utils.py config.py
```

**ğŸ’» å®Ÿè¡Œçµæœ:**

```bash
$ touch main.py utils.py config.py

$ ls
config.py  main.py  utils.py
```

---

### ãƒ†ã‚­ã‚¹ãƒˆãƒ•ã‚¡ã‚¤ãƒ«ã«å†…å®¹ã‚’æ›¸ãè¾¼ã‚€

#### ãƒ‘ã‚¿ãƒ¼ãƒ³1: echoã§ä¸€è¡Œæ›¸ãè¾¼ã¿

```bash
$ echo "print('Hello')" > test.py
```

**ğŸ“– èª­ã¿æ–¹:** 
- `echo` = ã‚¨ã‚³ãƒ¼ (è¡¨ç¤º)
- `>` = ãƒªãƒ€ã‚¤ãƒ¬ã‚¯ãƒˆ (ãƒ•ã‚¡ã‚¤ãƒ«ã«æ›¸ãè¾¼ã‚€)

**ğŸ’» å®Ÿè¡Œçµæœ:**

```bash
$ echo "print('Hello')" > test.py

$ cat test.py
print('Hello')
```

**ğŸ“– èª­ã¿æ–¹:** `cat` = ã‚­ãƒ£ãƒƒãƒˆ (ãƒ•ã‚¡ã‚¤ãƒ«å†…å®¹è¡¨ç¤º)

---

#### ãƒ‘ã‚¿ãƒ¼ãƒ³2: è¿½è¨˜ã™ã‚‹

```bash
$ echo "print('World')" >> test.py
```

**ğŸ“– èª­ã¿æ–¹:** `>>` = è¿½è¨˜ãƒªãƒ€ã‚¤ãƒ¬ã‚¯ãƒˆ

**ğŸ’» å®Ÿè¡Œçµæœ:**

```bash
$ cat test.py
print('Hello')
print('World')
```

**âš ï¸ æ³¨æ„:**
- `>` = ä¸Šæ›¸ã (å…ƒã®å†…å®¹ãŒæ¶ˆãˆã‚‹)
- `>>` = è¿½è¨˜ (å…ƒã®å†…å®¹ã«è¿½åŠ )

---

### ğŸ“Š ãƒªãƒ€ã‚¤ãƒ¬ã‚¯ãƒˆè¨˜å·ã¾ã¨ã‚

| è¨˜å· | æ„å‘³ | ä½¿ã„æ–¹ |
|------|------|--------|
| `>` | ä¸Šæ›¸ã | `echo "text" > file.txt` |
| `>>` | è¿½è¨˜ | `echo "text" >> file.txt` |
| `<` | å…¥åŠ› | `command < input.txt` |
| `\|` | ãƒ‘ã‚¤ãƒ— | `ls \| grep "test"` |

---

## ğŸ—‘ï¸ ãƒ•ã‚¡ã‚¤ãƒ«ãƒ»ãƒ•ã‚©ãƒ«ãƒ€ã‚’å‰Šé™¤ã™ã‚‹

### ãƒ•ã‚¡ã‚¤ãƒ«ã‚’å‰Šé™¤

```bash
$ rm test.py
```

**ğŸ“– èª­ã¿æ–¹:** `rm` = ã‚¢ãƒ¼ãƒ«ã‚¨ãƒ  (Remove)

**ğŸ’» å®Ÿè¡Œçµæœ:**

```bash
$ ls
test.py

$ rm test.py

$ ls
(ä½•ã‚‚è¡¨ç¤ºã•ã‚Œãªã„)
```

**âš ï¸ è­¦å‘Š:** å‰Šé™¤ã—ãŸãƒ•ã‚¡ã‚¤ãƒ«ã¯**ã‚´ãƒŸç®±ã«å…¥ã‚‰ãªã„!** å®Œå…¨ã«æ¶ˆãˆã‚‹!

---

### è¤‡æ•°ãƒ•ã‚¡ã‚¤ãƒ«ã‚’å‰Šé™¤

```bash
$ rm file1.txt file2.txt file3.txt
```

---

### ãƒ•ã‚©ãƒ«ãƒ€ã‚’å‰Šé™¤

```bash
$ rm -r myfolder
```

**ğŸ“– èª­ã¿æ–¹:** `-r` = ã‚¢ãƒ¼ãƒ« (recursiveã€å†å¸°çš„ã«å…¨ã¦å‰Šé™¤)

**âš ï¸ è­¦å‘Š:** ãƒ•ã‚©ãƒ«ãƒ€ã®ä¸­èº«ã‚‚**å…¨ã¦æ¶ˆãˆã‚‹!**

---

### ç¢ºèªã—ãªãŒã‚‰å‰Šé™¤

```bash
$ rm -i test.py
rm: remove regular file 'test.py'? y
```

**ğŸ“– èª­ã¿æ–¹:** `-i` = ã‚¢ã‚¤ (interactiveã€å¯¾è©±çš„)

**æ“ä½œæ–¹æ³•:**
- `y` = Yes (å‰Šé™¤ã™ã‚‹)
- `n` = No (å‰Šé™¤ã—ãªã„)

---

### ğŸš¨ å®‰å…¨ãªå‰Šé™¤ã®ãƒ™ã‚¹ãƒˆãƒ—ãƒ©ã‚¯ãƒ†ã‚£ã‚¹

```bash
# âŒ å±é™º! ã„ããªã‚Šå‰Šé™¤
$ rm -rf *

# âœ… å®‰å…¨! ã¾ãšç¢ºèª
$ ls
file1.txt  file2.txt

# âœ… å®‰å…¨! å‰Šé™¤å‰ã«ãƒãƒƒã‚¯ã‚¢ãƒƒãƒ—
$ cp important.txt important.txt.backup

# âœ… å®‰å…¨! ç¢ºèªã—ãªãŒã‚‰å‰Šé™¤
$ rm -i important.txt
```

---

## ğŸ“‹ ãƒ•ã‚¡ã‚¤ãƒ«ãƒ»ãƒ•ã‚©ãƒ«ãƒ€æ“ä½œã¾ã¨ã‚

### ã‚³ãƒ”ãƒ¼

```bash
$ cp source.txt destination.txt
```

**ğŸ“– èª­ã¿æ–¹:** `cp` = ã‚·ãƒ¼ãƒ»ãƒ”ãƒ¼ (Copy)

**ğŸ’» ä¾‹:**

```bash
# ãƒ•ã‚¡ã‚¤ãƒ«ã‚’ã‚³ãƒ”ãƒ¼
$ cp app.py app_backup.py

# ãƒ•ã‚©ãƒ«ãƒ€ã‚’ã‚³ãƒ”ãƒ¼
$ cp -r myfolder myfolder_backup
```

---

### ç§»å‹•ãƒ»ãƒªãƒãƒ¼ãƒ 

```bash
$ mv old.txt new.txt
```

**ğŸ“– èª­ã¿æ–¹:** `mv` = ã‚¨ãƒ ãƒ»ãƒ–ã‚¤ (Move)

**ğŸ’» ä¾‹:**

```bash
# ãƒªãƒãƒ¼ãƒ 
$ mv old_name.py new_name.py

# ç§»å‹•
$ mv file.txt /c/projects/

# ç§»å‹•+ãƒªãƒãƒ¼ãƒ 
$ mv old.txt /c/projects/new.txt
```

---

## ğŸ“Š åŸºæœ¬ã‚³ãƒãƒ³ãƒ‰å®Œå…¨ä¸€è¦§è¡¨

| ã‚³ãƒãƒ³ãƒ‰ | èª­ã¿æ–¹ | æ„å‘³ | ä¾‹ |
|---------|-------|------|-----|
| `pwd` | ãƒ”ãƒ¼ãƒ»ãƒ€ãƒ–ãƒªãƒ¥ãƒ¼ãƒ»ãƒ‡ã‚£ãƒ¼ | ç¾åœ¨åœ°è¡¨ç¤º | `pwd` |
| `cd` | ã‚·ãƒ¼ãƒ»ãƒ‡ã‚£ãƒ¼ | ãƒ•ã‚©ãƒ«ãƒ€ç§»å‹• | `cd /c/projects` |
| `ls` | ã‚¨ãƒ«ãƒ»ã‚¨ã‚¹ | ä¸€è¦§è¡¨ç¤º | `ls -la` |
| `mkdir` | ã‚¨ãƒ ã‚±ãƒ¼ãƒ»ãƒ‡ã‚£ãƒ¼ã‚¢ã‚¤ã‚¢ãƒ¼ãƒ« | ãƒ•ã‚©ãƒ«ãƒ€ä½œæˆ | `mkdir test` |
| `touch` | ã‚¿ãƒƒãƒ | ãƒ•ã‚¡ã‚¤ãƒ«ä½œæˆ | `touch app.py` |
| `rm` | ã‚¢ãƒ¼ãƒ«ã‚¨ãƒ  | å‰Šé™¤ | `rm file.txt` |
| `cp` | ã‚·ãƒ¼ãƒ»ãƒ”ãƒ¼ | ã‚³ãƒ”ãƒ¼ | `cp a.txt b.txt` |
| `mv` | ã‚¨ãƒ ãƒ»ãƒ–ã‚¤ | ç§»å‹•/ãƒªãƒãƒ¼ãƒ  | `mv old.txt new.txt` |
| `cat` | ã‚­ãƒ£ãƒƒãƒˆ | ãƒ•ã‚¡ã‚¤ãƒ«è¡¨ç¤º | `cat app.py` |
| `echo` | ã‚¨ã‚³ãƒ¼ | æ–‡å­—åˆ—è¡¨ç¤º | `echo "test"` |
| `clear` | ã‚¯ãƒªã‚¢ | ç”»é¢ã‚¯ãƒªã‚¢ | `clear` |

---

## ğŸ”§ GitåˆæœŸè¨­å®š {#gitåˆæœŸè¨­å®š}

### ã‚¹ãƒ†ãƒƒãƒ—1: GitãŒã‚¤ãƒ³ã‚¹ãƒˆãƒ¼ãƒ«ã•ã‚Œã¦ã„ã‚‹ã‹ç¢ºèª

```bash
$ git --version
```

**ğŸ’» å®Ÿè¡Œçµæœ:**

```bash
$ git --version
git version 2.42.0.windows.1
```

**âœ… æˆåŠŸ:** ãƒãƒ¼ã‚¸ãƒ§ãƒ³ç•ªå·ãŒè¡¨ç¤ºã•ã‚Œã‚‹  
**âŒ å¤±æ•—:** `command not found` â†’ Gitã‚’ã‚¤ãƒ³ã‚¹ãƒˆãƒ¼ãƒ«

**ğŸ“¥ Gitã‚¤ãƒ³ã‚¹ãƒˆãƒ¼ãƒ«æ–¹æ³•:**
1. https://git-scm.com/download/win ã«ã‚¢ã‚¯ã‚»ã‚¹
2. 64-bitç‰ˆã‚’ãƒ€ã‚¦ãƒ³ãƒ­ãƒ¼ãƒ‰
3. ã‚¤ãƒ³ã‚¹ãƒˆãƒ¼ãƒ©ãƒ¼ã‚’å®Ÿè¡Œ(å…¨ã¦ãƒ‡ãƒ•ã‚©ãƒ«ãƒˆã§OK)
4. GitBashã‚’å†èµ·å‹•

---

### ã‚¹ãƒ†ãƒƒãƒ—2: ãƒ¦ãƒ¼ã‚¶ãƒ¼åã¨ãƒ¡ãƒ¼ãƒ«ã‚¢ãƒ‰ãƒ¬ã‚¹ã‚’è¨­å®š

```bash
$ git config --global user.name "Yamada Taro"
```

**ğŸ“– èª­ã¿æ–¹:**
- `git config` = ã‚®ãƒƒãƒˆãƒ»ã‚³ãƒ³ãƒ•ã‚£ã‚° (è¨­å®š)
- `--global` = ã‚°ãƒ­ãƒ¼ãƒãƒ« (å…¨ä½“ã«é©ç”¨)
- `user.name` = ãƒ¦ãƒ¼ã‚¶ãƒ¼å

**ğŸ’» ã‚³ãƒ”ãƒšç”¨:**

```bash
# åå‰ã‚’è¨­å®š(GitHubã®ãƒ¦ãƒ¼ã‚¶ãƒ¼åã§ã‚‚OK)
git config --global user.name "Yamada Taro"

# ãƒ¡ãƒ¼ãƒ«ã‚¢ãƒ‰ãƒ¬ã‚¹ã‚’è¨­å®š(GitHubã§ä½¿ã£ã¦ã„ã‚‹ãƒ¡ãƒ¼ãƒ«)
git config --global user.email "yamada@example.com"

# ç¢ºèª
git config --list
```

**âœ… æˆåŠŸæ™‚ã®è¡¨ç¤º:**

```bash
$ git config --list
user.name=Yamada Taro
user.email=yamada@example.com
...
```

---

### ã‚¹ãƒ†ãƒƒãƒ—3: ãƒ‡ãƒ•ã‚©ãƒ«ãƒˆãƒ–ãƒ©ãƒ³ãƒåã‚’è¨­å®š

```bash
$ git config --global init.defaultBranch main
```

**ğŸ’¡ ç†ç”±:** æœ€è¿‘ã®GitHubã¯ãƒ‡ãƒ•ã‚©ãƒ«ãƒˆãŒ`main`ã«ãªã£ãŸ

---

### ã‚¹ãƒ†ãƒƒãƒ—4: æ”¹è¡Œã‚³ãƒ¼ãƒ‰è¨­å®š(Windows)

```bash
$ git config --global core.autocrlf true
```

**ğŸ“– èª­ã¿æ–¹:**
- `core.autocrlf` = ã‚³ã‚¢ãƒ»ã‚ªãƒ¼ãƒˆãƒ»ã‚·ãƒ¼ã‚¢ãƒ¼ãƒ«ã‚¨ãƒ«ã‚¨ãƒ• (è‡ªå‹•æ”¹è¡Œå¤‰æ›)
- `true` = æœ‰åŠ¹

**ğŸ’¡ ç†ç”±:** Windowsã¨Mac/Linuxã§æ”¹è¡Œã‚³ãƒ¼ãƒ‰ãŒé•ã†ãŸã‚

---

## ğŸ”‘ GitHubé€£æº {#githubé€£æº}

### ã‚¹ãƒ†ãƒƒãƒ—1: SSHéµã‚’ä½œæˆ

```bash
$ ssh-keygen -t ed25519 -C "yamada@example.com"
```

**ğŸ“– èª­ã¿æ–¹:**
- `ssh-keygen` = ã‚¨ã‚¹ã‚¨ã‚¹ã‚¨ã‚¤ãƒãƒ»ã‚­ãƒ¼ã‚¸ã‚§ãƒ³ (SSHéµç”Ÿæˆ)
- `-t ed25519` = ã‚¿ã‚¤ãƒ—ãƒ»ã‚¤ãƒ¼ãƒ‡ã‚£ãƒ¼25519 (æš—å·åŒ–æ–¹å¼)
- `-C` = ã‚³ãƒ¡ãƒ³ãƒˆ (è­˜åˆ¥ç”¨ãƒ¡ãƒ¼ãƒ«ã‚¢ãƒ‰ãƒ¬ã‚¹)

**ğŸ’» å®Ÿè¡Œä¸­ã®è¡¨ç¤º:**

```bash
$ ssh-keygen -t ed25519 -C "yamada@example.com"
Generating public/private ed25519 key pair.
Enter file in which to save the key (/c/Users/YourName/.ssh/id_ed25519):
```

**ğŸ¯ æ“ä½œ:**
1. ä½•ã‚‚å…¥åŠ›ã›ãš **Enterã‚­ãƒ¼**
2. `Enter passphrase:` â†’ **Enterã‚­ãƒ¼** (ãƒ‘ã‚¹ãƒ¯ãƒ¼ãƒ‰ä¸è¦ãªã‚‰)
3. `Enter same passphrase again:` â†’ **Enterã‚­ãƒ¼**

**âœ… æˆåŠŸæ™‚ã®è¡¨ç¤º:**

```bash
Your identification has been saved in /c/Users/YourName/.ssh/id_ed25519
Your public key has been saved in /c/Users/YourName/.ssh/id_ed25519.pub
The key fingerprint is:
SHA256:xxxxxxxxxxxxxxxxxxxxxxxxxxxxxxxxxxxxx yamada@example.com
```

**ğŸ“Š ä½œæˆã•ã‚ŒãŸãƒ•ã‚¡ã‚¤ãƒ«:**

```
/c/Users/YourName/.ssh/
  â”œâ”€â”€ id_ed25519     â† ç§˜å¯†éµ(çµ¶å¯¾ã«äººã«è¦‹ã›ãªã„!)
  â””â”€â”€ id_ed25519.pub â† å…¬é–‹éµ(GitHubã«ç™»éŒ²ã™ã‚‹)
```

---

### ã‚¹ãƒ†ãƒƒãƒ—2: å…¬é–‹éµã‚’ã‚³ãƒ”ãƒ¼

```bash
$ cat ~/.ssh/id_ed25519.pub
```

**ğŸ’» å®Ÿè¡Œçµæœ:**

```bash
$ cat ~/.ssh/id_ed25519.pub
ssh-ed25519 AAAAC3NzaC1lZDI1NTE5AAAAIGx7h... yamada@example.com
```

**ğŸ¯ æ“ä½œ:**
1. è¡¨ç¤ºã•ã‚ŒãŸ**å…¨æ–‡**ã‚’ã‚³ãƒ”ãƒ¼
2. `ssh-ed25519` ã‹ã‚‰ `yamada@example.com` ã¾ã§å…¨ã¦

---

### ã‚¹ãƒ†ãƒƒãƒ—3: GitHubã«å…¬é–‹éµã‚’ç™»éŒ²

**ğŸŒ ãƒ–ãƒ©ã‚¦ã‚¶ã§æ“ä½œ:**

1. **GitHub.com ã«ãƒ­ã‚°ã‚¤ãƒ³**
2. å³ä¸Šã®ã‚¢ã‚¤ã‚³ãƒ³ã‚’ã‚¯ãƒªãƒƒã‚¯ â†’ **Settings**
3. å·¦ãƒ¡ãƒ‹ãƒ¥ãƒ¼ â†’ **SSH and GPG keys**
4. **New SSH key** ãƒœã‚¿ãƒ³ã‚’ã‚¯ãƒªãƒƒã‚¯
5. å…¥åŠ›:
   - **Title:** `Windows PC` (ã‚ã‹ã‚Šã‚„ã™ã„åå‰)
   - **Key:** ã‚³ãƒ”ãƒ¼ã—ãŸå…¬é–‹éµã‚’è²¼ã‚Šä»˜ã‘
6. **Add SSH key** ãƒœã‚¿ãƒ³ã‚’ã‚¯ãƒªãƒƒã‚¯
7. ãƒ‘ã‚¹ãƒ¯ãƒ¼ãƒ‰ç¢ºèª â†’ å®Œäº†!

**ğŸ“Š å›³è§£:**

```
[GitHub]
    â†‘
    | SSHæ¥ç¶š(æš—å·åŒ–)
    | å…¬é–‹éµã§èªè¨¼
    â†“
[ã‚ãªãŸã®PC]
  ç§˜å¯†éµã§è¨¼æ˜
```

---

### ã‚¹ãƒ†ãƒƒãƒ—4: æ¥ç¶šãƒ†ã‚¹ãƒˆ

```bash
$ ssh -T git@github.com
```

**ğŸ“– èª­ã¿æ–¹:** `ssh -T` = ã‚¨ã‚¹ã‚¨ã‚¹ã‚¨ã‚¤ãƒãƒ»ãƒ†ã‚¹ãƒˆ

**ğŸ’» åˆå›å®Ÿè¡Œæ™‚:**

```bash
$ ssh -T git@github.com
The authenticity of host 'github.com' can't be established.
ED25519 key fingerprint is SHA256:xxxxx...
Are you sure you want to continue connecting (yes/no/[fingerprint])? yes
```

**ğŸ¯ æ“ä½œ:** `yes` ã¨å…¥åŠ›ã—ã¦ Enter

**âœ… æˆåŠŸæ™‚ã®è¡¨ç¤º:**

```bash
Hi YamadaTaro! You've successfully authenticated, but GitHub does not provide shell access.
```

**ğŸ‰ ã“ã‚Œã§æ¥ç¶šå®Œäº†!**

---

## ğŸ“¦ ãƒªãƒã‚¸ãƒˆãƒªä½œæˆã¨GitHubé€£æº {#æ—¥å¸¸ã®gitä½œæ¥­}

### ã‚·ãƒŠãƒªã‚ª: æ–°è¦ãƒ—ãƒ­ã‚¸ã‚§ã‚¯ãƒˆã‚’ä½œæˆã—ã¦GitHubã«ã‚¢ãƒƒãƒ—

#### ã‚¹ãƒ†ãƒƒãƒ—1: ãƒ—ãƒ­ã‚¸ã‚§ã‚¯ãƒˆãƒ•ã‚©ãƒ«ãƒ€ã‚’ä½œæˆ

```bash
# projectsãƒ•ã‚©ãƒ«ãƒ€ã«ç§»å‹•
$ cd /c/projects

# ãƒ—ãƒ­ã‚¸ã‚§ã‚¯ãƒˆãƒ•ã‚©ãƒ«ãƒ€ã‚’ä½œæˆ
$ mkdir myapp

# ç§»å‹•
$ cd myapp

# ç¢ºèª
$ pwd
/c/projects/myapp
```

---

#### ã‚¹ãƒ†ãƒƒãƒ—2: Gitãƒªãƒã‚¸ãƒˆãƒªã‚’åˆæœŸåŒ–

```bash
$ git init
```

**ğŸ“– èª­ã¿æ–¹:** `git init` = ã‚®ãƒƒãƒˆãƒ»ã‚¤ãƒ‹ãƒƒãƒˆ (åˆæœŸåŒ–)

**ğŸ’» å®Ÿè¡Œçµæœ:**

```bash
$ git init
Initialized empty Git repository in /c/projects/myapp/.git/
```

**âœ… æˆåŠŸã®è¨¼æ‹ :**
- `Initialized empty Git repository` ã¨è¡¨ç¤º
- `.git` ãƒ•ã‚©ãƒ«ãƒ€ãŒä½œæˆã•ã‚Œã‚‹

**ç¢ºèª:**

```bash
$ ls -la
total 0
drwxr-xr-x 1 User 197121 0 Oct  8 10:00 .
drwxr-xr-x 1 User 197121 0 Oct  8 09:00 ..
drwxr-xr-x 1 User 197121 0 Oct  8 10:00 .git  â† ã“ã‚ŒãŒä½œæˆã•ã‚ŒãŸ!
```

---

#### ã‚¹ãƒ†ãƒƒãƒ—3: ãƒ•ã‚¡ã‚¤ãƒ«ã‚’ä½œæˆ

```bash
# ãƒ¡ã‚¤ãƒ³ãƒ•ã‚¡ã‚¤ãƒ«ã‚’ä½œæˆ
$ touch app.py

# READMEã‚’ä½œæˆ
$ echo "# My App" > README.md

# ç¢ºèª
$ ls
README.md  app.py
```

---

#### ã‚¹ãƒ†ãƒƒãƒ—4: .gitignoreã‚’ä½œæˆ

```bash
$ cat > .gitignore << EOF
__pycache__/
*.pyc
.env
venv/
EOF
```

**ğŸ“– æ„å‘³:** 
- `.gitignore` = Gitã§ç®¡ç†ã—ãªã„ãƒ•ã‚¡ã‚¤ãƒ«ã‚’æŒ‡å®š
- `__pycache__/` = Pythonã®ã‚­ãƒ£ãƒƒã‚·ãƒ¥
- `*.pyc` = ã‚³ãƒ³ãƒ‘ã‚¤ãƒ«æ¸ˆã¿Python
- `.env` = ç’°å¢ƒå¤‰æ•°(ç§˜å¯†æƒ…å ±)
- `venv/` = ä»®æƒ³ç’°å¢ƒ

**ç¢ºèª:**

```bash
$ cat .gitignore
__pycache__/
*.pyc
.env
venv/
```

---

#### ã‚¹ãƒ†ãƒƒãƒ—5: ãƒ•ã‚¡ã‚¤ãƒ«ã‚’ã‚¹ãƒ†ãƒ¼ã‚¸ãƒ³ã‚°

```bash
$ git add .
```

**ğŸ“– èª­ã¿æ–¹:** 
- `git add` = ã‚®ãƒƒãƒˆãƒ»ã‚¢ãƒ‰ (è¿½åŠ )
- `.` = ãƒ‰ãƒƒãƒˆ (å…¨ã¦ã®ãƒ•ã‚¡ã‚¤ãƒ«)

**ğŸ’» å®Ÿè¡Œçµæœ:**

```bash
$ git add .
(ä½•ã‚‚è¡¨ç¤ºã•ã‚Œãªã„ = æˆåŠŸ)
```

**ç¢ºèª:**

```bash
$ git status
On branch main

No commits yet

Changes to be committed:
  (use "git rm --cached <file>..." to unstage)
        new file:   .gitignore
        new file:   README.md
        new file:   app.py
```

**âœ… æˆåŠŸã®è¨¼æ‹ :**
- `Changes to be committed` = ã‚³ãƒŸãƒƒãƒˆæº–å‚™å®Œäº†
- ãƒ•ã‚¡ã‚¤ãƒ«åãŒç·‘è‰²

---

#### ã‚¹ãƒ†ãƒƒãƒ—6: åˆå›ã‚³ãƒŸãƒƒãƒˆ

```bash
$ git commit -m "Initial commit"
```

**ğŸ“– èª­ã¿æ–¹:**
- `git commit` = ã‚®ãƒƒãƒˆãƒ»ã‚³ãƒŸãƒƒãƒˆ (è¨˜éŒ²)
- `-m` = ãƒ¡ãƒƒã‚»ãƒ¼ã‚¸
- `"Initial commit"` = åˆå›ã‚³ãƒŸãƒƒãƒˆã®å®šå‹æ–‡

**ğŸ’» å®Ÿè¡Œçµæœ:**

```bash
$ git commit -m "Initial commit"
[main (root-commit) a1b2c3d] Initial commit
 3 files changed, 5 insertions(+)
 create mode 100644 .gitignore
 create mode 100644 README.md
 create mode 100644 app.py
```

**âœ… æˆåŠŸã®è¨¼æ‹ :**
- `[main a1b2c3d] Initial commit` = ã‚³ãƒŸãƒƒãƒˆæˆåŠŸ
- `3 files changed` = 3ãƒ•ã‚¡ã‚¤ãƒ«ãŒè¨˜éŒ²ã•ã‚ŒãŸ

---

#### ã‚¹ãƒ†ãƒƒãƒ—7: GitHubã«ãƒªãƒã‚¸ãƒˆãƒªã‚’ä½œæˆ

**ğŸŒ ãƒ–ãƒ©ã‚¦ã‚¶ã§æ“ä½œ:**

1. **GitHub.com ã«ãƒ­ã‚°ã‚¤ãƒ³**
2. å³ä¸Šã® **+** ã‚¢ã‚¤ã‚³ãƒ³ â†’ **New repository**
3. å…¥åŠ›:
   - **Repository name:** `myapp`
   - **Description:** ãƒ—ãƒ­ã‚¸ã‚§ã‚¯ãƒˆã®èª¬æ˜(ä»»æ„)
   - **Public** ã¾ãŸã¯ **Private** ã‚’é¸æŠ
   - âš ï¸ **Initialize this repository with:** **å…¨ã¦ãƒã‚§ãƒƒã‚¯ãªã—!**
4. **Create repository** ãƒœã‚¿ãƒ³ã‚’ã‚¯ãƒªãƒƒã‚¯

**ğŸ“Š ä½œæˆå¾Œã®ç”»é¢:**

```
â€¦or push an existing repository from the command line

git remote add origin git@github.com:YourName/myapp.git
git branch -M main
git push -u origin main
```

**ã“ã‚Œã‚’ã‚³ãƒ”ãƒ¼ã—ã¦ä½¿ã„ã¾ã™!**

---

#### ã‚¹ãƒ†ãƒƒãƒ—8: ãƒªãƒ¢ãƒ¼ãƒˆãƒªãƒã‚¸ãƒˆãƒªã‚’ç™»éŒ²

```bash
$ git remote add origin git@github.com:YourName/myapp.git
```

**ğŸ“– èª­ã¿æ–¹:**
- `git remote add` = ã‚®ãƒƒãƒˆãƒ»ãƒªãƒ¢ãƒ¼ãƒˆãƒ»ã‚¢ãƒ‰ (ãƒªãƒ¢ãƒ¼ãƒˆè¿½åŠ )
- `origin` = ã‚ªãƒªã‚¸ãƒ³ (ãƒªãƒ¢ãƒ¼ãƒˆã®åå‰ã€æ…£ä¾‹)
- `git@github.com:YourName/myapp.git` = GitHubã®SSH URL

**ğŸ’» å®Ÿè¡Œçµæœ:**

```bash
$ git remote add origin git@github.com:YourName/myapp.git
(ä½•ã‚‚è¡¨ç¤ºã•ã‚Œãªã„ = æˆåŠŸ)
```

**ç¢ºèª:**

```bash
$ git remote -v
origin  git@github.com:YourName/myapp.git (fetch)
origin  git@github.com:YourName/myapp.git (push)
```

---

#### ã‚¹ãƒ†ãƒƒãƒ—9: GitHubã«ãƒ—ãƒƒã‚·ãƒ¥

```bash
$ git push -u origin main
```

**ğŸ“– èª­ã¿æ–¹:**
- `git push` = ã‚®ãƒƒãƒˆãƒ»ãƒ—ãƒƒã‚·ãƒ¥ (é€ä¿¡)
- `-u` = ãƒ¦ãƒ¼ (upstreamã€ä¸Šæµã‚’è¨­å®š)
- `origin main` = originã®mainãƒ–ãƒ©ãƒ³ãƒã¸

**ğŸ’» å®Ÿè¡Œçµæœ:**

```bash
$ git push -u origin main
Enumerating objects: 5, done.
Counting objects: 100% (5/5), done.
Delta compression using up to 8 threads
Compressing objects: 100% (3/3), done.
Writing objects: 100% (5/5), 456 bytes | 456.00 KiB/s, done.
Total 5 (delta 0), reused 0 (delta 0), pack-reused 0
To github.com:YourName/myapp.git
 * [new branch]      main -> main
Branch 'main' set up to track remote branch 'main' from 'origin'.
```

**âœ… æˆåŠŸã®è¨¼æ‹ :**
- `done.` ãŒè¡¨ç¤ºã•ã‚Œã‚‹
- `[new branch] main -> main` = æ–°ã—ã„ãƒ–ãƒ©ãƒ³ãƒãŒä½œæˆã•ã‚ŒãŸ
- ã‚¨ãƒ©ãƒ¼ãƒ¡ãƒƒã‚»ãƒ¼ã‚¸ãŒç„¡ã„

---

## ğŸ”„ æ—¥å¸¸ã®Gitä½œæ¥­ãƒ•ãƒ­ãƒ¼

### ğŸ“Š å…¨ä½“ã®æµã‚Œå›³

```
1. ã‚³ãƒ¼ãƒ‰ç·¨é›†
   â†“
2. git status (ç¢ºèª)
   â†“
3. git add . (ã‚¹ãƒ†ãƒ¼ã‚¸ãƒ³ã‚°)
   â†“
4. git commit -m "message" (ã‚³ãƒŸãƒƒãƒˆ)
   â†“
5. git push (GitHubã«é€ä¿¡)
```

---

### ã‚¹ãƒ†ãƒƒãƒ—ãƒã‚¤ã‚¹ãƒ†ãƒƒãƒ—

#### 1. ãƒ•ã‚¡ã‚¤ãƒ«ã‚’ç·¨é›†

```bash
$ code app.py
# ã¾ãŸã¯
$ vim app.py
# ã¾ãŸã¯
$ notepad app.py
```

---

#### 2. çŠ¶æ…‹ã‚’ç¢ºèª

```bash
$ git status
```

**ğŸ’» å®Ÿè¡Œçµæœ:**

```bash
$ git status
On branch main
Your branch is up to date with 'origin/main'.

Changes not staged for commit:
  (use "git add <file>..." to update what will be committed)
  (use "git restore <file>..." to discard changes in working directory)
        modified:   app.py

Untracked files:
  (use "git add <file>..." to include in what will be committed)
        utils.py

no changes added to commit (use "git add" and/or "git commit -a")
```

**ğŸ“Š çŠ¶æ…‹ã®èª­ã¿æ–¹:**

```
modified:   app.py     â† èµ¤æ–‡å­— = å¤‰æ›´æ¸ˆã¿(æœªadd)
utils.py              â† èµ¤æ–‡å­— = æ–°è¦ãƒ•ã‚¡ã‚¤ãƒ«(æœªè¿½è·¡)
```

---

#### 3. ãƒ•ã‚¡ã‚¤ãƒ«ã‚’ã‚¹ãƒ†ãƒ¼ã‚¸ãƒ³ã‚°

```bash
$ git add .
```

**ã¾ãŸã¯å€‹åˆ¥ã«è¿½åŠ :**

```bash
$ git add app.py
$ git add utils.py
```

**ç¢ºèª:**

```bash
$ git status
On branch main
Changes to be committed:
  (use "git restore --staged <file>..." to unstage)
        modified:   app.py
        new file:   utils.py
```

**âœ… ç·‘è‰²ã«ãªã£ãŸ = ã‚¹ãƒ†ãƒ¼ã‚¸ãƒ³ã‚°æˆåŠŸ!**

---

#### 4. ã‚³ãƒŸãƒƒãƒˆ

```bash
$ git commit -m "ãƒ¦ãƒ¼ãƒ†ã‚£ãƒªãƒ†ã‚£é–¢æ•°ã‚’è¿½åŠ "
```

**ğŸ’» å®Ÿè¡Œçµæœ:**

```bash
$ git commit -m "ãƒ¦ãƒ¼ãƒ†ã‚£ãƒªãƒ†ã‚£é–¢æ•°ã‚’è¿½åŠ "
[main b2c3d4e] ãƒ¦ãƒ¼ãƒ†ã‚£ãƒªãƒ†ã‚£é–¢æ•°ã‚’è¿½åŠ 
 2 files changed, 25 insertions(+), 5 deletions(-)
 create mode 100644 utils.py
```

**âœ… æˆåŠŸã®è¨¼æ‹ :**
- ã‚³ãƒŸãƒƒãƒˆãƒãƒƒã‚·ãƒ¥ãŒè¡¨ç¤ºã•ã‚Œã‚‹ `b2c3d4e`
- ãƒ•ã‚¡ã‚¤ãƒ«å¤‰æ›´æ•°ãŒè¡¨ç¤ºã•ã‚Œã‚‹

---

#### 5. GitHubã«ãƒ—ãƒƒã‚·ãƒ¥

```bash
$ git push
```

**ğŸ’¡ æ³¨æ„:** åˆå›ã¯ `git push -u origin main` ãŒå¿…è¦ã ãŒã€2å›ç›®ä»¥é™ã¯ `git push` ã ã‘ã§OK

**ğŸ’» å®Ÿè¡Œçµæœ:**

```bash
$ git push
Enumerating objects: 7, done.
Counting objects: 100% (7/7), done.
Delta compression using up to 8 threads
Compressing objects: 100% (4/4), done.
Writing objects: 100% (4/4), 567 bytes | 567.00 KiB/s, done.
Total 4 (delta 2), reused 0 (delta 0), pack-reused 0
remote: Resolving deltas: 100% (2/2), completed with 2 local objects.
To github.com:YourName/myapp.git
   a1b2c3d..b2c3d4e  main -> main
```

**âœ… æˆåŠŸã®è¨¼æ‹ :**
- `done.` ãŒè¡¨ç¤ºã•ã‚Œã‚‹
- `a1b2c3d..b2c3d4e` = ã‚³ãƒŸãƒƒãƒˆç¯„å›²ãŒæ›´æ–°
- ã‚¨ãƒ©ãƒ¼ãƒ¡ãƒƒã‚»ãƒ¼ã‚¸ãŒç„¡ã„

---

## ğŸ“¥ æ—¢å­˜ãƒªãƒã‚¸ãƒˆãƒªã‚’ã‚¯ãƒ­ãƒ¼ãƒ³

### GitHubã‹ã‚‰ãƒ—ãƒ­ã‚¸ã‚§ã‚¯ãƒˆã‚’ãƒ€ã‚¦ãƒ³ãƒ­ãƒ¼ãƒ‰

```bash
# ä¿å­˜å…ˆã«ç§»å‹•
$ cd /c/projects

# ã‚¯ãƒ­ãƒ¼ãƒ³
$ git clone git@github.com:YourName/myapp.git

# ãƒ•ã‚©ãƒ«ãƒ€ã«ç§»å‹•
$ cd myapp
```

**ğŸ’» å®Ÿè¡Œçµæœ:**

```bash
$ git clone git@github.com:YourName/myapp.git
Cloning into 'myapp'...
remote: Enumerating objects: 10, done.
remote: Counting objects: 100% (10/10), done.
remote: Compressing objects: 100% (8/8), done.
Receiving objects: 100% (10/10), 1.23 MiB | 2.00 MiB/s, done.
Resolving deltas: 100% (3/3), done.
```

**âœ… æˆåŠŸã®è¨¼æ‹ :**
- `done.` ãŒè¤‡æ•°å›è¡¨ç¤º
- `Resolving deltas: 100%` = å®Œäº†
- ã‚¨ãƒ©ãƒ¼ãƒ¡ãƒƒã‚»ãƒ¼ã‚¸ãŒç„¡ã„

**ğŸ“Š å›³è§£:**

```
GitHub (ãƒªãƒ¢ãƒ¼ãƒˆ)
    â†“ git clone
ã‚ãªãŸã®PC (ãƒ­ãƒ¼ã‚«ãƒ«)
/c/projects/myapp/
  â”œâ”€â”€ app.py
  â”œâ”€â”€ utils.py
  â””â”€â”€ README.md
```

---

## ğŸ”€ ãƒ–ãƒ©ãƒ³ãƒæ“ä½œ

### ãƒ–ãƒ©ãƒ³ãƒã‚’ä½œæˆã—ã¦åˆ‡ã‚Šæ›¿ãˆ

```bash
$ git checkout -b feature/login
```

**ğŸ“– èª­ã¿æ–¹:**
- `git checkout` = ã‚®ãƒƒãƒˆãƒ»ãƒã‚§ãƒƒã‚¯ã‚¢ã‚¦ãƒˆ (åˆ‡ã‚Šæ›¿ãˆ)
- `-b` = ãƒ–ãƒ©ãƒ³ãƒ (æ–°è¦ä½œæˆ)
- `feature/login` = ãƒ–ãƒ©ãƒ³ãƒå

**ğŸ’» å®Ÿè¡Œçµæœ:**

```bash
$ git checkout -b feature/login
Switched to a new branch 'feature/login'
```

**ç¢ºèª:**

```bash
$ git branch
  main
* feature/login  â† *å° = ç¾åœ¨ã®ãƒ–ãƒ©ãƒ³ãƒ
```

---

### ãƒ–ãƒ©ãƒ³ãƒä¸€è¦§ã‚’è¡¨ç¤º

```bash
# ãƒ­ãƒ¼ã‚«ãƒ«ãƒ–ãƒ©ãƒ³ãƒ
$ git branch
  main
* feature/login

# ãƒªãƒ¢ãƒ¼ãƒˆã‚‚å«ã‚ã¦
$ git branch -a
  main
* feature/login
  remotes/origin/main
  remotes/origin/feature/login
```

---

### ãƒ–ãƒ©ãƒ³ãƒã‚’åˆ‡ã‚Šæ›¿ãˆ

```bash
$ git checkout main
```

**ğŸ’» å®Ÿè¡Œçµæœ:**

```bash
$ git checkout main
Switched to branch 'main'
Your branch is up to date with 'origin/main'.
```

---

### ãƒ–ãƒ©ãƒ³ãƒã‚’ãƒãƒ¼ã‚¸

```bash
# mainã«æˆ»ã‚‹
$ git checkout main

# feature/loginã‚’ãƒãƒ¼ã‚¸
$ git merge feature/login
```

**ğŸ’» å®Ÿè¡Œçµæœ:**

```bash
$ git merge feature/login
Updating a1b2c3d..c3d4e5f
Fast-forward
 login.py | 50 ++++++++++++++++++++++++++++++++++++++++++++++++++
 1 file changed, 50 insertions(+)
 create mode 100644 login.py
```

**âœ… æˆåŠŸã®è¨¼æ‹ :**
- `Fast-forward` = è‡ªå‹•ãƒãƒ¼ã‚¸æˆåŠŸ
- ãƒ•ã‚¡ã‚¤ãƒ«å¤‰æ›´æ•°ãŒè¡¨ç¤º

---

## ğŸ¯ è¨˜å·ã®èª­ã¿æ–¹å®Œå…¨ã‚¬ã‚¤ãƒ‰ {#è¨˜å·ã®èª­ã¿æ–¹}

### ğŸ’² $ (ãƒ‰ãƒ«ãƒãƒ¼ã‚¯)

**âŒ å…¥åŠ›ã—ãªã„!**

```bash
$ git status  â† $ ã¯å…¥åŠ›ã—ãªã„!
```

**ğŸ“Š ç”»é¢ã®è¦‹æ–¹:**

```bash
User@PC MINGW64 /c/projects/myapp (main)
$ git status
  â†‘
  ã“ã‚ŒãŒ$è¨˜å·ã®æ­£ä½“!
  "ã“ã“ã«å…¥åŠ›ã—ã¦ã­"ã¨ã„ã†ç›®å°
```

---

### ğŸ >>> (Python)

**âŒ å…¥åŠ›ã—ãªã„!**

```bash
>>> print("Hello")  â† >>> ã¯å…¥åŠ›ã—ãªã„!
Hello
```

---

### ğŸ“ # (ã‚·ãƒ£ãƒ¼ãƒ—)

**ã‚³ãƒ¡ãƒ³ãƒˆ(èª¬æ˜æ–‡) = å…¥åŠ›ã—ãªãã¦ã‚‚OK**

```bash
$ git add .  # å…¨ãƒ•ã‚¡ã‚¤ãƒ«ã‚’è¿½åŠ 
             â†‘ ã“ã®éƒ¨åˆ†ã¯èª¬æ˜ãªã®ã§å…¥åŠ›ä¸è¦
```

---

### ğŸ“Š è¨˜å·ä¸€è¦§è¡¨

| è¨˜å· | åå‰ | æ„å‘³ | å…¥åŠ›ã™ã‚‹? |
|------|------|------|----------|
| `# ğŸš€ Git/GitBash/Windows å®Œå…¨ã‚¬ã‚¤ãƒ‰ã€å›³è§£ä»˜ãã€‘

## ğŸ“š ç›®æ¬¡

1. [GitBashåŸºæœ¬æ“ä½œ](#gitbashåŸºæœ¬æ“ä½œ)
   - éšå±¤ç§»å‹•(ãƒ•ã‚©ãƒ«ãƒ€ç§»å‹•)
   - ãƒ•ã‚©ãƒ«ãƒ€ä½œæˆ
   - ãƒ•ã‚¡ã‚¤ãƒ«ä½œæˆ
   - ãƒ•ã‚¡ã‚¤ãƒ«ãƒ»ãƒ•ã‚©ãƒ«ãƒ€æ“ä½œ
2. [GitåˆæœŸè¨­å®š](#gitåˆæœŸè¨­å®š)
3. [GitHubé€£æº](#githubé€£æº)
4. [æ—¥å¸¸ã®Gitä½œæ¥­](#æ—¥å¸¸ã®gitä½œæ¥­)
5. [è¨˜å·ã®èª­ã¿æ–¹](#è¨˜å·ã®èª­ã¿æ–¹)
6. [ãƒãƒ¼ãƒˆã‚·ãƒ¼ãƒˆ](#ãƒãƒ¼ãƒˆã‚·ãƒ¼ãƒˆ)

---

## ğŸ–¥ï¸ GitBashåŸºæœ¬æ“ä½œ {#gitbashåŸºæœ¬æ“ä½œ}

### ğŸŒŸ ã¾ãšçŸ¥ã£ã¦ãŠãã¹ãé‡è¦ãªã“ã¨

```bash
# âŒ ã“ã‚Œã¯å…¥åŠ›ã—ãªã„!
$  â† ãƒ—ãƒ­ãƒ³ãƒ—ãƒˆ(ç›®å°)

# âœ… ã“ã‚Œã ã‘å…¥åŠ›ã™ã‚‹!
git status  â† ã‚³ãƒãƒ³ãƒ‰æœ¬ä½“
```

**é‡è¦:** `$` è¨˜å·ã¯**å…¥åŠ›ã—ã¾ã›ã‚“!** ã“ã‚Œã¯ã€Œã“ã“ã«å…¥åŠ›ã—ã¦ã­ã€ã¨ã„ã†ç›®å°ã§ã™ã€‚

---

## ğŸ“‚ éšå±¤ç§»å‹•(ãƒ•ã‚©ãƒ«ãƒ€ç§»å‹•)

### ç¾åœ¨åœ°ã‚’ç¢ºèªã™ã‚‹

```bash
$ pwd
```

**ğŸ“– èª­ã¿æ–¹:** `pwd` = ãƒ”ãƒ¼ãƒ»ãƒ€ãƒ–ãƒªãƒ¥ãƒ¼ãƒ»ãƒ‡ã‚£ãƒ¼ (Print Working Directory)

**ğŸ’» å®Ÿè¡Œçµæœ:**

```bash
$ pwd
/c/Users/YourName
```

**ğŸ“Š æ„å‘³:**
- `/c/` = Cãƒ‰ãƒ©ã‚¤ãƒ–
- `/Users/YourName` = ãƒ¦ãƒ¼ã‚¶ãƒ¼ãƒ•ã‚©ãƒ«ãƒ€
- ç¾åœ¨ã€`C:\Users\YourName` ã«ã„ã‚‹

---

### ğŸ“ Windows ãƒ‘ã‚¹ã¨GitBash ãƒ‘ã‚¹ã®å¯¾å¿œè¡¨

| Windowsè¡¨è¨˜ | GitBashè¡¨è¨˜ | æ„å‘³ |
|------------|------------|------|
| `C:\` | `/c/` | Cãƒ‰ãƒ©ã‚¤ãƒ– |
| `D:\` | `/d/` | Dãƒ‰ãƒ©ã‚¤ãƒ– |
| `C:\Users` | `/c/Users` | ãƒ¦ãƒ¼ã‚¶ãƒ¼ãƒ•ã‚©ãƒ«ãƒ€ |
| `C:\projects\myapp` | `/c/projects/myapp` | ãƒ—ãƒ­ã‚¸ã‚§ã‚¯ãƒˆãƒ•ã‚©ãƒ«ãƒ€ |
| `C:\Program Files` | `/c/Program Files` | ãƒ—ãƒ­ã‚°ãƒ©ãƒ ãƒ•ã‚¡ã‚¤ãƒ« |

**âš ï¸ æ³¨æ„:**
- Windows: ãƒãƒƒã‚¯ã‚¹ãƒ©ãƒƒã‚·ãƒ¥ `\`
- GitBash: ã‚¹ãƒ©ãƒƒã‚·ãƒ¥ `/`

---

### ãƒ•ã‚©ãƒ«ãƒ€ã‚’ç§»å‹•ã™ã‚‹

#### ãƒ‘ã‚¿ãƒ¼ãƒ³1: çµ¶å¯¾ãƒ‘ã‚¹ã§ç§»å‹•

```bash
$ cd /c/projects
```

**ğŸ“– èª­ã¿æ–¹:** `cd` = ã‚·ãƒ¼ãƒ»ãƒ‡ã‚£ãƒ¼ (Change Directory)

**ğŸ’» å®Ÿè¡Œçµæœ:**

```bash
$ cd /c/projects

$ pwd
/c/projects
```

**âœ… æˆåŠŸã®è¨¼æ‹ :** ã‚¨ãƒ©ãƒ¼ãŒå‡ºãªã„ã€`pwd`ã§ç¢ºèªã§ãã‚‹

---

#### ãƒ‘ã‚¿ãƒ¼ãƒ³2: ç›¸å¯¾ãƒ‘ã‚¹ã§ç§»å‹•

```bash
# ç¾åœ¨åœ°
$ pwd
/c/Users/YourName

# Desktopãƒ•ã‚©ãƒ«ãƒ€ã«ç§»å‹•
$ cd Desktop

$ pwd
/c/Users/YourName/Desktop
```

**ğŸ“Š å›³è§£:**

```
ç¾åœ¨åœ°: /c/Users/YourName
         â†“ cd Desktop
ç§»å‹•å…ˆ:  /c/Users/YourName/Desktop
```

---

#### ãƒ‘ã‚¿ãƒ¼ãƒ³3: è¦ªãƒ•ã‚©ãƒ«ãƒ€(ä¸€ã¤ä¸Š)ã«ç§»å‹•

```bash
# ç¾åœ¨åœ°
$ pwd
/c/Users/YourName/Desktop

# ä¸€ã¤ä¸Šã«ç§»å‹•
$ cd ..

$ pwd
/c/Users/YourName
```

**ğŸ“– èª­ã¿æ–¹:** `..` = ãƒ‰ãƒƒãƒˆãƒ»ãƒ‰ãƒƒãƒˆ (è¦ªãƒ•ã‚©ãƒ«ãƒ€)

**ğŸ“Š å›³è§£:**

```
/c/Users/YourName/Desktop  â† ç¾åœ¨åœ°
         â†‘ cd ..
/c/Users/YourName          â† ç§»å‹•å…ˆ
```

---

#### ãƒ‘ã‚¿ãƒ¼ãƒ³4: ãƒ›ãƒ¼ãƒ ãƒ‡ã‚£ãƒ¬ã‚¯ãƒˆãƒªã«ç§»å‹•

```bash
$ cd ~

$ pwd
/c/Users/YourName
```

**ğŸ“– èª­ã¿æ–¹:** `~` = ãƒãƒ«ãƒ€ (ãƒ›ãƒ¼ãƒ ãƒ‡ã‚£ãƒ¬ã‚¯ãƒˆãƒª)

---

#### ãƒ‘ã‚¿ãƒ¼ãƒ³5: è¤‡æ•°éšå±¤ã‚’ä¸€æ°—ã«ç§»å‹•

```bash
# 2ã¤ä¸Šã«ç§»å‹•
$ cd ../..

# 3ã¤ä¸Šã«ç§»å‹•
$ cd ../../..

# ç‰¹å®šã®ãƒ•ã‚©ãƒ«ãƒ€ã«ä¸€æ°—ã«ç§»å‹•
$ cd /c/projects/myapp/src/components
```

---

### ğŸ“‹ ç§»å‹•ã®ã¾ã¨ã‚è¡¨

| ã‚³ãƒãƒ³ãƒ‰ | æ„å‘³ | ä¾‹ |
|---------|------|-----|
| `cd /c/projects` | çµ¶å¯¾ãƒ‘ã‚¹ã§ç§»å‹• | Cãƒ‰ãƒ©ã‚¤ãƒ–ã®projectsã¸ |
| `cd Desktop` | ç›¸å¯¾ãƒ‘ã‚¹ã§ç§»å‹• | ç¾åœ¨åœ°ã‹ã‚‰Desktopã¸ |
| `cd ..` | ä¸€ã¤ä¸Šã«ç§»å‹• | è¦ªãƒ•ã‚©ãƒ«ãƒ€ã¸ |
| `cd ~` | ãƒ›ãƒ¼ãƒ ã«ç§»å‹• | C:\Users\YourName ã¸ |
| `cd -` | ç›´å‰ã®å ´æ‰€ã«æˆ»ã‚‹ | è¡Œãæ¥ã™ã‚‹ |

---

## ğŸ“‚ ãƒ•ã‚©ãƒ«ãƒ€ãƒ»ãƒ•ã‚¡ã‚¤ãƒ«ã‚’è¦‹ã‚‹

### ãƒ•ã‚©ãƒ«ãƒ€ã®ä¸­èº«ã‚’ç¢ºèª

```bash
$ ls
```

**ğŸ“– èª­ã¿æ–¹:** `ls` = ã‚¨ãƒ«ãƒ»ã‚¨ã‚¹ (List)

**ğŸ’» å®Ÿè¡Œçµæœ:**

```bash
$ ls
Desktop  Documents  Downloads  Pictures
```

---

### è©³ç´°è¡¨ç¤º

```bash
$ ls -la
```

**ğŸ“– èª­ã¿æ–¹:** `ls -la` = ã‚¨ãƒ«ãƒ»ã‚¨ã‚¹ãƒ»ã‚ªãƒ—ã‚·ãƒ§ãƒ³ãƒ»ã‚¨ãƒ«ãƒ»ã‚¨ãƒ¼

**ğŸ’» å®Ÿè¡Œçµæœ:**

```bash
$ ls -la
total 8
drwxr-xr-x 1 User 197121    0 Oct  8 10:00 .
drwxr-xr-x 1 User 197121    0 Oct  8 09:00 ..
drwxr-xr-x 1 User 197121    0 Oct  8 10:00 Desktop
drwxr-xr-x 1 User 197121    0 Oct  8 10:00 Documents
-rw-r--r-- 1 User 197121  156 Oct  8 10:00 .bashrc
```

**ğŸ“Š è¦‹æ–¹:**

```
drwxr-xr-x  â† ãƒ•ã‚©ãƒ«ãƒ€
-rw-r--r--  â† ãƒ•ã‚¡ã‚¤ãƒ«
.bashrc     â† .ã§å§‹ã¾ã‚‹ = éš ã—ãƒ•ã‚¡ã‚¤ãƒ«
```

**ã‚ªãƒ—ã‚·ãƒ§ãƒ³è§£èª¬:**
- `-l` = è©³ç´°è¡¨ç¤º (long format)
- `-a` = éš ã—ãƒ•ã‚¡ã‚¤ãƒ«ã‚‚è¡¨ç¤º (all)
- `-la` = ä¸¡æ–¹

---

### ğŸ“Š lsã‚ªãƒ—ã‚·ãƒ§ãƒ³ä¸€è¦§

| ã‚³ãƒãƒ³ãƒ‰ | æ„å‘³ | ã‚ˆãä½¿ã†? |
|---------|------|----------|
| `ls` | åŸºæœ¬è¡¨ç¤º | â­â­â­ |
| `ls -l` | è©³ç´°è¡¨ç¤º | â­â­â­ |
| `ls -a` | éš ã—ãƒ•ã‚¡ã‚¤ãƒ«ã‚‚ | â­â­ |
| `ls -la` | å…¨ã¦è©³ç´°è¡¨ç¤º | â­â­â­ |
| `ls -lh` | ã‚µã‚¤ã‚ºã‚’èª­ã¿ã‚„ã™ã | â­â­ |

---

## ğŸ†• ãƒ•ã‚©ãƒ«ãƒ€ã‚’ä½œæˆã™ã‚‹

### åŸºæœ¬ã®ãƒ•ã‚©ãƒ«ãƒ€ä½œæˆ

```bash
$ mkdir myproject
```

**ğŸ“– èª­ã¿æ–¹:** `mkdir` = ã‚¨ãƒ ã‚±ãƒ¼ãƒ»ãƒ‡ã‚£ãƒ¼ã‚¢ã‚¤ã‚¢ãƒ¼ãƒ« (Make Directory)

**ğŸ’» å®Ÿè¡Œçµæœ:**

```bash
$ mkdir myproject

$ ls
myproject

$ cd myproject

$ pwd
/c/Users/YourName/myproject
```

**âœ… æˆåŠŸã®è¨¼æ‹ :** ã‚¨ãƒ©ãƒ¼ãŒå‡ºãªã„ã€`ls`ã§ç¢ºèªã§ãã‚‹

---

### è¤‡æ•°éšå±¤ã‚’ä¸€æ°—ã«ä½œæˆ

```bash
$ mkdir -p myproject/src/components
```

**ğŸ“– èª­ã¿æ–¹:** `-p` = ãƒ”ãƒ¼ (parentsã€è¦ªãƒ•ã‚©ãƒ«ãƒ€ã‚‚ä½œæˆ)

**ğŸ“Š å›³è§£:**

```
Before:
/c/Users/YourName
  (ä½•ã‚‚ãªã„)

After:
/c/Users/YourName
  â””â”€â”€ myproject
       â””â”€â”€ src
            â””â”€â”€ components
```

**ğŸ’» ç¢ºèª:**

```bash
$ ls -R myproject
myproject:
src

myproject/src:
components

myproject/src/components:
```

---

### è¤‡æ•°ã®ãƒ•ã‚©ãƒ«ãƒ€ã‚’åŒæ™‚ã«ä½œæˆ

```bash
$ mkdir folder1 folder2 folder3
```

**ğŸ’» å®Ÿè¡Œçµæœ:**

```bash
$ mkdir folder1 folder2 folder3

$ ls
folder1  folder2  folder3
```

---

## ğŸ“ ãƒ•ã‚¡ã‚¤ãƒ«ã‚’ä½œæˆã™ã‚‹

### ç©ºãƒ•ã‚¡ã‚¤ãƒ«ã‚’ä½œæˆ

```bash
$ touch app.py
```

**ğŸ“– èª­ã¿æ–¹:** `touch` = ã‚¿ãƒƒãƒ

**ğŸ’» å®Ÿè¡Œçµæœ:**

```bash
$ touch app.py

$ ls
app.py

$ ls -l app.py
-rw-r--r-- 1 User 197121 0 Oct  8 10:00 app.py
                         â†‘ ã‚µã‚¤ã‚º0ãƒã‚¤ãƒˆ = ç©ºãƒ•ã‚¡ã‚¤ãƒ«
```

---

### è¤‡æ•°ãƒ•ã‚¡ã‚¤ãƒ«ã‚’åŒæ™‚ã«ä½œæˆ

```bash
$ touch main.py utils.py config.py
```

**ğŸ’» å®Ÿè¡Œçµæœ:**

```bash
$ touch main.py utils.py config.py

$ ls
config.py  main.py  utils.py
```

---

### ãƒ†ã‚­ã‚¹ãƒˆãƒ•ã‚¡ã‚¤ãƒ«ã«å†…å®¹ã‚’æ›¸ãè¾¼ã‚€

#### ãƒ‘ã‚¿ãƒ¼ãƒ³1: echoã§ä¸€è¡Œæ›¸ãè¾¼ã¿

```bash
$ echo "print('Hello')" > test.py
```

**ğŸ“– èª­ã¿æ–¹:** 
- `echo` = ã‚¨ã‚³ãƒ¼ (è¡¨ç¤º)
- `>` = ãƒªãƒ€ã‚¤ãƒ¬ã‚¯ãƒˆ (ãƒ•ã‚¡ã‚¤ãƒ«ã«æ›¸ãè¾¼ã‚€)

**ğŸ’» å®Ÿè¡Œçµæœ:**

```bash
$ echo "print('Hello')" > test.py

$ cat test.py
print('Hello')
```

**ğŸ“– èª­ã¿æ–¹:** `cat` = ã‚­ãƒ£ãƒƒãƒˆ (ãƒ•ã‚¡ã‚¤ãƒ«å†…å®¹è¡¨ç¤º)

---

#### ãƒ‘ã‚¿ãƒ¼ãƒ³2: è¿½è¨˜ã™ã‚‹

```bash
$ echo "print('World')" >> test.py
```

**ğŸ“– èª­ã¿æ–¹:** `>>` = è¿½è¨˜ãƒªãƒ€ã‚¤ãƒ¬ã‚¯ãƒˆ

**ğŸ’» å®Ÿè¡Œçµæœ:**

```bash
$ cat test.py
print('Hello')
print('World')
```

**âš ï¸ æ³¨æ„:**
- `>` = ä¸Šæ›¸ã (å…ƒã®å†…å®¹ãŒæ¶ˆãˆã‚‹)
- `>>` = è¿½è¨˜ (å…ƒã®å†…å®¹ã«è¿½åŠ )

---

### ğŸ“Š ãƒªãƒ€ã‚¤ãƒ¬ã‚¯ãƒˆè¨˜å·ã¾ã¨ã‚

| è¨˜å· | æ„å‘³ | ä½¿ã„æ–¹ |
|------|------|--------|
| `>` | ä¸Šæ›¸ã | `echo "text" > file.txt` |
| `>>` | è¿½è¨˜ | `echo "text" >> file.txt` |
| `<` | å…¥åŠ› | `command < input.txt` |
| `\|` | ãƒ‘ã‚¤ãƒ— | `ls \| grep "test"` |

---

## ğŸ—‘ï¸ ãƒ•ã‚¡ã‚¤ãƒ«ãƒ»ãƒ•ã‚©ãƒ«ãƒ€ã‚’å‰Šé™¤ã™ã‚‹

### ãƒ•ã‚¡ã‚¤ãƒ«ã‚’å‰Šé™¤

```bash
$ rm test.py
```

**ğŸ“– èª­ã¿æ–¹:** `rm` = ã‚¢ãƒ¼ãƒ«ã‚¨ãƒ  (Remove)

**ğŸ’» å®Ÿè¡Œçµæœ:**

```bash
$ ls
test.py

$ rm test.py

$ ls
(ä½•ã‚‚è¡¨ç¤ºã•ã‚Œãªã„)
```

**âš ï¸ è­¦å‘Š:** å‰Šé™¤ã—ãŸãƒ•ã‚¡ã‚¤ãƒ«ã¯**ã‚´ãƒŸç®±ã«å…¥ã‚‰ãªã„!** å®Œå…¨ã«æ¶ˆãˆã‚‹!

---

### è¤‡æ•°ãƒ•ã‚¡ã‚¤ãƒ«ã‚’å‰Šé™¤

```bash
$ rm file1.txt file2.txt file3.txt
```

---

### ãƒ•ã‚©ãƒ«ãƒ€ã‚’å‰Šé™¤

```bash
$ rm -r myfolder
```

**ğŸ“– èª­ã¿æ–¹:** `-r` = ã‚¢ãƒ¼ãƒ« (recursiveã€å†å¸°çš„ã«å…¨ã¦å‰Šé™¤)

**âš ï¸ è­¦å‘Š:** ãƒ•ã‚©ãƒ«ãƒ€ã®ä¸­èº«ã‚‚**å…¨ã¦æ¶ˆãˆã‚‹!**

---

### ç¢ºèªã—ãªãŒã‚‰å‰Šé™¤

```bash
$ rm -i test.py
rm: remove regular file 'test.py'? y
```

**ğŸ“– èª­ã¿æ–¹:** `-i` = ã‚¢ã‚¤ (interactiveã€å¯¾è©±çš„)

**æ“ä½œæ–¹æ³•:**
- `y` = Yes (å‰Šé™¤ã™ã‚‹)
- `n` = No (å‰Šé™¤ã—ãªã„)

---

### ğŸš¨ å®‰å…¨ãªå‰Šé™¤ã®ãƒ™ã‚¹ãƒˆãƒ—ãƒ©ã‚¯ãƒ†ã‚£ã‚¹

```bash
# âŒ å±é™º! ã„ããªã‚Šå‰Šé™¤
$ rm -rf *

# âœ… å®‰å…¨! ã¾ãšç¢ºèª
$ ls
file1.txt  file2.txt

# âœ… å®‰å…¨! å‰Šé™¤å‰ã«ãƒãƒƒã‚¯ã‚¢ãƒƒãƒ—
$ cp important.txt important.txt.backup

# âœ… å®‰å…¨! ç¢ºèªã—ãªãŒã‚‰å‰Šé™¤
$ rm -i important.txt
```

---

## ğŸ“‹ ãƒ•ã‚¡ã‚¤ãƒ«ãƒ»ãƒ•ã‚©ãƒ«ãƒ€æ“ä½œã¾ã¨ã‚

### ã‚³ãƒ”ãƒ¼

```bash
$ cp source.txt destination.txt
```

**ğŸ“– èª­ã¿æ–¹:** `cp` = ã‚·ãƒ¼ãƒ»ãƒ”ãƒ¼ (Copy)

**ğŸ’» ä¾‹:**

```bash
# ãƒ•ã‚¡ã‚¤ãƒ«ã‚’ã‚³ãƒ”ãƒ¼
$ cp app.py app_backup.py

# ãƒ•ã‚©ãƒ«ãƒ€ã‚’ã‚³ãƒ”ãƒ¼
$ cp -r myfolder myfolder_backup
```

---

### ç§»å‹•ãƒ»ãƒªãƒãƒ¼ãƒ 

```bash
$ mv old.txt new.txt
```

**ğŸ“– èª­ã¿æ–¹:** `mv` = ã‚¨ãƒ ãƒ»ãƒ–ã‚¤ (Move)

**ğŸ’» ä¾‹:**

```bash
# ãƒªãƒãƒ¼ãƒ 
$ mv old_name.py new_name.py

# ç§»å‹•
$ mv file.txt /c/projects/

# ç§»å‹•+ãƒªãƒãƒ¼ãƒ 
$ mv old.txt /c/projects/new.txt
```

---

## ğŸ“Š åŸºæœ¬ã‚³ãƒãƒ³ãƒ‰å®Œå…¨ä¸€è¦§è¡¨

| ã‚³ãƒãƒ³ãƒ‰ | èª­ã¿æ–¹ | æ„å‘³ | ä¾‹ |
|---------|-------|------|-----|
| `pwd` | ãƒ”ãƒ¼ãƒ»ãƒ€ãƒ–ãƒªãƒ¥ãƒ¼ãƒ»ãƒ‡ã‚£ãƒ¼ | ç¾åœ¨åœ°è¡¨ç¤º | `pwd` |
| `cd` | ã‚·ãƒ¼ãƒ»ãƒ‡ã‚£ãƒ¼ | ãƒ•ã‚©ãƒ«ãƒ€ç§»å‹• | `cd /c/projects` |
| `ls` | ã‚¨ãƒ«ãƒ»ã‚¨ã‚¹ | ä¸€è¦§è¡¨ç¤º | `ls -la` |
| `mkdir` | ã‚¨ãƒ ã‚±ãƒ¼ãƒ»ãƒ‡ã‚£ãƒ¼ã‚¢ã‚¤ã‚¢ãƒ¼ãƒ« | ãƒ•ã‚©ãƒ«ãƒ€ä½œæˆ | `mkdir test` |
| `touch` | ã‚¿ãƒƒãƒ | ãƒ•ã‚¡ã‚¤ãƒ«ä½œæˆ | `touch app.py` |
| `rm` | ã‚¢ãƒ¼ãƒ«ã‚¨ãƒ  | å‰Šé™¤ | `rm file.txt` |
| `cp` | ã‚·ãƒ¼ãƒ»ãƒ”ãƒ¼ | ã‚³ãƒ”ãƒ¼ | `cp a.txt b.txt` |
| `mv` | ã‚¨ãƒ ãƒ»ãƒ–ã‚¤ | ç§»å‹•/ãƒªãƒãƒ¼ãƒ  | `mv old.txt new.txt` |
| `cat` | ã‚­ãƒ£ãƒƒãƒˆ | ãƒ•ã‚¡ã‚¤ãƒ«è¡¨ç¤º | `cat app.py` |
| `echo` | ã‚¨ã‚³ãƒ¼ | æ–‡å­—åˆ—è¡¨ç¤º | `echo "test"` |
| `clear` | ã‚¯ãƒªã‚¢ | ç”»é¢ã‚¯ãƒªã‚¢ | `clear` |

---

## ğŸ”§ GitåˆæœŸè¨­å®š {#gitåˆæœŸè¨­å®š}

### ã‚¹ãƒ†ãƒƒãƒ—1: GitãŒã‚¤ãƒ³ã‚¹ãƒˆãƒ¼ãƒ«ã•ã‚Œã¦ã„ã‚‹ã‹ç¢ºèª

```bash
$ git --version
```

**ğŸ’» å®Ÿè¡Œçµæœ:**

```bash
$ git --version
git version 2.42.0.windows.1
```

**âœ… æˆåŠŸ:** ãƒãƒ¼ã‚¸ãƒ§ãƒ³ç•ªå·ãŒè¡¨ç¤ºã•ã‚Œã‚‹  
**âŒ å¤±æ•—:** `command not found` â†’ Gitã‚’ã‚¤ãƒ³ã‚¹ãƒˆãƒ¼ãƒ«

**ğŸ“¥ Gitã‚¤ãƒ³ã‚¹ãƒˆãƒ¼ãƒ«æ–¹æ³•:**
1. https://git-scm.com/download/win ã«ã‚¢ã‚¯ã‚»ã‚¹
2. 64-bitç‰ˆã‚’ãƒ€ã‚¦ãƒ³ãƒ­ãƒ¼ãƒ‰
3. ã‚¤ãƒ³ã‚¹ãƒˆãƒ¼ãƒ©ãƒ¼ã‚’å®Ÿè¡Œ(å…¨ã¦ãƒ‡ãƒ•ã‚©ãƒ«ãƒˆã§OK)
4. GitBashã‚’å†èµ·å‹•

---

### ã‚¹ãƒ†ãƒƒãƒ—2: ãƒ¦ãƒ¼ã‚¶ãƒ¼åã¨ãƒ¡ãƒ¼ãƒ«ã‚¢ãƒ‰ãƒ¬ã‚¹ã‚’è¨­å®š

```bash
$ git config --global user.name "Yamada Taro"
```

**ğŸ“– èª­ã¿æ–¹:**
- `git config` = ã‚®ãƒƒãƒˆãƒ»ã‚³ãƒ³ãƒ•ã‚£ã‚° (è¨­å®š)
- `--global` = ã‚°ãƒ­ãƒ¼ãƒãƒ« (å…¨ä½“ã«é©ç”¨)
- `user.name` = ãƒ¦ãƒ¼ã‚¶ãƒ¼å

**ğŸ’» ã‚³ãƒ”ãƒšç”¨:**

```bash
# åå‰ã‚’è¨­å®š(GitHubã®ãƒ¦ãƒ¼ã‚¶ãƒ¼åã§ã‚‚OK)
git config --global user.name "Yamada Taro"

# ãƒ¡ãƒ¼ãƒ«ã‚¢ãƒ‰ãƒ¬ã‚¹ã‚’è¨­å®š(GitHubã§ä½¿ã£ã¦ã„ã‚‹ãƒ¡ãƒ¼ãƒ«)
git config --global user.email "yamada@example.com"

# ç¢ºèª
git config --list
```

**âœ… æˆåŠŸæ™‚ã®è¡¨ç¤º:**

```bash
$ git config --list
user.name=Yamada Taro
user.email=yamada@example.com
...
```

---

### ã‚¹ãƒ†ãƒƒãƒ—3: ãƒ‡ãƒ•ã‚©ãƒ«ãƒˆãƒ–ãƒ©ãƒ³ãƒåã‚’è¨­å®š

```bash
$ git config --global init.defaultBranch main
```

**ğŸ’¡ ç†ç”±:** æœ€è¿‘ã®GitHubã¯ãƒ‡ãƒ•ã‚©ãƒ«ãƒˆãŒ`main`ã«ãªã£ãŸ

---

### ã‚¹ãƒ†ãƒƒãƒ—4: æ”¹è¡Œã‚³ãƒ¼ãƒ‰è¨­å®š(Windows)

```bash
$ git config --global core.autocrlf true
```

**ğŸ“– èª­ã¿æ–¹:**
- `core.autocrlf` = ã‚³ã‚¢ãƒ»ã‚ªãƒ¼ãƒˆãƒ»ã‚·ãƒ¼ã‚¢ãƒ¼ãƒ«ã‚¨ãƒ«ã‚¨ãƒ• (è‡ªå‹•æ”¹è¡Œå¤‰æ›)
- `true` = æœ‰åŠ¹

**ğŸ’¡ ç†ç”±:** Windowsã¨Mac/Linuxã§æ”¹è¡Œã‚³ãƒ¼ãƒ‰ãŒé•ã†ãŸã‚

---

## ğŸ”‘ GitHubé€£æº {#githubé€£æº}

### ã‚¹ãƒ†ãƒƒãƒ—1: SSHéµã‚’ä½œæˆ

```bash
$ ssh-keygen -t ed25519 -C "yamada@example.com"
```

**ğŸ“– èª­ã¿æ–¹:**
- `ssh-keygen` = ã‚¨ã‚¹ã‚¨ã‚¹ã‚¨ã‚¤ãƒãƒ»ã‚­ãƒ¼ã‚¸ã‚§ãƒ³ (SSHéµç”Ÿæˆ)
- `-t ed25519` = ã‚¿ã‚¤ãƒ—ãƒ»ã‚¤ãƒ¼ãƒ‡ã‚£ãƒ¼25519 (æš—å·åŒ–æ–¹å¼)
- `-C` = ã‚³ãƒ¡ãƒ³ãƒˆ (è­˜åˆ¥ç”¨ãƒ¡ãƒ¼ãƒ«ã‚¢ãƒ‰ãƒ¬ã‚¹)

**ğŸ’» å®Ÿè¡Œä¸­ã®è¡¨ç¤º:**

```bash
$ ssh-keygen -t ed25519 -C "yamada@example.com"
Generating public/private ed25519 key pair.
Enter file in which to save the key (/c/Users/YourName/.ssh/id_ed25519):
```

**ğŸ¯ æ“ä½œ:**
1. ä½•ã‚‚å…¥åŠ›ã›ãš **Enterã‚­ãƒ¼**
2. `Enter passphrase:` â†’ **Enterã‚­ãƒ¼** (ãƒ‘ã‚¹ãƒ¯ãƒ¼ãƒ‰ä¸è¦ãªã‚‰)
3. `Enter same passphrase again:` â†’ **Enterã‚­ãƒ¼**

**âœ… æˆåŠŸæ™‚ã®è¡¨ç¤º:**

```bash
Your identification has been saved in /c/Users/YourName/.ssh/id_ed25519
Your public key has been saved in /c/Users/YourName/.ssh/id_ed25519.pub
The key fingerprint is:
SHA256:xxxxxxxxxxxxxxxxxxxxxxxxxxxxxxxxxxxxx yamada@example.com
```

**ğŸ“Š ä½œæˆã•ã‚ŒãŸãƒ•ã‚¡ã‚¤ãƒ«:**

```
/c/Users/YourName/.ssh/
  â”œâ”€â”€ id_ed25519     â† ç§˜å¯†éµ(çµ¶å¯¾ã«äººã«è¦‹ã›ãªã„!)
  â””â”€â”€ id_ed25519.pub â† å…¬é–‹éµ(GitHubã«ç™»éŒ²ã™ã‚‹)
```

---

### ã‚¹ãƒ†ãƒƒãƒ—2: å…¬é–‹éµã‚’ã‚³ãƒ”ãƒ¼

```bash
$ cat ~/.ssh/id_ed25519.pub
```

**ğŸ’» å®Ÿè¡Œçµæœ:**

```bash
$ cat ~/.ssh/id_ed25519.pub
ssh-ed25519 AAAAC3NzaC1lZDI1NTE5AAAAIGx7h... yamada@example.com
```

**ğŸ¯ æ“ä½œ:**
1. è¡¨ç¤ºã•ã‚ŒãŸ**å…¨æ–‡**ã‚’ã‚³ãƒ”ãƒ¼
2. `ssh-ed25519` ã‹ã‚‰ `yamada@example.com` ã¾ã§å…¨ã¦

---

### ã‚¹ãƒ†ãƒƒãƒ—3: GitHubã«å…¬é–‹éµã‚’ç™»éŒ²

**ğŸŒ ãƒ–ãƒ©ã‚¦ã‚¶ã§æ“ä½œ:**

1. **GitHub.com ã«ãƒ­ã‚°ã‚¤ãƒ³**
2. å³ä¸Šã®ã‚¢ã‚¤ã‚³ãƒ³ã‚’ã‚¯ãƒªãƒƒã‚¯ â†’ **Settings**
3. å·¦ãƒ¡ãƒ‹ãƒ¥ãƒ¼ â†’ **SSH and GPG keys**
4. **New SSH key** ãƒœã‚¿ãƒ³ã‚’ã‚¯ãƒªãƒƒã‚¯
5. å…¥åŠ›:
   - **Title:** `Windows PC` (ã‚ã‹ã‚Šã‚„ã™ã„åå‰)
   - **Key:** ã‚³ãƒ”ãƒ¼ã—ãŸå…¬é–‹éµã‚’è²¼ã‚Šä»˜ã‘
6. **Add SSH key** ãƒœã‚¿ãƒ³ã‚’ã‚¯ãƒªãƒƒã‚¯
7. ãƒ‘ã‚¹ãƒ¯ãƒ¼ãƒ‰ç¢ºèª â†’ å®Œäº†!

**ğŸ“Š å›³è§£:**

```
[GitHub]
    â†‘
    | SSHæ¥ç¶š(æš—å·åŒ–)
    | å…¬é–‹éµã§èªè¨¼
    â†“
[ã‚ãªãŸã®PC]
  ç§˜å¯†éµã§è¨¼æ˜
```

---

### ã‚¹ãƒ†ãƒƒãƒ—4: æ¥ç¶šãƒ†ã‚¹ãƒˆ

```bash
$ ssh -T git@github.com
```

**ğŸ“– èª­ã¿æ–¹:** `ssh -T` = ã‚¨ã‚¹ã‚¨ã‚¹ã‚¨ã‚¤ãƒãƒ»ãƒ†ã‚¹ãƒˆ

**ğŸ’» åˆå›å®Ÿè¡Œæ™‚:**

```bash
$ ssh -T git@github.com
The authenticity of host 'github.com' can't be established.
ED25519 key fingerprint is SHA256:xxxxx...
Are you sure you want to continue connecting (yes/no/[fingerprint])? yes
```

**ğŸ¯ æ“ä½œ:** `yes` ã¨å…¥åŠ›ã—ã¦ Enter

**âœ… æˆåŠŸæ™‚ã®è¡¨ç¤º:**

```bash
Hi YamadaTaro! You've successfully authenticated, but GitHub does not provide shell access.
```

**ğŸ‰ ã“ã‚Œã§æ¥ç¶šå®Œäº†!**

---

## ğŸ“¦ ãƒªãƒã‚¸ãƒˆãƒªä½œæˆã¨GitHubé€£æº {#æ—¥å¸¸ã®gitä½œæ¥­}

### ã‚·ãƒŠãƒªã‚ª: æ–°è¦ãƒ—ãƒ­ã‚¸ã‚§ã‚¯ãƒˆã‚’ä½œæˆã—ã¦GitHubã«ã‚¢ãƒƒãƒ—

#### ã‚¹ãƒ†ãƒƒãƒ—1: ãƒ—ãƒ­ã‚¸ã‚§ã‚¯ãƒˆãƒ•ã‚©ãƒ«ãƒ€ã‚’ä½œæˆ

```bash
# projectsãƒ•ã‚©ãƒ«ãƒ€ã«ç§»å‹•
$ cd /c/projects

# ãƒ—ãƒ­ã‚¸ã‚§ã‚¯ãƒˆãƒ•ã‚©ãƒ«ãƒ€ã‚’ä½œæˆ
$ mkdir myapp

# ç§»å‹•
$ cd myapp

# ç¢ºèª
$ pwd
/c/projects/myapp
```

---

#### ã‚¹ãƒ†ãƒƒãƒ—2: Gitãƒªãƒã‚¸ãƒˆãƒªã‚’åˆæœŸåŒ–

```bash
$ git init
```

**ğŸ“– èª­ã¿æ–¹:** `git init` = ã‚®ãƒƒãƒˆãƒ»ã‚¤ãƒ‹ãƒƒãƒˆ (åˆæœŸåŒ–)

**ğŸ’» å®Ÿè¡Œçµæœ:**

```bash
$ git init
Initialized empty Git repository in /c/projects/myapp/.git/
```

**âœ… æˆåŠŸã®è¨¼æ‹ :**
- `Initialized empty Git repository` ã¨è¡¨ç¤º
- `.git` ãƒ•ã‚©ãƒ«ãƒ€ãŒä½œæˆã•ã‚Œã‚‹

**ç¢ºèª:**

```bash
$ ls -la
total 0
drwxr-xr-x 1 User 197121 0 Oct  8 10:00 .
drwxr-xr-x 1 User 197121 0 Oct  8 09:00 ..
drwxr-xr-x 1 User 197121 0 Oct  8 10:00 .git  â† ã“ã‚ŒãŒä½œæˆã•ã‚ŒãŸ!
```

---

#### ã‚¹ãƒ†ãƒƒãƒ—3: ãƒ•ã‚¡ã‚¤ãƒ«ã‚’ä½œæˆ

```bash
# ãƒ¡ã‚¤ãƒ³ãƒ•ã‚¡ã‚¤ãƒ«ã‚’ä½œæˆ
$ touch app.py

# READMEã‚’ä½œæˆ
$ echo "# My App" > README.md

# ç¢ºèª
$ ls
README.md  app.py
```

---

#### ã‚¹ãƒ†ãƒƒãƒ—4: .gitignoreã‚’ä½œæˆ

```bash
$ cat > .gitignore << EOF
__pycache__/
*.pyc
.env
venv/
EOF
```

**ğŸ“– æ„å‘³:** 
- `.gitignore` = Gitã§ç®¡ç†ã—ãªã„ãƒ•ã‚¡ã‚¤ãƒ«ã‚’æŒ‡å®š
- `__pycache__/` = Pythonã®ã‚­ãƒ£ãƒƒã‚·ãƒ¥
- `*.pyc` = ã‚³ãƒ³ãƒ‘ã‚¤ãƒ«æ¸ˆã¿Python
- `.env` = ç’°å¢ƒå¤‰æ•°(ç§˜å¯†æƒ…å ±)
- `venv/` = ä»®æƒ³ç’°å¢ƒ

**ç¢ºèª:**

```bash
$ cat .gitignore
__pycache__/
*.pyc
.env
venv/
```

---

#### ã‚¹ãƒ†ãƒƒãƒ—5: ãƒ•ã‚¡ã‚¤ãƒ«ã‚’ã‚¹ãƒ†ãƒ¼ã‚¸ãƒ³ã‚°

```bash
$ git add .
```

**ğŸ“– èª­ã¿æ–¹:** 
- `git add` = ã‚®ãƒƒãƒˆãƒ»ã‚¢ãƒ‰ (è¿½åŠ )
- `.` = ãƒ‰ãƒƒãƒˆ (å…¨ã¦ã®ãƒ•ã‚¡ã‚¤ãƒ«)

**ğŸ’» å®Ÿè¡Œçµæœ:**

```bash
$ git add .
(ä½•ã‚‚è¡¨ç¤ºã•ã‚Œãªã„ = æˆåŠŸ)
```

**ç¢ºèª:**

```bash
$ git status
On branch main

No commits yet

Changes to be committed:
  (use "git rm --cached <file>..." to unstage)
        new file:   .gitignore
        new file:   README.md
        new file:   app.py
```

**âœ… æˆåŠŸã®è¨¼æ‹ :**
- `Changes to be committed` = ã‚³ãƒŸãƒƒãƒˆæº–å‚™å®Œäº†
- ãƒ•ã‚¡ã‚¤ãƒ«åãŒç·‘è‰²

---

#### ã‚¹ãƒ†ãƒƒãƒ—6: åˆå›ã‚³ãƒŸãƒƒãƒˆ

```bash
$ git commit -m "Initial commit"
```

**ğŸ“– èª­ã¿æ–¹:**
- `git commit` = ã‚®ãƒƒãƒˆãƒ»ã‚³ãƒŸãƒƒãƒˆ (è¨˜éŒ²)
- `-m` = ãƒ¡ãƒƒã‚»ãƒ¼ã‚¸
- `"Initial commit"` = åˆå›ã‚³ãƒŸãƒƒãƒˆã®å®šå‹æ–‡

**ğŸ’» å®Ÿè¡Œçµæœ:**

```bash
$ git commit -m "Initial commit"
[main (root-commit) a1b2c3d] Initial commit
 3 files changed, 5 insertions(+)
 create mode 100644 .gitignore
 create mode 100644 README.md
 create mode 100644 app.py
```

**âœ… æˆåŠŸã®è¨¼æ‹ :**
- `[main a1b2c3d] Initial commit` = ã‚³ãƒŸãƒƒãƒˆæˆåŠŸ
- `3 files changed` = 3ãƒ•ã‚¡ã‚¤ãƒ«ãŒè¨˜éŒ²ã•ã‚ŒãŸ

---

#### ã‚¹ãƒ†ãƒƒãƒ—7: GitHubã«ãƒªãƒã‚¸ãƒˆãƒªã‚’ä½œæˆ

**ğŸŒ ãƒ–ãƒ©ã‚¦ã‚¶ã§æ“ä½œ:**

1. **GitHub.com ã«ãƒ­ã‚°ã‚¤ãƒ³**
2. å³ä¸Šã® **+** ã‚¢ã‚¤ã‚³ãƒ³ â†’ **New repository**
3. å…¥åŠ›:
   - **Repository name:** `myapp`
   - **Description:** ãƒ—ãƒ­ã‚¸ã‚§ã‚¯ãƒˆã®èª¬æ˜(ä»»æ„)
   - **Public** ã¾ãŸã¯ **Private** ã‚’é¸æŠ
   - âš ï¸ **Initialize this repository with:** **å…¨ã¦ãƒã‚§ãƒƒã‚¯ãªã—!**
4. **Create repository** ãƒœã‚¿ãƒ³ã‚’ã‚¯ãƒªãƒƒã‚¯

**ğŸ“Š ä½œæˆå¾Œã®ç”»é¢:**

```
â€¦or push an existing repository from the command line

git remote add origin git@github.com:YourName/myapp.git
git branch -M main
git push -u origin main
```

**ã“ã‚Œã‚’ã‚³ãƒ”ãƒ¼ã—ã¦ä½¿ã„ã¾ã™!**

---

#### ã‚¹ãƒ†ãƒƒãƒ—8: ãƒªãƒ¢ãƒ¼ãƒˆãƒªãƒã‚¸ãƒˆãƒªã‚’ç™»éŒ²

```bash
$ git remote add origin git@github.com:YourName/myapp.git
```

**ğŸ“– èª­ã¿æ–¹:**
- `git remote add` = ã‚®ãƒƒãƒˆãƒ»ãƒªãƒ¢ãƒ¼ãƒˆãƒ»ã‚¢ãƒ‰ (ãƒªãƒ¢ãƒ¼ãƒˆè¿½åŠ )
- `origin` = ã‚ªãƒªã‚¸ãƒ³ (ãƒªãƒ¢ãƒ¼ãƒˆã®åå‰ã€æ…£ä¾‹)
- `git@github.com:YourName/myapp.git` = GitHubã®SSH URL

**ğŸ’» å®Ÿè¡Œçµæœ:**

```bash
$ git remote add origin git@github.com:YourName/myapp.git
(ä½•ã‚‚è¡¨ç¤ºã•ã‚Œãªã„ = æˆåŠŸ)
```

**ç¢ºèª:**

```bash
$ git remote -v
origin  git@github.com:YourName/myapp.git (fetch)
origin  git@github.com:YourName/myapp.git (push)
```

---

#### ã‚¹ãƒ†ãƒƒãƒ—9: GitHubã«ãƒ—ãƒƒã‚·ãƒ¥

```bash
$ git push -u origin main
```

**ğŸ“– èª­ã¿æ–¹:**
- `git push` = ã‚®ãƒƒãƒˆãƒ»ãƒ—ãƒƒã‚·ãƒ¥ (é€ä¿¡)
- `-u` = ãƒ¦ãƒ¼ (upstreamã€ä¸Šæµã‚’è¨­å®š)
- `origin main` = originã®mainãƒ–ãƒ©ãƒ³ãƒã¸

**ğŸ’» å®Ÿè¡Œçµæœ:**

```bash
$ git push -u origin main
Enumerating objects: 5, done.
Counting objects: 100% (5/5), done.
Delta compression using up to 8 threads
Compressing objects: 100% (3/3), done.
Writing objects: 100% (5/5), 456 bytes | 456.00 KiB/s, done.
Total 5 (delta 0), reused 0 (delta 0), pack-reused 0
To github.com:YourName/myapp.git
 * [new branch]      main -> main
Branch 'main' set up to track remote branch 'main' from 'origin'.
```

**âœ… æˆåŠŸã®è¨¼æ‹ :**
- `done.` ãŒè¡¨ç¤ºã•ã‚Œã‚‹
- `[new branch] main -> main` = æ–°ã—ã„ãƒ–ãƒ©ãƒ³ãƒãŒä½œæˆã•ã‚ŒãŸ
- ã‚¨ãƒ©ãƒ¼ãƒ¡ãƒƒã‚»ãƒ¼ã‚¸ãŒç„¡ã„

---

## ğŸ”„ æ—¥å¸¸ã®Gitä½œæ¥­ãƒ•ãƒ­ãƒ¼

### ğŸ“Š å…¨ä½“ã®æµã‚Œå›³

```
1. ã‚³ãƒ¼ãƒ‰ç·¨é›†
   â†“
2. git status (ç¢ºèª)
   â†“
3. git add . (ã‚¹ãƒ†ãƒ¼ã‚¸ãƒ³ã‚°)
   â†“
4. git commit -m "message" (ã‚³ãƒŸãƒƒãƒˆ)
   â†“
5. git push (GitHubã«é€ä¿¡)
```

---

### ã‚¹ãƒ†ãƒƒãƒ—ãƒã‚¤ã‚¹ãƒ†ãƒƒãƒ—

#### 1. ãƒ•ã‚¡ã‚¤ãƒ«ã‚’ç·¨é›†

```bash
$ code app.py
# ã¾ãŸã¯
$ vim app.py
# ã¾ãŸã¯
$ notepad app.py
```

---

#### 2. çŠ¶æ…‹ã‚’ç¢ºèª

```bash
$ git status
```

**ğŸ’» å®Ÿè¡Œçµæœ:**

```bash
$ git status
On branch main
Your branch is up to date with 'origin/main'.

Changes not staged for commit:
  (use "git add <file>..." to update what will be committed)
 | ãƒ‰ãƒ«ãƒãƒ¼ã‚¯ | GitBashãƒ—ãƒ­ãƒ³ãƒ—ãƒˆ | âŒ NO |
| `>>>` | å¤§ãªã‚Š3ã¤ | Pythonãƒ—ãƒ­ãƒ³ãƒ—ãƒˆ | âŒ NO |
| `...` | ãƒ‰ãƒƒãƒˆ3ã¤ | Pythonç¶šã | âŒ NO |
| `#` | ã‚·ãƒ£ãƒ¼ãƒ— | ã‚³ãƒ¡ãƒ³ãƒˆ | âŒ NO |
| `/` | ã‚¹ãƒ©ãƒƒã‚·ãƒ¥ | ãƒ•ã‚©ãƒ«ãƒ€åŒºåˆ‡ã‚Š | âœ… YES |
| `.` | ãƒ‰ãƒƒãƒˆ | ç¾åœ¨ãƒ•ã‚©ãƒ«ãƒ€ | âœ… YES |
| `..` | ãƒ‰ãƒƒãƒˆ2ã¤ | è¦ªãƒ•ã‚©ãƒ«ãƒ€ | âœ… YES |
| `~` | ãƒãƒ«ãƒ€ | ãƒ›ãƒ¼ãƒ  | âœ… YES |
| `*` | ã‚¢ã‚¹ã‚¿ãƒªã‚¹ã‚¯ | ãƒ¯ã‚¤ãƒ«ãƒ‰ã‚«ãƒ¼ãƒ‰ | âœ… YES |

---

## ğŸ“š å®Œå…¨ãƒãƒ¼ãƒˆã‚·ãƒ¼ãƒˆ {#ãƒãƒ¼ãƒˆã‚·ãƒ¼ãƒˆ}

### ğŸ—‚ï¸ ãƒ•ã‚©ãƒ«ãƒ€ãƒ»ãƒ•ã‚¡ã‚¤ãƒ«æ“ä½œ

```bash
# === ç§»å‹• ===
pwd                        # ç¾åœ¨åœ°ã‚’è¡¨ç¤º
cd /c/projects            # çµ¶å¯¾ãƒ‘ã‚¹ã§ç§»å‹•
cd myapp                  # ç›¸å¯¾ãƒ‘ã‚¹ã§ç§»å‹•
cd ..                     # ä¸€ã¤ä¸Šã«ç§»å‹•
cd ~                      # ãƒ›ãƒ¼ãƒ ã«ç§»å‹•
cd -                      # ç›´å‰ã®å ´æ‰€ã«æˆ»ã‚‹

# === è¡¨ç¤º ===
ls                        # ãƒ•ã‚¡ã‚¤ãƒ«ä¸€è¦§
ls -la                    # è©³ç´°è¡¨ç¤º(éš ã—ãƒ•ã‚¡ã‚¤ãƒ«ã‚‚)
ls -lh                    # ã‚µã‚¤ã‚ºã‚’èª­ã¿ã‚„ã™ã

# === ä½œæˆ ===
mkdir myapp               # ãƒ•ã‚©ãƒ«ãƒ€ä½œæˆ
mkdir -p app/src/utils    # è¤‡æ•°éšå±¤ã‚’ä¸€æ°—ã«ä½œæˆ
touch app.py              # ç©ºãƒ•ã‚¡ã‚¤ãƒ«ä½œæˆ
echo "text" > file.txt    # ä¸Šæ›¸ã
echo "text" >> file.txt   # è¿½è¨˜

# === ã‚³ãƒ”ãƒ¼ãƒ»ç§»å‹• ===
cp a.txt b.txt            # ãƒ•ã‚¡ã‚¤ãƒ«ã‚³ãƒ”ãƒ¼
cp -r folder1 folder2     # ãƒ•ã‚©ãƒ«ãƒ€ã‚³ãƒ”ãƒ¼
mv old.txt new.txt        # ãƒªãƒãƒ¼ãƒ 
mv file.txt /c/projects/  # ç§»å‹•

# === å‰Šé™¤ ===
rm file.txt               # ãƒ•ã‚¡ã‚¤ãƒ«å‰Šé™¤
rm -r folder              # ãƒ•ã‚©ãƒ«ãƒ€å‰Šé™¤
rm -i file.txt            # ç¢ºèªã—ãªãŒã‚‰å‰Šé™¤

# === è¡¨ç¤º ===
cat file.txt              # ãƒ•ã‚¡ã‚¤ãƒ«å†…å®¹è¡¨ç¤º
head file.txt             # å…ˆé ­10è¡Œè¡¨ç¤º
tail file.txt             # æœ«å°¾10è¡Œè¡¨ç¤º
```

---

### ğŸ”§ Gitè¨­å®š

```bash
# === åˆæœŸè¨­å®š ===
git config --global user.name "Your Name"
git config --global user.email "your@email.com"
git config --global init.defaultBranch main
git config --global core.autocrlf true

# === è¨­å®šç¢ºèª ===
git config --list
git config user.name

# === SSHéµ ===
ssh-keygen -t ed25519 -C "your@email.com"
cat ~/.ssh/id_ed25519.pub
ssh -T git@github.com
```

---

### ğŸ“¦ ãƒªãƒã‚¸ãƒˆãƒªæ“ä½œ

```bash
# === åˆæœŸåŒ– ===
git init                  # ãƒªãƒã‚¸ãƒˆãƒªä½œæˆ
git clone git@github.com:user/repo.git  # ã‚¯ãƒ­ãƒ¼ãƒ³

# === ãƒªãƒ¢ãƒ¼ãƒˆ ===
git remote add origin git@github.com:user/repo.git
git remote -v             # ãƒªãƒ¢ãƒ¼ãƒˆç¢ºèª
git remote remove origin  # ãƒªãƒ¢ãƒ¼ãƒˆå‰Šé™¤
```

---

### ğŸ’¾ æ—¥å¸¸ã®Gitæ“ä½œ

```bash
# === åŸºæœ¬ãƒ•ãƒ­ãƒ¼ ===
git status                # çŠ¶æ…‹ç¢ºèª
git add .                 # å…¨ã¦è¿½åŠ 
git add file.txt          # å€‹åˆ¥ã«è¿½åŠ 
git commit -m "message"   # ã‚³ãƒŸãƒƒãƒˆ
git push                  # ãƒ—ãƒƒã‚·ãƒ¥
git pull                  # ãƒ—ãƒ«

# === ãƒ­ã‚°ç¢ºèª ===
git log                   # å±¥æ­´è¡¨ç¤º
git log --oneline         # 1è¡Œã§è¡¨ç¤º
git log --graph --all     # ã‚°ãƒ©ãƒ•è¡¨ç¤º

# === å·®åˆ†ç¢ºèª ===
git diff                  # å¤‰æ›´å·®åˆ†
git diff --staged         # ã‚¹ãƒ†ãƒ¼ã‚¸ãƒ³ã‚°æ¸ˆã¿ã®å·®åˆ†
```

---

### ğŸ”€ ãƒ–ãƒ©ãƒ³ãƒæ“ä½œ

```bash
# === ãƒ–ãƒ©ãƒ³ãƒä½œæˆãƒ»åˆ‡ã‚Šæ›¿ãˆ ===
git branch                # ãƒ–ãƒ©ãƒ³ãƒä¸€è¦§
git branch feature/login  # ãƒ–ãƒ©ãƒ³ãƒä½œæˆ
git checkout main         # ãƒ–ãƒ©ãƒ³ãƒåˆ‡ã‚Šæ›¿ãˆ
git checkout -b feature/test  # ä½œæˆ+åˆ‡ã‚Šæ›¿ãˆ

# === ãƒ–ãƒ©ãƒ³ãƒå‰Šé™¤ ===
git branch -d feature/login   # ãƒ­ãƒ¼ã‚«ãƒ«å‰Šé™¤
git push origin --delete feature/login  # ãƒªãƒ¢ãƒ¼ãƒˆå‰Šé™¤

# === ãƒãƒ¼ã‚¸ ===
git merge feature/login   # ãƒãƒ¼ã‚¸
git merge --abort         # ãƒãƒ¼ã‚¸ä¸­æ­¢
```

---

### ğŸ†˜ ãƒˆãƒ©ãƒ–ãƒ«ã‚·ãƒ¥ãƒ¼ãƒ†ã‚£ãƒ³ã‚°

```bash
# === å–ã‚Šæ¶ˆã— ===
git restore file.txt      # å¤‰æ›´ã‚’ç ´æ£„
git restore --staged file.txt  # ã‚¹ãƒ†ãƒ¼ã‚¸ãƒ³ã‚°å–ã‚Šæ¶ˆã—
git reset --soft HEAD~1   # ã‚³ãƒŸãƒƒãƒˆå–ã‚Šæ¶ˆã—(å¤‰æ›´ã¯æ®‹ã™)
git reset --hard HEAD~1   # ã‚³ãƒŸãƒƒãƒˆå–ã‚Šæ¶ˆã—(å¤‰æ›´ã‚‚å‰Šé™¤)

# === ã‚„ã‚Šç›´ã— ===
git commit --amend        # ç›´å‰ã®ã‚³ãƒŸãƒƒãƒˆã‚’ä¿®æ­£
git revert abc1234        # ã‚³ãƒŸãƒƒãƒˆã‚’å–ã‚Šæ¶ˆã™

# === å¼·åˆ¶æ“ä½œ ===
git push --force-with-lease  # å¼·åˆ¶ãƒ—ãƒƒã‚·ãƒ¥(å®‰å…¨ç‰ˆ)
git clean -fd             # æœªè¿½è·¡ãƒ•ã‚¡ã‚¤ãƒ«ã‚’å‰Šé™¤

# === ä¸€æ™‚é€€é¿ ===
git stash                 # å¤‰æ›´ã‚’ä¸€æ™‚ä¿å­˜
git stash pop             # ä¸€æ™‚ä¿å­˜ã‚’æˆ»ã™
git stash list            # ä¸€æ™‚ä¿å­˜ä¸€è¦§
```

---

## ğŸ¨ ã‚ˆãã‚ã‚‹ã‚·ãƒŠãƒªã‚ªåˆ¥ã‚³ãƒãƒ³ãƒ‰

### ã‚·ãƒŠãƒªã‚ª1: æ–°è¦ãƒ—ãƒ­ã‚¸ã‚§ã‚¯ãƒˆä½œæˆ

```bash
# 1. ãƒ•ã‚©ãƒ«ãƒ€ä½œæˆ
cd /c/projects
mkdir myapp
cd myapp

# 2. GitåˆæœŸåŒ–
git init

# 3. ãƒ•ã‚¡ã‚¤ãƒ«ä½œæˆ
touch app.py README.md
echo "# My App" > README.md

# 4. .gitignoreä½œæˆ
cat > .gitignore << EOF
__pycache__/
*.pyc
.env
venv/
EOF

# 5. åˆå›ã‚³ãƒŸãƒƒãƒˆ
git add .
git commit -m "Initial commit"

# 6. GitHubã«æ¥ç¶š
git remote add origin git@github.com:YourName/myapp.git
git push -u origin main
```

---

### ã‚·ãƒŠãƒªã‚ª2: æ—¢å­˜ãƒ—ãƒ­ã‚¸ã‚§ã‚¯ãƒˆã‚’ã‚¯ãƒ­ãƒ¼ãƒ³

```bash
# 1. ä¿å­˜å…ˆã«ç§»å‹•
cd /c/projects

# 2. ã‚¯ãƒ­ãƒ¼ãƒ³
git clone git@github.com:YourName/myapp.git

# 3. ãƒ•ã‚©ãƒ«ãƒ€ã«ç§»å‹•
cd myapp

# 4. ãƒ–ãƒ©ãƒ³ãƒç¢ºèª
git branch -a

# 5. ä½œæ¥­é–‹å§‹
git checkout -b feature/my-work
```

---

### ã‚·ãƒŠãƒªã‚ª3: æ¯æ—¥ã®ä½œæ¥­ãƒ•ãƒ­ãƒ¼

```bash
# æœ: æœ€æ–°ã‚’å–å¾—
git checkout main
git pull origin main

# ä½œæ¥­ãƒ–ãƒ©ãƒ³ãƒä½œæˆ
git checkout -b feature/new-function

# ã‚³ãƒ¼ãƒ‡ã‚£ãƒ³ã‚°
code app.py

# ç¢ºèª
git status
git diff

# ã‚³ãƒŸãƒƒãƒˆ
git add .
git commit -m "æ–°æ©Ÿèƒ½ã‚’è¿½åŠ "

# ãƒ—ãƒƒã‚·ãƒ¥
git push origin feature/new-function

# GitHub ã§ãƒ—ãƒ«ãƒªã‚¯ã‚¨ã‚¹ãƒˆä½œæˆ
```

---

### ã‚·ãƒŠãƒªã‚ª4: ã‚³ãƒ³ãƒ•ãƒªã‚¯ãƒˆè§£æ±º

```bash
# 1. ãƒ—ãƒ«ã—ã¦ã‚³ãƒ³ãƒ•ãƒªã‚¯ãƒˆç™ºç”Ÿ
git pull origin main
# CONFLICT ãŒè¡¨ç¤ºã•ã‚Œã‚‹

# 2. çŠ¶æ…‹ç¢ºèª
git status
# both modified: app.py

# 3. ãƒ•ã‚¡ã‚¤ãƒ«ã‚’é–‹ã„ã¦ä¿®æ­£
code app.py
# <<<<<<<, =======, >>>>>>> ã‚’å‰Šé™¤ã—ã¦ä¿®æ­£

# 4. è§£æ±ºã‚’ãƒãƒ¼ã‚¯
git add app.py

# 5. ãƒãƒ¼ã‚¸ã‚³ãƒŸãƒƒãƒˆ
git commit -m "Merge main into feature/my-work"

# 6. ãƒ—ãƒƒã‚·ãƒ¥
git push
```

---

## ğŸ“Š GitBashç”»é¢ã®èª­ã¿æ–¹

### ãƒ—ãƒ­ãƒ³ãƒ—ãƒˆã®æ§‹é€ 

```bash
User@PC MINGW64 /c/projects/myapp (main)
$
```

**ğŸ“– å„éƒ¨åˆ†ã®æ„å‘³:**

```
User      â† Windowsã®ãƒ¦ãƒ¼ã‚¶ãƒ¼å
@         â† åŒºåˆ‡ã‚Š
PC        â† ã‚³ãƒ³ãƒ”ãƒ¥ãƒ¼ã‚¿ãƒ¼å
MINGW64   â† GitBashã®ç’°å¢ƒ
/c/projects/myapp  â† ç¾åœ¨ã®ãƒ‘ã‚¹
(main)    â† ç¾åœ¨ã®ãƒ–ãƒ©ãƒ³ãƒå
$         â† ãƒ—ãƒ­ãƒ³ãƒ—ãƒˆ(å…¥åŠ›å¾…ã¡)
```

---

### ãƒ–ãƒ©ãƒ³ãƒè¡¨ç¤ºã®ãƒ‘ã‚¿ãƒ¼ãƒ³

```bash
(main)              â† mainãƒ–ãƒ©ãƒ³ãƒ
(feature/login)     â† feature/loginãƒ–ãƒ©ãƒ³ãƒ
(main|MERGING)      â† ãƒãƒ¼ã‚¸ä¸­
(main|REBASE)       â† ãƒªãƒ™ãƒ¼ã‚¹ä¸­
((no branch))       â† detached HEADçŠ¶æ…‹
```

---

## ğŸ¯ ã‚³ãƒãƒ³ãƒ‰å®Ÿè¡Œçµæœã®èª­ã¿æ–¹

### git status ã®èª­ã¿æ–¹

```bash
$ git status
On branch main                    â† ç¾åœ¨mainãƒ–ãƒ©ãƒ³ãƒ
Your branch is up to date with 'origin/main'.  â† æœ€æ–°

Changes not staged for commit:   â† æœªã‚¹ãƒ†ãƒ¼ã‚¸ãƒ³ã‚°(èµ¤æ–‡å­—)
        modified:   app.py

Untracked files:                  â† æœªè¿½è·¡ãƒ•ã‚¡ã‚¤ãƒ«(èµ¤æ–‡å­—)
        utils.py

no changes added to commit        â† git add ã—ã¦ãªã„
```

**ğŸ“Š çŠ¶æ…‹ã®è¦‹åˆ†ã‘æ–¹:**

```
âœ… nothing to commit, working tree clean
   â†’ å…¨ã¦ã‚¯ãƒªãƒ¼ãƒ³ã€å¤‰æ›´ãªã—

âš ï¸ Changes not staged for commit
   â†’ å¤‰æ›´ã‚ã‚Šã€git add ãŒå¿…è¦

âœ… Changes to be committed
   â†’ ã‚¹ãƒ†ãƒ¼ã‚¸ãƒ³ã‚°æ¸ˆã¿ã€git commit ãŒå¿…è¦

âš ï¸ Your branch is ahead of 'origin/main' by 1 commit
   â†’ git push ãŒå¿…è¦

âš ï¸ Your branch is behind 'origin/main' by 1 commit
   â†’ git pull ãŒå¿…è¦
```

---

### git log ã®èª­ã¿æ–¹

```bash
$ git log --oneline
b2c3d4e (HEAD -> main, origin/main) æ–°æ©Ÿèƒ½ã‚’è¿½åŠ 
a1b2c3d Initial commit
```

**ğŸ“– å„éƒ¨åˆ†ã®æ„å‘³:**

```
b2c3d4e              â† ã‚³ãƒŸãƒƒãƒˆãƒãƒƒã‚·ãƒ¥(ID)
(HEAD -> main)       â† HEADã®ä½ç½®(ç¾åœ¨åœ°)
origin/main          â† ãƒªãƒ¢ãƒ¼ãƒˆã®main
æ–°æ©Ÿèƒ½ã‚’è¿½åŠ          â† ã‚³ãƒŸãƒƒãƒˆãƒ¡ãƒƒã‚»ãƒ¼ã‚¸
```

---

### git push ã®èª­ã¿æ–¹

```bash
$ git push
Enumerating objects: 5, done.           â† ã‚ªãƒ–ã‚¸ã‚§ã‚¯ãƒˆæ•°ãˆä¸­
Counting objects: 100% (5/5), done.     â† ã‚«ã‚¦ãƒ³ãƒˆå®Œäº†
Delta compression using up to 8 threads â† åœ§ç¸®ä¸­
Compressing objects: 100% (3/3), done.  â† åœ§ç¸®å®Œäº†
Writing objects: 100% (3/3), done.      â† æ›¸ãè¾¼ã¿å®Œäº†
Total 3 (delta 1), reused 0 (delta 0)  â† çµ±è¨ˆ
To github.com:YourName/myapp.git
   a1b2c3d..b2c3d4e  main -> main       â† æ›´æ–°ç¯„å›²
```

**âœ… æˆåŠŸã®è¨¼æ‹ :**
- `done.` ãŒè¤‡æ•°è¡¨ç¤º
- `100%` ãŒè¡¨ç¤º
- ã‚¨ãƒ©ãƒ¼ãƒ¡ãƒƒã‚»ãƒ¼ã‚¸ãŒç„¡ã„

---

## ğŸ†˜ ã‚ˆãã‚ã‚‹ã‚¨ãƒ©ãƒ¼ã¨è§£æ±ºæ–¹æ³•

### ã‚¨ãƒ©ãƒ¼1: Permission denied (publickey)

```bash
$ git push
git@github.com: Permission denied (publickey).
fatal: Could not read from remote repository.
```

**åŸå› :** SSHéµãŒç™»éŒ²ã•ã‚Œã¦ã„ãªã„

**è§£æ±ºæ–¹æ³•:**

```bash
# 1. SSHéµã‚’ä½œæˆ
ssh-keygen -t ed25519 -C "your@email.com"

# 2. å…¬é–‹éµã‚’ã‚³ãƒ”ãƒ¼
cat ~/.ssh/id_ed25519.pub

# 3. GitHubã«ç™»éŒ²(ãƒ–ãƒ©ã‚¦ã‚¶)
# Settings â†’ SSH and GPG keys â†’ New SSH key

# 4. æ¥ç¶šãƒ†ã‚¹ãƒˆ
ssh -T git@github.com
```

---

### ã‚¨ãƒ©ãƒ¼2: fatal: not a git repository

```bash
$ git status
fatal: not a git repository (or any of the parent directories): .git
```

**åŸå› :** Gitãƒªãƒã‚¸ãƒˆãƒªã§ã¯ãªã„ãƒ•ã‚©ãƒ«ãƒ€ã§å®Ÿè¡Œ

**è§£æ±ºæ–¹æ³•:**

```bash
# ãƒ‘ã‚¿ãƒ¼ãƒ³A: æ­£ã—ã„ãƒ•ã‚©ãƒ«ãƒ€ã«ç§»å‹•
cd /c/projects/myapp
git status

# ãƒ‘ã‚¿ãƒ¼ãƒ³B: æ–°è¦ãƒªãƒã‚¸ãƒˆãƒªä½œæˆ
git init
```

---

### ã‚¨ãƒ©ãƒ¼3: Your branch is behind

```bash
$ git push
! [rejected] main -> main (fetch first)
error: failed to push some refs
```

**åŸå› :** ãƒªãƒ¢ãƒ¼ãƒˆã®æ–¹ãŒæ–°ã—ã„

**è§£æ±ºæ–¹æ³•:**

```bash
# 1. æœ€æ–°ã‚’å–å¾—
git pull origin main

# 2. ã‚³ãƒ³ãƒ•ãƒªã‚¯ãƒˆãŒã‚ã‚Œã°è§£æ±º

# 3. å†åº¦ãƒ—ãƒƒã‚·ãƒ¥
git push
```

---

### ã‚¨ãƒ©ãƒ¼4: Please commit your changes or stash them

```bash
$ git pull
error: Your local changes to the following files would be overwritten by merge:
        app.py
Please commit your changes or stash them before you merge.
```

**åŸå› :** æœªã‚³ãƒŸãƒƒãƒˆã®å¤‰æ›´ãŒã‚ã‚‹

**è§£æ±ºæ–¹æ³•A: ã‚³ãƒŸãƒƒãƒˆã™ã‚‹**

```bash
git add .
git commit -m "ä½œæ¥­ä¸­ã®å¤‰æ›´ã‚’ä¿å­˜"
git pull
```

**è§£æ±ºæ–¹æ³•B: ä¸€æ™‚é€€é¿ã™ã‚‹**

```bash
git stash
git pull
git stash pop
```

---

## ğŸ’¡ ä¾¿åˆ©ãªã‚¨ã‚¤ãƒªã‚¢ã‚¹è¨­å®š

### ã‚ˆãä½¿ã†ã‚³ãƒãƒ³ãƒ‰ã‚’çŸ­ç¸®

```bash
# ã‚¨ã‚¤ãƒªã‚¢ã‚¹è¨­å®š
git config --global alias.st status
git config --global alias.co checkout
git config --global alias.br branch
git config --global alias.cm commit
git config --global alias.lg "log --oneline --graph --all"

# ä½¿ã„æ–¹
git st      # = git status
git co main # = git checkout main
git br      # = git branch
git cm -m "message"  # = git commit -m "message"
git lg      # = git log --oneline --graph --all
```

---

## ğŸ“ ã¾ã¨ã‚

### æœ€é‡è¦ã‚³ãƒãƒ³ãƒ‰ Top 10

```bash
1.  pwd               # ç¾åœ¨åœ°ç¢ºèª
2.  cd                # ãƒ•ã‚©ãƒ«ãƒ€ç§»å‹•
3.  ls                # ãƒ•ã‚¡ã‚¤ãƒ«ä¸€è¦§
4.  git status        # çŠ¶æ…‹ç¢ºèª
5.  git add .         # ã‚¹ãƒ†ãƒ¼ã‚¸ãƒ³ã‚°
6.  git commit -m     # ã‚³ãƒŸãƒƒãƒˆ
7.  git push          # ãƒ—ãƒƒã‚·ãƒ¥
8.  git pull          # ãƒ—ãƒ«
9.  git checkout -b   # ãƒ–ãƒ©ãƒ³ãƒä½œæˆ+åˆ‡ã‚Šæ›¿ãˆ
10. git clone         # ã‚¯ãƒ­ãƒ¼ãƒ³
```

---

### æ¯æ—¥ä½¿ã†åŸºæœ¬ãƒ•ãƒ­ãƒ¼

```bash
# === æœ ===
git checkout main
git pull origin main

# === ä½œæ¥­é–‹å§‹ ===
git checkout -b feature/new-task

# === ã‚³ãƒ¼ãƒ‡ã‚£ãƒ³ã‚° ===
code app.py

# === ä¿å­˜ ===
git add .
git commit -m "æ–°æ©Ÿèƒ½ã‚’å®Ÿè£…"
git push origin feature/new-task

# === GitHub ã§ãƒ—ãƒ«ãƒªã‚¯ã‚¨ã‚¹ãƒˆ ===
```

---

### å›°ã£ãŸæ™‚ã®å¯¾å‡¦æ³•

```bash
# çŠ¶æ…‹ç¢ºèª
git status

# å±¥æ­´ç¢ºèª
git log --oneline -5

# å·®åˆ†ç¢ºèª
git diff

# ã‚„ã‚Šç›´ã—
git restore file.txt        # å¤‰æ›´ã‚’ç ´æ£„
git reset --soft HEAD~1     # ã‚³ãƒŸãƒƒãƒˆå–ã‚Šæ¶ˆã—

# ä¸­æ–­
git merge --abort           # ãƒãƒ¼ã‚¸ä¸­æ­¢
git rebase --abort          # ãƒªãƒ™ãƒ¼ã‚¹ä¸­æ­¢

# ä¸€æ™‚é€€é¿
git stash                   # å¤‰æ›´ã‚’é€€é¿
git stash pop               # å¤‰æ›´ã‚’æˆ»ã™
```

---

## ğŸ‰ ãŠã‚ã‚Šã«

ã“ã‚Œã§ **GitBash** ã¨ **Git** ã¨ **GitHub** ã®åŸºæœ¬æ“ä½œã¯å®Œç’§ã§ã™!

**è¦šãˆã¦ãŠãã¹ã3ã¤ã®ãƒã‚¤ãƒ³ãƒˆ:**

1. **$ ã‚„ >>> ã¯å…¥åŠ›ã—ãªã„!** (è¨˜å·ã®å¾Œã‚ã ã‘ã‚³ãƒ”ãƒš)
2. **git status ã§ã„ã¤ã§ã‚‚ç¢ºèª!** (è¿·ã£ãŸã‚‰ã“ã‚Œ)
3. **å›°ã£ãŸã‚‰ --abort ã§ä¸­æ­¢!** (ã„ã¤ã§ã‚‚ã‚„ã‚Šç›´ã›ã‚‹)

---

**ğŸ“š å‚è€ƒè³‡æ–™:**
- [Gitå…¬å¼ãƒ‰ã‚­ãƒ¥ãƒ¡ãƒ³ãƒˆ](https://git-scm.com/book/ja/v2)
- [GitHubå…¬å¼ãƒ‰ã‚­ãƒ¥ãƒ¡ãƒ³ãƒˆ](https://docs.github.com/ja)
- [Learn Git Branching](https://learngitbranching.js.org/?locale=ja)

**ğŸ“ æ¬¡ã®ã‚¹ãƒ†ãƒƒãƒ—:**
- ãƒ–ãƒ©ãƒ³ãƒæˆ¦ç•¥ã‚’å­¦ã¶
- ãƒ—ãƒ«ãƒªã‚¯ã‚¨ã‚¹ãƒˆã®ä½œã‚Šæ–¹
- ãƒãƒ¼ãƒ é–‹ç™ºã®ãƒ™ã‚¹ãƒˆãƒ—ãƒ©ã‚¯ãƒ†ã‚£ã‚¹

Happy Coding! ğŸš€
