ğŸš€ GitGitBashWindows å®Œå…¨ã‚¬ã‚¤ãƒ‰ã€å›³è§£ä»˜ãã€‘
# ğŸš€ Git/GitBash/Windows å®Œå…¨ã‚¬ã‚¤ãƒ‰ã€å›³è§£ä»˜ãã€‘

## ğŸ“š ç›®æ¬¡

1. [GitBashåŸºæœ¬æ“ä½œ](#gitbashåŸºæœ¬æ“ä½œ)
   - éšå±¤ç§»å‹•(ãƒ•ã‚©ãƒ«ãƒ€ç§»å‹•)
   - ãƒ•ã‚©ãƒ«ãƒ€ä½œæˆ
   - ãƒ•ã‚¡ã‚¤ãƒ«ä½œæˆ
   - ãƒ•ã‚¡ã‚¤ãƒ«ãƒ»ãƒ•ã‚©ãƒ«ãƒ€æ“ä½œ
2. [GitåˆæœŸè¨­å®š](#gitåˆæœŸè¨­å®š)
3. [GitHubé€£æº](#githubé€£æº)
4. [æ—¥å¸¸ã®Gitä½œæ¥­](#æ—¥å¸¸ã®gitä½œæ¥­)
5. [è¨˜å·ã®èª­ã¿æ–¹](#è¨˜å·ã®èª­ã¿æ–¹)
6. [ãƒãƒ¼ãƒˆã‚·ãƒ¼ãƒˆ](#ãƒãƒ¼ãƒˆã‚·ãƒ¼ãƒˆ)

---

## ğŸ–¥ï¸ GitBashåŸºæœ¬æ“ä½œ {#gitbashåŸºæœ¬æ“ä½œ}

### ğŸŒŸ ã¾ãšçŸ¥ã£ã¦ãŠãã¹ãé‡è¦ãªã“ã¨

```bash
# âŒ ã“ã‚Œã¯å…¥åŠ›ã—ãªã„!
$  â† ãƒ—ãƒ­ãƒ³ãƒ—ãƒˆ(ç›®å°)

# âœ… ã“ã‚Œã ã‘å…¥åŠ›ã™ã‚‹!
git status  â† ã‚³ãƒãƒ³ãƒ‰æœ¬ä½“
```

**é‡è¦:** `$` è¨˜å·ã¯**å…¥åŠ›ã—ã¾ã›ã‚“!** ã“ã‚Œã¯ã€Œã“ã“ã«å…¥åŠ›ã—ã¦ã­ã€ã¨ã„ã†ç›®å°ã§ã™ã€‚

---

## ğŸ“‚ éšå±¤ç§»å‹•(ãƒ•ã‚©ãƒ«ãƒ€ç§»å‹•)

### ç¾åœ¨åœ°ã‚’ç¢ºèªã™ã‚‹

```bash
$ pwd
```

**ğŸ“– èª­ã¿æ–¹:** `pwd` = ãƒ”ãƒ¼ãƒ»ãƒ€ãƒ–ãƒªãƒ¥ãƒ¼ãƒ»ãƒ‡ã‚£ãƒ¼ (Print Working Directory)

**ğŸ’» å®Ÿè¡Œçµæœ:**

```bash
$ pwd
/c/Users/YourName
```

**ğŸ“Š æ„å‘³:**
- `/c/` = Cãƒ‰ãƒ©ã‚¤ãƒ–
- `/Users/YourName` = ãƒ¦ãƒ¼ã‚¶ãƒ¼ãƒ•ã‚©ãƒ«ãƒ€
- ç¾åœ¨ã€`C:\Users\YourName` ã«ã„ã‚‹

---

### ğŸ“ Windows ãƒ‘ã‚¹ã¨GitBash ãƒ‘ã‚¹ã®å¯¾å¿œè¡¨

| Windowsè¡¨è¨˜ | GitBashè¡¨è¨˜ | æ„å‘³ |
|------------|------------|------|
| `C:\` | `/c/` | Cãƒ‰ãƒ©ã‚¤ãƒ– |
| `D:\` | `/d/` | Dãƒ‰ãƒ©ã‚¤ãƒ– |
| `C:\Users` | `/c/Users` | ãƒ¦ãƒ¼ã‚¶ãƒ¼ãƒ•ã‚©ãƒ«ãƒ€ |
| `C:\projects\myapp` | `/c/projects/myapp` | ãƒ—ãƒ­ã‚¸ã‚§ã‚¯ãƒˆãƒ•ã‚©ãƒ«ãƒ€ |
| `C:\Program Files` | `/c/Program Files` | ãƒ—ãƒ­ã‚°ãƒ©ãƒ ãƒ•ã‚¡ã‚¤ãƒ« |

**âš ï¸ æ³¨æ„:**
- Windows: ãƒãƒƒã‚¯ã‚¹ãƒ©ãƒƒã‚·ãƒ¥ `\`
- GitBash: ã‚¹ãƒ©ãƒƒã‚·ãƒ¥ `/`

---

### ãƒ•ã‚©ãƒ«ãƒ€ã‚’ç§»å‹•ã™ã‚‹

#### ãƒ‘ã‚¿ãƒ¼ãƒ³1: çµ¶å¯¾ãƒ‘ã‚¹ã§ç§»å‹•

```bash
$ cd /c/projects
```

**ğŸ“– èª­ã¿æ–¹:** `cd` = ã‚·ãƒ¼ãƒ»ãƒ‡ã‚£ãƒ¼ (Change Directory)

**ğŸ’» å®Ÿè¡Œçµæœ:**

```bash
$ cd /c/projects

$ pwd
/c/projects
```

**âœ… æˆåŠŸã®è¨¼æ‹ :** ã‚¨ãƒ©ãƒ¼ãŒå‡ºãªã„ã€`pwd`ã§ç¢ºèªã§ãã‚‹

---

#### ãƒ‘ã‚¿ãƒ¼ãƒ³2: ç›¸å¯¾ãƒ‘ã‚¹ã§ç§»å‹•

```bash
# ç¾åœ¨åœ°
$ pwd
/c/Users/YourName

# Desktopãƒ•ã‚©ãƒ«ãƒ€ã«ç§»å‹•
$ cd Desktop

$ pwd
/c/Users/YourName/Desktop
```

**ğŸ“Š å›³è§£:**

```
ç¾åœ¨åœ°: /c/Users/YourName
         â†“ cd Desktop
ç§»å‹•å…ˆ:  /c/Users/YourName/Desktop
```

---

#### ãƒ‘ã‚¿ãƒ¼ãƒ³3: è¦ªãƒ•ã‚©ãƒ«ãƒ€(ä¸€ã¤ä¸Š)ã«ç§»å‹•

```bash
# ç¾åœ¨åœ°
$ pwd
/c/Users/YourName/Desktop

# ä¸€ã¤ä¸Šã«ç§»å‹•
$ cd ..

$ pwd
/c/Users/YourName
```

**ğŸ“– èª­ã¿æ–¹:** `..` = ãƒ‰ãƒƒãƒˆãƒ»ãƒ‰ãƒƒãƒˆ (è¦ªãƒ•ã‚©ãƒ«ãƒ€)

**ğŸ“Š å›³è§£:**

```
/c/Users/YourName/Desktop  â† ç¾åœ¨åœ°
         â†‘ cd ..
/c/Users/YourName          â† ç§»å‹•å…ˆ
```

---

#### ãƒ‘ã‚¿ãƒ¼ãƒ³4: ãƒ›ãƒ¼ãƒ ãƒ‡ã‚£ãƒ¬ã‚¯ãƒˆãƒªã«ç§»å‹•

```bash
$ cd ~

$ pwd
/c/Users/YourName
```

**ğŸ“– èª­ã¿æ–¹:** `~` = ãƒãƒ«ãƒ€ (ãƒ›ãƒ¼ãƒ ãƒ‡ã‚£ãƒ¬ã‚¯ãƒˆãƒª)

---

#### ãƒ‘ã‚¿ãƒ¼ãƒ³5: è¤‡æ•°éšå±¤ã‚’ä¸€æ°—ã«ç§»å‹•

```bash
# 2ã¤ä¸Šã«ç§»å‹•
$ cd ../..

# 3ã¤ä¸Šã«ç§»å‹•
$ cd ../../..

# ç‰¹å®šã®ãƒ•ã‚©ãƒ«ãƒ€ã«ä¸€æ°—ã«ç§»å‹•
$ cd /c/projects/myapp/src/components
```

---

### ğŸ“‹ ç§»å‹•ã®ã¾ã¨ã‚è¡¨

| ã‚³ãƒãƒ³ãƒ‰ | æ„å‘³ | ä¾‹ |
|---------|------|-----|
| `cd /c/projects` | çµ¶å¯¾ãƒ‘ã‚¹ã§ç§»å‹• | Cãƒ‰ãƒ©ã‚¤ãƒ–ã®projectsã¸ |
| `cd Desktop` | ç›¸å¯¾ãƒ‘ã‚¹ã§ç§»å‹• | ç¾åœ¨åœ°ã‹ã‚‰Desktopã¸ |
| `cd ..` | ä¸€ã¤ä¸Šã«ç§»å‹• | è¦ªãƒ•ã‚©ãƒ«ãƒ€ã¸ |
| `cd ~` | ãƒ›ãƒ¼ãƒ ã«ç§»å‹• | C:\Users\YourName ã¸ |
| `cd -` | ç›´å‰ã®å ´æ‰€ã«æˆ»ã‚‹ | è¡Œãæ¥ã™ã‚‹ |

---

## ğŸ“‚ ãƒ•ã‚©ãƒ«ãƒ€ãƒ»ãƒ•ã‚¡ã‚¤ãƒ«ã‚’è¦‹ã‚‹

### ãƒ•ã‚©ãƒ«ãƒ€ã®ä¸­èº«ã‚’ç¢ºèª

```bash
$ ls
```

**ğŸ“– èª­ã¿æ–¹:** `ls` = ã‚¨ãƒ«ãƒ»ã‚¨ã‚¹ (List)

**ğŸ’» å®Ÿè¡Œçµæœ:**

```bash
$ ls
Desktop  Documents  Downloads  Pictures
```

---

### è©³ç´°è¡¨ç¤º

```bash
$ ls -la
```

**ğŸ“– èª­ã¿æ–¹:** `ls -la` = ã‚¨ãƒ«ãƒ»ã‚¨ã‚¹ãƒ»ã‚ªãƒ—ã‚·ãƒ§ãƒ³ãƒ»ã‚¨ãƒ«ãƒ»ã‚¨ãƒ¼

**ğŸ’» å®Ÿè¡Œçµæœ:**

```bash
$ ls -la
total 8
drwxr-xr-x 1 User 197121    0 Oct  8 10:00 .
drwxr-xr-x 1 User 197121    0 Oct  8 09:00 ..
drwxr-xr-x 1 User 197121    0 Oct  8 10:00 Desktop
drwxr-xr-x 1 User 197121    0 Oct  8 10:00 Documents
-rw-r--r-- 1 User 197121  156 Oct  8 10:00 .bashrc
```

**ğŸ“Š è¦‹æ–¹:**

```
drwxr-xr-x  â† ãƒ•ã‚©ãƒ«ãƒ€
-rw-r--r--  â† ãƒ•ã‚¡ã‚¤ãƒ«
.bashrc     â† .ã§å§‹ã¾ã‚‹ = éš ã—ãƒ•ã‚¡ã‚¤ãƒ«
```

**ã‚ªãƒ—ã‚·ãƒ§ãƒ³è§£èª¬:**
- `-l` = è©³ç´°è¡¨ç¤º (long format)
- `-a` = éš ã—ãƒ•ã‚¡ã‚¤ãƒ«ã‚‚è¡¨ç¤º (all)
- `-la` = ä¸¡æ–¹

---

### ğŸ“Š lsã‚ªãƒ—ã‚·ãƒ§ãƒ³ä¸€è¦§

| ã‚³ãƒãƒ³ãƒ‰ | æ„å‘³ | ã‚ˆãä½¿ã†? |
|---------|------|----------|
| `ls` | åŸºæœ¬è¡¨ç¤º | â­â­â­ |
| `ls -l` | è©³ç´°è¡¨ç¤º | â­â­â­ |
| `ls -a` | éš ã—ãƒ•ã‚¡ã‚¤ãƒ«ã‚‚ | â­â­ |
| `ls -la` | å…¨ã¦è©³ç´°è¡¨ç¤º | â­â­â­ |
| `ls -lh` | ã‚µã‚¤ã‚ºã‚’èª­ã¿ã‚„ã™ã | â­â­ |

---

## ğŸ†• ãƒ•ã‚©ãƒ«ãƒ€ã‚’ä½œæˆã™ã‚‹

### åŸºæœ¬ã®ãƒ•ã‚©ãƒ«ãƒ€ä½œæˆ

```bash
$ mkdir myproject
```

**ğŸ“– èª­ã¿æ–¹:** `mkdir` = ã‚¨ãƒ ã‚±ãƒ¼ãƒ»ãƒ‡ã‚£ãƒ¼ã‚¢ã‚¤ã‚¢ãƒ¼ãƒ« (Make Directory)

**ğŸ’» å®Ÿè¡Œçµæœ:**

```bash
$ mkdir myproject

$ ls
myproject

$ cd myproject

$ pwd
/c/Users/YourName/myproject
```

**âœ… æˆåŠŸã®è¨¼æ‹ :** ã‚¨ãƒ©ãƒ¼ãŒå‡ºãªã„ã€`ls`ã§ç¢ºèªã§ãã‚‹

---

### è¤‡æ•°éšå±¤ã‚’ä¸€æ°—ã«ä½œæˆ

```bash
$ mkdir -p myproject/src/components
```

**ğŸ“– èª­ã¿æ–¹:** `-p` = ãƒ”ãƒ¼ (parentsã€è¦ªãƒ•ã‚©ãƒ«ãƒ€ã‚‚ä½œæˆ)

**ğŸ“Š å›³è§£:**

```
Before:
/c/Users/YourName
  (ä½•ã‚‚ãªã„)

After:
/c/Users/YourName
  â””â”€â”€ myproject
       â””â”€â”€ src
            â””â”€â”€ components
```

**ğŸ’» ç¢ºèª:**

```bash
$ ls -R myproject
myproject:
src

myproject/src:
components

myproject/src/components:
```

---

### è¤‡æ•°ã®ãƒ•ã‚©ãƒ«ãƒ€ã‚’åŒæ™‚ã«ä½œæˆ

```bash
$ mkdir folder1 folder2 folder3
```

**ğŸ’» å®Ÿè¡Œçµæœ:**

```bash
$ mkdir folder1 folder2 folder3

$ ls
folder1  folder2  folder3
```

---

## ğŸ“ ãƒ•ã‚¡ã‚¤ãƒ«ã‚’ä½œæˆã™ã‚‹

### ç©ºãƒ•ã‚¡ã‚¤ãƒ«ã‚’ä½œæˆ

```bash
$ touch app.py
```

**ğŸ“– èª­ã¿æ–¹:** `touch` = ã‚¿ãƒƒãƒ

**ğŸ’» å®Ÿè¡Œçµæœ:**

```bash
$ touch app.py

$ ls
app.py

$ ls -l app.py
-rw-r--r-- 1 User 197121 0 Oct  8 10:00 app.py
                         â†‘ ã‚µã‚¤ã‚º0ãƒã‚¤ãƒˆ = ç©ºãƒ•ã‚¡ã‚¤ãƒ«
```

---

### è¤‡æ•°ãƒ•ã‚¡ã‚¤ãƒ«ã‚’åŒæ™‚ã«ä½œæˆ

```bash
$ touch main.py utils.py config.py
```

**ğŸ’» å®Ÿè¡Œçµæœ:**

```bash
$ touch main.py utils.py config.py

$ ls
config.py  main.py  utils.py
```

---

### ãƒ†ã‚­ã‚¹ãƒˆãƒ•ã‚¡ã‚¤ãƒ«ã«å†…å®¹ã‚’æ›¸ãè¾¼ã‚€

#### ãƒ‘ã‚¿ãƒ¼ãƒ³1: echoã§ä¸€è¡Œæ›¸ãè¾¼ã¿

```bash
$ echo "print('Hello')" > test.py
```

**ğŸ“– èª­ã¿æ–¹:** 
- `echo` = ã‚¨ã‚³ãƒ¼ (è¡¨ç¤º)
- `>` = ãƒªãƒ€ã‚¤ãƒ¬ã‚¯ãƒˆ (ãƒ•ã‚¡ã‚¤ãƒ«ã«æ›¸ãè¾¼ã‚€)

**ğŸ’» å®Ÿè¡Œçµæœ:**

```bash
$ echo "print('Hello')" > test.py

$ cat test.py
print('Hello')
```

**ğŸ“– èª­ã¿æ–¹:** `cat` = ã‚­ãƒ£ãƒƒãƒˆ (ãƒ•ã‚¡ã‚¤ãƒ«å†…å®¹è¡¨ç¤º)

---

#### ãƒ‘ã‚¿ãƒ¼ãƒ³2: è¿½è¨˜ã™ã‚‹

```bash
$ echo "print('World')" >> test.py
```

**ğŸ“– èª­ã¿æ–¹:** `>>` = è¿½è¨˜ãƒªãƒ€ã‚¤ãƒ¬ã‚¯ãƒˆ

**ğŸ’» å®Ÿè¡Œçµæœ:**

```bash
$ cat test.py
print('Hello')
print('World')
```

**âš ï¸ æ³¨æ„:**
- `>` = ä¸Šæ›¸ã (å…ƒã®å†…å®¹ãŒæ¶ˆãˆã‚‹)
- `>>` = è¿½è¨˜ (å…ƒã®å†…å®¹ã«è¿½åŠ )

---

### ğŸ“Š ãƒªãƒ€ã‚¤ãƒ¬ã‚¯ãƒˆè¨˜å·ã¾ã¨ã‚

| è¨˜å· | æ„å‘³ | ä½¿ã„æ–¹ |
|------|------|--------|
| `>` | ä¸Šæ›¸ã | `echo "text" > file.txt` |
| `>>` | è¿½è¨˜ | `echo "text" >> file.txt` |
| `<` | å…¥åŠ› | `command < input.txt` |
| `\|` | ãƒ‘ã‚¤ãƒ— | `ls \| grep "test"` |

---

## ğŸ—‘ï¸ ãƒ•ã‚¡ã‚¤ãƒ«ãƒ»ãƒ•ã‚©ãƒ«ãƒ€ã‚’å‰Šé™¤ã™ã‚‹

### ãƒ•ã‚¡ã‚¤ãƒ«ã‚’å‰Šé™¤

```bash
$ rm test.py
```

**ğŸ“– èª­ã¿æ–¹:** `rm` = ã‚¢ãƒ¼ãƒ«ã‚¨ãƒ  (Remove)

**ğŸ’» å®Ÿè¡Œçµæœ:**

```bash
$ ls
test.py

$ rm test.py

$ ls
(ä½•ã‚‚è¡¨ç¤ºã•ã‚Œãªã„)
```

**âš ï¸ è­¦å‘Š:** å‰Šé™¤ã—ãŸãƒ•ã‚¡ã‚¤ãƒ«ã¯**ã‚´ãƒŸç®±ã«å…¥ã‚‰ãªã„!** å®Œå…¨ã«æ¶ˆãˆã‚‹!

---

### è¤‡æ•°ãƒ•ã‚¡ã‚¤ãƒ«ã‚’å‰Šé™¤

```bash
$ rm file1.txt file2.txt file3.txt
```

---

### ãƒ•ã‚©ãƒ«ãƒ€ã‚’å‰Šé™¤

```bash
$ rm -r myfolder
```

**ğŸ“– èª­ã¿æ–¹:** `-r` = ã‚¢ãƒ¼ãƒ« (recursiveã€å†å¸°çš„ã«å…¨ã¦å‰Šé™¤)

**âš ï¸ è­¦å‘Š:** ãƒ•ã‚©ãƒ«ãƒ€ã®ä¸­èº«ã‚‚**å…¨ã¦æ¶ˆãˆã‚‹!**

---

### ç¢ºèªã—ãªãŒã‚‰å‰Šé™¤

```bash
$ rm -i test.py
rm: remove regular file 'test.py'? y
```

**ğŸ“– èª­ã¿æ–¹:** `-i` = ã‚¢ã‚¤ (interactiveã€å¯¾è©±çš„)

**æ“ä½œæ–¹æ³•:**
- `y` = Yes (å‰Šé™¤ã™ã‚‹)
- `n` = No (å‰Šé™¤ã—ãªã„)

---

### ğŸš¨ å®‰å…¨ãªå‰Šé™¤ã®ãƒ™ã‚¹ãƒˆãƒ—ãƒ©ã‚¯ãƒ†ã‚£ã‚¹

```bash
# âŒ å±é™º! ã„ããªã‚Šå‰Šé™¤
$ rm -rf *

# âœ… å®‰å…¨! ã¾ãšç¢ºèª
$ ls
file1.txt  file2.txt

# âœ… å®‰å…¨! å‰Šé™¤å‰ã«ãƒãƒƒã‚¯ã‚¢ãƒƒãƒ—
$ cp important.txt important.txt.backup

# âœ… å®‰å…¨! ç¢ºèªã—ãªãŒã‚‰å‰Šé™¤
$ rm -i important.txt
```

---

## ğŸ“‹ ãƒ•ã‚¡ã‚¤ãƒ«ãƒ»ãƒ•ã‚©ãƒ«ãƒ€æ“ä½œã¾ã¨ã‚

### ã‚³ãƒ”ãƒ¼

```bash
$ cp source.txt destination.txt
```

**ğŸ“– èª­ã¿æ–¹:** `cp` = ã‚·ãƒ¼ãƒ»ãƒ”ãƒ¼ (Copy)

**ğŸ’» ä¾‹:**

```bash
# ãƒ•ã‚¡ã‚¤ãƒ«ã‚’ã‚³ãƒ”ãƒ¼
$ cp app.py app_backup.py

# ãƒ•ã‚©ãƒ«ãƒ€ã‚’ã‚³ãƒ”ãƒ¼
$ cp -r myfolder myfolder_backup
```

---

### ç§»å‹•ãƒ»ãƒªãƒãƒ¼ãƒ 

```bash
$ mv old.txt new.txt
```

**ğŸ“– èª­ã¿æ–¹:** `mv` = ã‚¨ãƒ ãƒ»ãƒ–ã‚¤ (Move)

**ğŸ’» ä¾‹:**

```bash
# ãƒªãƒãƒ¼ãƒ 
$ mv old_name.py new_name.py

# ç§»å‹•
$ mv file.txt /c/projects/

# ç§»å‹•+ãƒªãƒãƒ¼ãƒ 
$ mv old.txt /c/projects/new.txt
```

---

## ğŸ“Š åŸºæœ¬ã‚³ãƒãƒ³ãƒ‰å®Œå…¨ä¸€è¦§è¡¨

| ã‚³ãƒãƒ³ãƒ‰ | èª­ã¿æ–¹ | æ„å‘³ | ä¾‹ |
|---------|-------|------|-----|
| `pwd` | ãƒ”ãƒ¼ãƒ»ãƒ€ãƒ–ãƒªãƒ¥ãƒ¼ãƒ»ãƒ‡ã‚£ãƒ¼ | ç¾åœ¨åœ°è¡¨ç¤º | `pwd` |
| `cd` | ã‚·ãƒ¼ãƒ»ãƒ‡ã‚£ãƒ¼ | ãƒ•ã‚©ãƒ«ãƒ€ç§»å‹• | `cd /c/projects` |
| `ls` | ã‚¨ãƒ«ãƒ»ã‚¨ã‚¹ | ä¸€è¦§è¡¨ç¤º | `ls -la` |
| `mkdir` | ã‚¨ãƒ ã‚±ãƒ¼ãƒ»ãƒ‡ã‚£ãƒ¼ã‚¢ã‚¤ã‚¢ãƒ¼ãƒ« | ãƒ•ã‚©ãƒ«ãƒ€ä½œæˆ | `mkdir test` |
| `touch` | ã‚¿ãƒƒãƒ | ãƒ•ã‚¡ã‚¤ãƒ«ä½œæˆ | `touch app.py` |
| `rm` | ã‚¢ãƒ¼ãƒ«ã‚¨ãƒ  | å‰Šé™¤ | `rm file.txt` |
| `cp` | ã‚·ãƒ¼ãƒ»ãƒ”ãƒ¼ | ã‚³ãƒ”ãƒ¼ | `cp a.txt b.txt` |
| `mv` | ã‚¨ãƒ ãƒ»ãƒ–ã‚¤ | ç§»å‹•/ãƒªãƒãƒ¼ãƒ  | `mv old.txt new.txt` |
| `cat` | ã‚­ãƒ£ãƒƒãƒˆ | ãƒ•ã‚¡ã‚¤ãƒ«è¡¨ç¤º | `cat app.py` |
| `echo` | ã‚¨ã‚³ãƒ¼ | æ–‡å­—åˆ—è¡¨ç¤º | `echo "test"` |
| `clear` | ã‚¯ãƒªã‚¢ | ç”»é¢ã‚¯ãƒªã‚¢ | `clear` |

---

## ğŸ”§ GitåˆæœŸè¨­å®š {#gitåˆæœŸè¨­å®š}

### ã‚¹ãƒ†ãƒƒãƒ—1: GitãŒã‚¤ãƒ³ã‚¹ãƒˆãƒ¼ãƒ«ã•ã‚Œã¦ã„ã‚‹ã‹ç¢ºèª

```bash
$ git --version
```

**ğŸ’» å®Ÿè¡Œçµæœ:**

```bash
$ git --version
git version 2.42.0.windows.1
```

**âœ… æˆåŠŸ:** ãƒãƒ¼ã‚¸ãƒ§ãƒ³ç•ªå·ãŒè¡¨ç¤ºã•ã‚Œã‚‹  
**âŒ å¤±æ•—:** `command not found` â†’ Gitã‚’ã‚¤ãƒ³ã‚¹ãƒˆãƒ¼ãƒ«

**ğŸ“¥ Gitã‚¤ãƒ³ã‚¹ãƒˆãƒ¼ãƒ«æ–¹æ³•:**
1. https://git-scm.com/download/win ã«ã‚¢ã‚¯ã‚»ã‚¹
2. 64-bitç‰ˆã‚’ãƒ€ã‚¦ãƒ³ãƒ­ãƒ¼ãƒ‰
3. ã‚¤ãƒ³ã‚¹ãƒˆãƒ¼ãƒ©ãƒ¼ã‚’å®Ÿè¡Œ(å…¨ã¦ãƒ‡ãƒ•ã‚©ãƒ«ãƒˆã§OK)
4. GitBashã‚’å†èµ·å‹•

---

### ã‚¹ãƒ†ãƒƒãƒ—2: ãƒ¦ãƒ¼ã‚¶ãƒ¼åã¨ãƒ¡ãƒ¼ãƒ«ã‚¢ãƒ‰ãƒ¬ã‚¹ã‚’è¨­å®š

```bash
$ git config --global user.name "Yamada Taro"
```

**ğŸ“– èª­ã¿æ–¹:**
- `git config` = ã‚®ãƒƒãƒˆãƒ»ã‚³ãƒ³ãƒ•ã‚£ã‚° (è¨­å®š)
- `--global` = ã‚°ãƒ­ãƒ¼ãƒãƒ« (å…¨ä½“ã«é©ç”¨)
- `user.name` = ãƒ¦ãƒ¼ã‚¶ãƒ¼å

**ğŸ’» ã‚³ãƒ”ãƒšç”¨:**

```bash
# åå‰ã‚’è¨­å®š(GitHubã®ãƒ¦ãƒ¼ã‚¶ãƒ¼åã§ã‚‚OK)
git config --global user.name "Yamada Taro"

# ãƒ¡ãƒ¼ãƒ«ã‚¢ãƒ‰ãƒ¬ã‚¹ã‚’è¨­å®š(GitHubã§ä½¿ã£ã¦ã„ã‚‹ãƒ¡ãƒ¼ãƒ«)
git config --global user.email "yamada@example.com"

# ç¢ºèª
git config --list
```

**âœ… æˆåŠŸæ™‚ã®è¡¨ç¤º:**

```bash
$ git config --list
user.name=Yamada Taro
user.email=yamada@example.com
...
```

---

### ã‚¹ãƒ†ãƒƒãƒ—3: ãƒ‡ãƒ•ã‚©ãƒ«ãƒˆãƒ–ãƒ©ãƒ³ãƒåã‚’è¨­å®š

```bash
$ git config --global init.defaultBranch main
```

**ğŸ’¡ ç†ç”±:** æœ€è¿‘ã®GitHubã¯ãƒ‡ãƒ•ã‚©ãƒ«ãƒˆãŒ`main`ã«ãªã£ãŸ

---

### ã‚¹ãƒ†ãƒƒãƒ—4: æ”¹è¡Œã‚³ãƒ¼ãƒ‰è¨­å®š(Windows)

```bash
$ git config --global core.autocrlf true
```

**ğŸ“– èª­ã¿æ–¹:**
- `core.autocrlf` = ã‚³ã‚¢ãƒ»ã‚ªãƒ¼ãƒˆãƒ»ã‚·ãƒ¼ã‚¢ãƒ¼ãƒ«ã‚¨ãƒ«ã‚¨ãƒ• (è‡ªå‹•æ”¹è¡Œå¤‰æ›)
- `true` = æœ‰åŠ¹

**ğŸ’¡ ç†ç”±:** Windowsã¨Mac/Linuxã§æ”¹è¡Œã‚³ãƒ¼ãƒ‰ãŒé•ã†ãŸã‚

---

## ğŸ”‘ GitHubé€£æº {#githubé€£æº}

### ã‚¹ãƒ†ãƒƒãƒ—1: SSHéµã‚’ä½œæˆ

```bash
$ ssh-keygen -t ed25519 -C "yamada@example.com"
```

**ğŸ“– èª­ã¿æ–¹:**
- `ssh-keygen` = ã‚¨ã‚¹ã‚¨ã‚¹ã‚¨ã‚¤ãƒãƒ»ã‚­ãƒ¼ã‚¸ã‚§ãƒ³ (SSHéµç”Ÿæˆ)
- `-t ed25519` = ã‚¿ã‚¤ãƒ—ãƒ»ã‚¤ãƒ¼ãƒ‡ã‚£ãƒ¼25519 (æš—å·åŒ–æ–¹å¼)
- `-C` = ã‚³ãƒ¡ãƒ³ãƒˆ (è­˜åˆ¥ç”¨ãƒ¡ãƒ¼ãƒ«ã‚¢ãƒ‰ãƒ¬ã‚¹)

**ğŸ’» å®Ÿè¡Œä¸­ã®è¡¨ç¤º:**

```bash
$ ssh-keygen -t ed25519 -C "yamada@example.com"
Generating public/private ed25519 key pair.
Enter file in which to save the key (/c/Users/YourName/.ssh/id_ed25519):
```

**ğŸ¯ æ“ä½œ:**
1. ä½•ã‚‚å…¥åŠ›ã›ãš **Enterã‚­ãƒ¼**
2. `Enter passphrase:` â†’ **Enterã‚­ãƒ¼** (ãƒ‘ã‚¹ãƒ¯ãƒ¼ãƒ‰ä¸è¦ãªã‚‰)
3. `Enter same passphrase again:` â†’ **Enterã‚­ãƒ¼**

**âœ… æˆåŠŸæ™‚ã®è¡¨ç¤º:**

```bash
Your identification has been saved in /c/Users/YourName/.ssh/id_ed25519
Your public key has been saved in /c/Users/YourName/.ssh/id_ed25519.pub
The key fingerprint is:
SHA256:xxxxxxxxxxxxxxxxxxxxxxxxxxxxxxxxxxxxx yamada@example.com
```

**ğŸ“Š ä½œæˆã•ã‚ŒãŸãƒ•ã‚¡ã‚¤ãƒ«:**

```
/c/Users/YourName/.ssh/
  â”œâ”€â”€ id_ed25519     â† ç§˜å¯†éµ(çµ¶å¯¾ã«äººã«è¦‹ã›ãªã„!)
  â””â”€â”€ id_ed25519.pub â† å…¬é–‹éµ(GitHubã«ç™»éŒ²ã™ã‚‹)
```

---

### ã‚¹ãƒ†ãƒƒãƒ—2: å…¬é–‹éµã‚’ã‚³ãƒ”ãƒ¼

```bash
$ cat ~/.ssh/id_ed25519.pub
```

**ğŸ’» å®Ÿè¡Œçµæœ:**

```bash
$ cat ~/.ssh/id_ed25519.pub
ssh-ed25519 AAAAC3NzaC1lZDI1NTE5AAAAIGx7h... yamada@example.com
```

**ğŸ¯ æ“ä½œ:**
1. è¡¨ç¤ºã•ã‚ŒãŸ**å…¨æ–‡**ã‚’ã‚³ãƒ”ãƒ¼
2. `ssh-ed25519` ã‹ã‚‰ `yamada@example.com` ã¾ã§å…¨ã¦

---

### ã‚¹ãƒ†ãƒƒãƒ—3: GitHubã«å…¬é–‹éµã‚’ç™»éŒ²

**ğŸŒ ãƒ–ãƒ©ã‚¦ã‚¶ã§æ“ä½œ:**

1. **GitHub.com ã«ãƒ­ã‚°ã‚¤ãƒ³**
2. å³ä¸Šã®ã‚¢ã‚¤ã‚³ãƒ³ã‚’ã‚¯ãƒªãƒƒã‚¯ â†’ **Settings**
3. å·¦ãƒ¡ãƒ‹ãƒ¥ãƒ¼ â†’ **SSH and GPG keys**
4. **New SSH key** ãƒœã‚¿ãƒ³ã‚’ã‚¯ãƒªãƒƒã‚¯
5. å…¥åŠ›:
   - **Title:** `Windows PC` (ã‚ã‹ã‚Šã‚„ã™ã„åå‰)
   - **Key:** ã‚³ãƒ”ãƒ¼ã—ãŸå…¬é–‹éµã‚’è²¼ã‚Šä»˜ã‘
6. **Add SSH key** ãƒœã‚¿ãƒ³ã‚’ã‚¯ãƒªãƒƒã‚¯
7. ãƒ‘ã‚¹ãƒ¯ãƒ¼ãƒ‰ç¢ºèª â†’ å®Œäº†!

**ğŸ“Š å›³è§£:**

```
[GitHub]
    â†‘
    | SSHæ¥ç¶š(æš—å·åŒ–)
    | å…¬é–‹éµã§èªè¨¼
    â†“
[ã‚ãªãŸã®PC]
  ç§˜å¯†éµã§è¨¼æ˜
```

---

### ã‚¹ãƒ†ãƒƒãƒ—4: æ¥ç¶šãƒ†ã‚¹ãƒˆ

```bash
$ ssh -T git@github.com
```

**ğŸ“– èª­ã¿æ–¹:** `ssh -T` = ã‚¨ã‚¹ã‚¨ã‚¹ã‚¨ã‚¤ãƒãƒ»ãƒ†ã‚¹ãƒˆ

**ğŸ’» åˆå›å®Ÿè¡Œæ™‚:**

```bash
$ ssh -T git@github.com
The authenticity of host 'github.com' can't be established.
ED25519 key fingerprint is SHA256:xxxxx...
Are you sure you want to continue connecting (yes/no/[fingerprint])? yes
```

**ğŸ¯ æ“ä½œ:** `yes` ã¨å…¥åŠ›ã—ã¦ Enter

**âœ… æˆåŠŸæ™‚ã®è¡¨ç¤º:**

```bash
Hi YamadaTaro! You've successfully authenticated, but GitHub does not provide shell access.
```

**ğŸ‰ ã“ã‚Œã§æ¥ç¶šå®Œäº†!**

---

## ğŸ“¦ ãƒªãƒã‚¸ãƒˆãƒªä½œæˆã¨GitHubé€£æº {#æ—¥å¸¸ã®gitä½œæ¥­}

### ã‚·ãƒŠãƒªã‚ª: æ–°è¦ãƒ—ãƒ­ã‚¸ã‚§ã‚¯ãƒˆã‚’ä½œæˆã—ã¦GitHubã«ã‚¢ãƒƒãƒ—

#### ã‚¹ãƒ†ãƒƒãƒ—1: ãƒ—ãƒ­ã‚¸ã‚§ã‚¯ãƒˆãƒ•ã‚©ãƒ«ãƒ€ã‚’ä½œæˆ

```bash
# projectsãƒ•ã‚©ãƒ«ãƒ€ã«ç§»å‹•
$ cd /c/projects

# ãƒ—ãƒ­ã‚¸ã‚§ã‚¯ãƒˆãƒ•ã‚©ãƒ«ãƒ€ã‚’ä½œæˆ
$ mkdir myapp

# ç§»å‹•
$ cd myapp

# ç¢ºèª
$ pwd
/c/projects/myapp
```

---

#### ã‚¹ãƒ†ãƒƒãƒ—2: Gitãƒªãƒã‚¸ãƒˆãƒªã‚’åˆæœŸåŒ–

```bash
$ git init
```

**ğŸ“– èª­ã¿æ–¹:** `git init` = ã‚®ãƒƒãƒˆãƒ»ã‚¤ãƒ‹ãƒƒãƒˆ (åˆæœŸåŒ–)

**ğŸ’» å®Ÿè¡Œçµæœ:**

```bash
$ git init
Initialized empty Git repository in /c/projects/myapp/.git/
```

**âœ… æˆåŠŸã®è¨¼æ‹ :**
- `Initialized empty Git repository` ã¨è¡¨ç¤º
- `.git` ãƒ•ã‚©ãƒ«ãƒ€ãŒä½œæˆã•ã‚Œã‚‹

**ç¢ºèª:**

```bash
$ ls -la
total 0
drwxr-xr-x 1 User 197121 0 Oct  8 10:00 .
drwxr-xr-x 1 User 197121 0 Oct  8 09:00 ..
drwxr-xr-x 1 User 197121 0 Oct  8 10:00 .git  â† ã“ã‚ŒãŒä½œæˆã•ã‚ŒãŸ!
```

---

#### ã‚¹ãƒ†ãƒƒãƒ—3: ãƒ•ã‚¡ã‚¤ãƒ«ã‚’ä½œæˆ

```bash
# ãƒ¡ã‚¤ãƒ³ãƒ•ã‚¡ã‚¤ãƒ«ã‚’ä½œæˆ
$ touch app.py

# READMEã‚’ä½œæˆ
$ echo "# My App" > README.md

# ç¢ºèª
$ ls
README.md  app.py
```

---

#### ã‚¹ãƒ†ãƒƒãƒ—4: .gitignoreã‚’ä½œæˆ

```bash
$ cat > .gitignore << EOF
__pycache__/
*.pyc
.env
venv/
EOF
```

**ğŸ“– æ„å‘³:** 
- `.gitignore` = Gitã§ç®¡ç†ã—ãªã„ãƒ•ã‚¡ã‚¤ãƒ«ã‚’æŒ‡å®š
- `__pycache__/` = Pythonã®ã‚­ãƒ£ãƒƒã‚·ãƒ¥
- `*.pyc` = ã‚³ãƒ³ãƒ‘ã‚¤ãƒ«æ¸ˆã¿Python
- `.env` = ç’°å¢ƒå¤‰æ•°(ç§˜å¯†æƒ…å ±)
- `venv/` = ä»®æƒ³ç’°å¢ƒ

**ç¢ºèª:**

```bash
$ cat .gitignore
__pycache__/
*.pyc
.env
venv/
```

---

#### ã‚¹ãƒ†ãƒƒãƒ—5: ãƒ•ã‚¡ã‚¤ãƒ«ã‚’ã‚¹ãƒ†ãƒ¼ã‚¸ãƒ³ã‚°

```bash
$ git add .
```

**ğŸ“– èª­ã¿æ–¹:** 
- `git add` = ã‚®ãƒƒãƒˆãƒ»ã‚¢ãƒ‰ (è¿½åŠ )
- `.` = ãƒ‰ãƒƒãƒˆ (å…¨ã¦ã®ãƒ•ã‚¡ã‚¤ãƒ«)

**ğŸ’» å®Ÿè¡Œçµæœ:**

```bash
$ git add .
(ä½•ã‚‚è¡¨ç¤ºã•ã‚Œãªã„ = æˆåŠŸ)
```

**ç¢ºèª:**

```bash
$ git status
On branch main

No commits yet

Changes to be committed:
  (use "git rm --cached <file>..." to unstage)
        new file:   .gitignore
        new file:   README.md
        new file:   app.py
```

**âœ… æˆåŠŸã®è¨¼æ‹ :**
- `Changes to be committed` = ã‚³ãƒŸãƒƒãƒˆæº–å‚™å®Œäº†
- ãƒ•ã‚¡ã‚¤ãƒ«åãŒç·‘è‰²

---

#### ã‚¹ãƒ†ãƒƒãƒ—6: åˆå›ã‚³ãƒŸãƒƒãƒˆ

```bash
$ git commit -m "Initial commit"
```

**ğŸ“– èª­ã¿æ–¹:**
- `git commit` = ã‚®ãƒƒãƒˆãƒ»ã‚³ãƒŸãƒƒãƒˆ (è¨˜éŒ²)
- `-m` = ãƒ¡ãƒƒã‚»ãƒ¼ã‚¸
- `"Initial commit"` = åˆå›ã‚³ãƒŸãƒƒãƒˆã®å®šå‹æ–‡

**ğŸ’» å®Ÿè¡Œçµæœ:**

```bash
$ git commit -m "Initial commit"
[main (root-commit) a1b2c3d] Initial commit
 3 files changed, 5 insertions(+)
 create mode 100644 .gitignore
 create mode 100644 README.md
 create mode 100644 app.py
```

**âœ… æˆåŠŸã®è¨¼æ‹ :**
- `[main a1b2c3d] Initial commit` = ã‚³ãƒŸãƒƒãƒˆæˆåŠŸ
- `3 files changed` = 3ãƒ•ã‚¡ã‚¤ãƒ«ãŒè¨˜éŒ²ã•ã‚ŒãŸ

---

#### ã‚¹ãƒ†ãƒƒãƒ—7: GitHubã«ãƒªãƒã‚¸ãƒˆãƒªã‚’ä½œæˆ

**ğŸŒ ãƒ–ãƒ©ã‚¦ã‚¶ã§æ“ä½œ:**

1. **GitHub.com ã«ãƒ­ã‚°ã‚¤ãƒ³**
2. å³ä¸Šã® **+** ã‚¢ã‚¤ã‚³ãƒ³ â†’ **New repository**
3. å…¥åŠ›:
   - **Repository name:** `myapp`
   - **Description:** ãƒ—ãƒ­ã‚¸ã‚§ã‚¯ãƒˆã®èª¬æ˜(ä»»æ„)
   - **Public** ã¾ãŸã¯ **Private** ã‚’é¸æŠ
   - âš ï¸ **Initialize this repository with:** **å…¨ã¦ãƒã‚§ãƒƒã‚¯ãªã—!**
4. **Create repository** ãƒœã‚¿ãƒ³ã‚’ã‚¯ãƒªãƒƒã‚¯

**ğŸ“Š ä½œæˆå¾Œã®ç”»é¢:**

```
â€¦or push an existing repository from the command line

git remote add origin git@github.com:YourName/myapp.git
git branch -M main
git push -u origin main
```

**ã“ã‚Œã‚’ã‚³ãƒ”ãƒ¼ã—ã¦ä½¿ã„ã¾ã™!**

---

#### ã‚¹ãƒ†ãƒƒãƒ—8: ãƒªãƒ¢ãƒ¼ãƒˆãƒªãƒã‚¸ãƒˆãƒªã‚’ç™»éŒ²

```bash
$ git remote add origin git@github.com:YourName/myapp.git
```

**ğŸ“– èª­ã¿æ–¹:**
- `git remote add` = ã‚®ãƒƒãƒˆãƒ»ãƒªãƒ¢ãƒ¼ãƒˆãƒ»ã‚¢ãƒ‰ (ãƒªãƒ¢ãƒ¼ãƒˆè¿½åŠ )
- `origin` = ã‚ªãƒªã‚¸ãƒ³ (ãƒªãƒ¢ãƒ¼ãƒˆã®åå‰ã€æ…£ä¾‹)
- `git@github.com:YourName/myapp.git` = GitHubã®SSH URL

**ğŸ’» å®Ÿè¡Œçµæœ:**

```bash
$ git remote add origin git@github.com:YourName/myapp.git
(ä½•ã‚‚è¡¨ç¤ºã•ã‚Œãªã„ = æˆåŠŸ)
```

**ç¢ºèª:**

```bash
$ git remote -v
origin  git@github.com:YourName/myapp.git (fetch)
origin  git@github.com:YourName/myapp.git (push)
```

---

#### ã‚¹ãƒ†ãƒƒãƒ—9: GitHubã«ãƒ—ãƒƒã‚·ãƒ¥

```bash
$ git push -u origin main
```

**ğŸ“– èª­ã¿æ–¹:**
- `git push` = ã‚®ãƒƒãƒˆãƒ»ãƒ—ãƒƒã‚·ãƒ¥ (é€ä¿¡)
- `-u` = ãƒ¦ãƒ¼ (upstreamã€ä¸Šæµã‚’è¨­å®š)
- `origin main` = originã®mainãƒ–ãƒ©ãƒ³ãƒã¸

**ğŸ’» å®Ÿè¡Œçµæœ:**

```bash
$ git push -u origin main
Enumerating objects: 5, done.
Counting objects: 100% (5/5), done.
Delta compression using up to 8 threads
Compressing objects: 100% (3/3), done.
Writing objects: 100% (5/5), 456 bytes | 456.00 KiB/s, done.
Total 5 (delta 0), reused 0 (delta 0), pack-reused 0
To github.com:YourName/myapp.git
 * [new branch]      main -> main
Branch 'main' set up to track remote branch 'main' from 'origin'.
```

**âœ… æˆåŠŸã®è¨¼æ‹ :**
- `done.` ãŒè¡¨ç¤ºã•ã‚Œã‚‹
- `[new branch] main -> main` = æ–°ã—ã„ãƒ–ãƒ©ãƒ³ãƒãŒä½œæˆã•ã‚ŒãŸ
- ã‚¨ãƒ©ãƒ¼ãƒ¡ãƒƒã‚»ãƒ¼ã‚¸ãŒç„¡ã„

---

## ğŸ”„ æ—¥å¸¸ã®Gitä½œæ¥­ãƒ•ãƒ­ãƒ¼

### ğŸ“Š å…¨ä½“ã®æµã‚Œå›³

```
1. ã‚³ãƒ¼ãƒ‰ç·¨é›†
   â†“
2. git status (ç¢ºèª)
   â†“
3. git add . (ã‚¹ãƒ†ãƒ¼ã‚¸ãƒ³ã‚°)
   â†“
4. git commit -m "message" (ã‚³ãƒŸãƒƒãƒˆ)
   â†“
5. git push (GitHubã«é€ä¿¡)
```

---

### ã‚¹ãƒ†ãƒƒãƒ—ãƒã‚¤ã‚¹ãƒ†ãƒƒãƒ—

#### 1. ãƒ•ã‚¡ã‚¤ãƒ«ã‚’ç·¨é›†

```bash
$ code app.py
# ã¾ãŸã¯
$ vim app.py
# ã¾ãŸã¯
$ notepad app.py
```

---

#### 2. çŠ¶æ…‹ã‚’ç¢ºèª

```bash
$ git status
```

**ğŸ’» å®Ÿè¡Œçµæœ:**

```bash
$ git status
On branch main
Your branch is up to date with 'origin/main'.

Changes not staged for commit:
  (use "git add <file>..." to update what will be committed)
  (use "git restore <file>..." to discard changes in working directory)
        modified:   app.py

Untracked files:
  (use "git add <file>..." to include in what will be committed)
        utils.py

no changes added to commit (use "git add" and/or "git commit -a")
```

**ğŸ“Š çŠ¶æ…‹ã®èª­ã¿æ–¹:**

| è¡¨ç¤º | è‰² | æ„å‘³ |
|------|-----|------|
| `modified: app.py` | èµ¤ | å¤‰æ›´ã—ãŸãŒã¾ã addã—ã¦ã„ãªã„ |
| `Untracked files: utils.py` | èµ¤ | æ–°ã—ã„ãƒ•ã‚¡ã‚¤ãƒ«ã€GitãŒè¿½è·¡ã—ã¦ã„ãªã„ |
| `Changes to be committed` | ç·‘ | addã—ãŸã€ã‚³ãƒŸãƒƒãƒˆæº–å‚™å®Œäº† |
| `nothing to commit` | - | å…¨ã¦ã‚¯ãƒªãƒ¼ãƒ³ã€å¤‰æ›´ãªã— |

---

#### 3. ãƒ•ã‚¡ã‚¤ãƒ«ã‚’ã‚¹ãƒ†ãƒ¼ã‚¸ãƒ³ã‚°

```bash
$ git add .
```

**ã¾ãŸã¯ç‰¹å®šã®ãƒ•ã‚¡ã‚¤ãƒ«ã ã‘:**

```bash
$ git add app.py utils.py
```

**ç¢ºèª:**

```bash
$ git status
On branch main
Your branch is up to date with 'origin/main'.

Changes to be committed:
  (use "git restore --staged <file>..." to unstage)
        modified:   app.py
        new file:   utils.py
```

**âœ… æˆåŠŸ:** ãƒ•ã‚¡ã‚¤ãƒ«åãŒç·‘è‰²ã«å¤‰ã‚ã£ãŸ!

---

#### 4. ã‚³ãƒŸãƒƒãƒˆ

```bash
$ git commit -m "ãƒ­ã‚°ã‚¤ãƒ³æ©Ÿèƒ½ã‚’è¿½åŠ "
```

**ğŸ’¡ ã‚³ãƒŸãƒƒãƒˆãƒ¡ãƒƒã‚»ãƒ¼ã‚¸ã®ã‚³ãƒ„:**

```bash
# âœ… è‰¯ã„ä¾‹
git commit -m "ãƒ­ã‚°ã‚¤ãƒ³æ©Ÿèƒ½ã‚’è¿½åŠ "
git commit -m "ãƒã‚°ä¿®æ­£: ãƒ‘ã‚¹ãƒ¯ãƒ¼ãƒ‰æ¤œè¨¼ã‚¨ãƒ©ãƒ¼"
git commit -m "ãƒªãƒ•ã‚¡ã‚¯ã‚¿ãƒªãƒ³ã‚°: ã‚³ãƒ¼ãƒ‰ã‚’æ•´ç†"

# âŒ æ‚ªã„ä¾‹
git commit -m "ä¿®æ­£"
git commit -m "aaa"
git commit -m "ã¨ã‚Šã‚ãˆãš"
```

**ğŸ“‹ ã‚³ãƒŸãƒƒãƒˆãƒ¡ãƒƒã‚»ãƒ¼ã‚¸ã®å‹:**

```bash
# æ©Ÿèƒ½è¿½åŠ 
git commit -m "è¿½åŠ : â—‹â—‹æ©Ÿèƒ½"

# ãƒã‚°ä¿®æ­£
git commit -m "ä¿®æ­£: â—‹â—‹ã®ãƒã‚°"

# æ›´æ–°
git commit -m "æ›´æ–°: â—‹â—‹ã‚’æ”¹å–„"

# å‰Šé™¤
git commit -m "å‰Šé™¤: ä¸è¦ãªâ—‹â—‹"
```

**ğŸ’» å®Ÿè¡Œçµæœ:**

```bash
$ git commit -m "ãƒ­ã‚°ã‚¤ãƒ³æ©Ÿèƒ½ã‚’è¿½åŠ "
[main b3c4d5e] ãƒ­ã‚°ã‚¤ãƒ³æ©Ÿèƒ½ã‚’è¿½åŠ 
 2 files changed, 25 insertions(+), 3 deletions(-)
 create mode 100644 utils.py
```

---

#### 5. GitHubã«ãƒ—ãƒƒã‚·ãƒ¥

```bash
$ git push
```

**ğŸ“– èª­ã¿æ–¹:** åˆå›è¨­å®šæ¸ˆã¿ãªã‚‰ `git push` ã ã‘ã§OK

**ğŸ’» å®Ÿè¡Œçµæœ:**

```bash
$ git push
Enumerating objects: 7, done.
Counting objects: 100% (7/7), done.
Delta compression using up to 8 threads
Compressing objects: 100% (4/4), done.
Writing objects: 100% (4/4), 567 bytes | 567.00 KiB/s, done.
Total 4 (delta 2), reused 0 (delta 0), pack-reused 0
remote: Resolving deltas: 100% (2/2), completed with 1 local object.
To github.com:YourName/myapp.git
   a1b2c3d..b3c4d5e  main -> main
```

**âœ… æˆåŠŸã®è¨¼æ‹ :**
- `done.` ãŒè¤‡æ•°å›è¡¨ç¤º
- `a1b2c3d..b3c4d5e main -> main` = ã‚³ãƒŸãƒƒãƒˆç¯„å›²ãŒæ›´æ–°
- ã‚¨ãƒ©ãƒ¼ãƒ¡ãƒƒã‚»ãƒ¼ã‚¸ãªã—

---

## ğŸ”„ æ—¢å­˜ãƒ—ãƒ­ã‚¸ã‚§ã‚¯ãƒˆã‚’ã‚¯ãƒ­ãƒ¼ãƒ³

### GitHubã‹ã‚‰ãƒ—ãƒ­ã‚¸ã‚§ã‚¯ãƒˆã‚’ãƒ€ã‚¦ãƒ³ãƒ­ãƒ¼ãƒ‰

```bash
# projectsãƒ•ã‚©ãƒ«ãƒ€ã«ç§»å‹•
$ cd /c/projects

# ã‚¯ãƒ­ãƒ¼ãƒ³
$ git clone git@github.com:YourName/myapp.git

# ç§»å‹•
$ cd myapp

# ç¢ºèª
$ ls
README.md  app.py  utils.py
```

**ğŸ’» å®Ÿè¡Œçµæœ:**

```bash
$ git clone git@github.com:YourName/myapp.git
Cloning into 'myapp'...
remote: Enumerating objects: 12, done.
remote: Counting objects: 100% (12/12), done.
remote: Compressing objects: 100% (8/8), done.
remote: Total 12 (delta 3), reused 9 (delta 2), pack-reused 0
Receiving objects: 100% (12/12), 1.23 KiB | 315.00 KiB/s, done.
Resolving deltas: 100% (3/3), done.
```

**âœ… æˆåŠŸã®è¨¼æ‹ :**
- `Cloning into 'myapp'...` = ã‚¯ãƒ­ãƒ¼ãƒ³ä¸­
- `done.` ãŒè¡¨ç¤º
- ãƒ•ã‚©ãƒ«ãƒ€ãŒä½œæˆã•ã‚Œã‚‹

---

## ğŸŒ¿ ãƒ–ãƒ©ãƒ³ãƒæ“ä½œ

### ãƒ–ãƒ©ãƒ³ãƒã¨ã¯?

**ğŸ“Š å›³è§£:**

```
main        A --- B --- C --- D (æœ¬ç•ªç”¨)
                      \
feature              E --- F (é–‹ç™ºç”¨)
```

**ğŸ’¡ ãƒ–ãƒ©ãƒ³ãƒã‚’ä½¿ã†ç†ç”±:**
- mainã‚’å£Šã•ãªã„
- æ©Ÿèƒ½ã”ã¨ã«é–‹ç™º
- ãƒãƒ¼ãƒ ã§ä¸¦è¡Œä½œæ¥­

---

### ãƒ–ãƒ©ãƒ³ãƒä¸€è¦§ã‚’ç¢ºèª

```bash
$ git branch
```

**ğŸ’» å®Ÿè¡Œçµæœ:**

```bash
$ git branch
* main
```

**ğŸ“– è¦‹æ–¹:**
- `*` = ç¾åœ¨ã„ã‚‹ãƒ–ãƒ©ãƒ³ãƒ
- ç·‘è‰²ã§è¡¨ç¤ºã•ã‚Œã‚‹

---

### æ–°ã—ã„ãƒ–ãƒ©ãƒ³ãƒã‚’ä½œæˆ

```bash
$ git branch feature/login
```

**ğŸ“– èª­ã¿æ–¹:** `feature/login` = æ©Ÿèƒ½å/è©³ç´°

**ğŸ’» å®Ÿè¡Œçµæœ:**

```bash
$ git branch feature/login

$ git branch
  feature/login
* main
```

---

### ãƒ–ãƒ©ãƒ³ãƒã‚’åˆ‡ã‚Šæ›¿ãˆ

```bash
$ git checkout feature/login
```

**ğŸ’» å®Ÿè¡Œçµæœ:**

```bash
$ git checkout feature/login
Switched to branch 'feature/login'

$ git branch
* feature/login
  main
```

**âœ… æˆåŠŸ:** `*` ãŒç§»å‹•ã—ãŸ!

---

### ä½œæˆã¨åˆ‡ã‚Šæ›¿ãˆã‚’åŒæ™‚ã«

```bash
$ git checkout -b feature/register
```

**ğŸ“– èª­ã¿æ–¹:** `-b` = ãƒ–ãƒ©ãƒ³ãƒã‚’ä½œæˆã—ã¦åˆ‡ã‚Šæ›¿ãˆ

**ğŸ’» å®Ÿè¡Œçµæœ:**

```bash
$ git checkout -b feature/register
Switched to a new branch 'feature/register'

$ git branch
  feature/login
* feature/register
  main
```

---

### ãƒ–ãƒ©ãƒ³ãƒã‚’ãƒãƒ¼ã‚¸

```bash
# mainã«æˆ»ã‚‹
$ git checkout main

# feature/loginã‚’mainã«ãƒãƒ¼ã‚¸
$ git merge feature/login
```

**ğŸ’» å®Ÿè¡Œçµæœ:**

```bash
$ git merge feature/login
Updating a1b2c3d..e5f6g7h
Fast-forward
 login.py | 20 ++++++++++++++++++++
 1 file changed, 20 insertions(+)
 create mode 100644 login.py
```

**âœ… æˆåŠŸã®è¨¼æ‹ :**
- `Fast-forward` = é«˜é€Ÿãƒãƒ¼ã‚¸æˆåŠŸ
- `Updating a1b2c3d..e5f6g7h` = ã‚³ãƒŸãƒƒãƒˆæ›´æ–°

---

### ãƒ–ãƒ©ãƒ³ãƒã‚’å‰Šé™¤

```bash
$ git branch -d feature/login
```

**ğŸ“– èª­ã¿æ–¹:** `-d` = ãƒ‡ãƒªãƒ¼ãƒˆ (å‰Šé™¤)

**ğŸ’» å®Ÿè¡Œçµæœ:**

```bash
$ git branch -d feature/login
Deleted branch feature/login (was e5f6g7h).
```

---

## ğŸ“ è¨˜å·ã®èª­ã¿æ–¹å®Œå…¨ç‰ˆ {#è¨˜å·ã®èª­ã¿æ–¹}

### GitBashç”»é¢ã®æ§‹é€ 

```bash
User@PC MINGW64 /c/projects/myapp (main)
$ git status
```

**ğŸ“Š åˆ†è§£:**

```
User@PC              â† ãƒ¦ãƒ¼ã‚¶ãƒ¼åã¨PCå
MINGW64              â† GitBashã®ç’°å¢ƒ
/c/projects/myapp    â† ç¾åœ¨ã®ãƒ‘ã‚¹
(main)               â† ç¾åœ¨ã®ãƒ–ãƒ©ãƒ³ãƒ
$                    â† ãƒ—ãƒ­ãƒ³ãƒ—ãƒˆ(å…¥åŠ›å¾…ã¡)
git status           â† å®Ÿéš›ã®ã‚³ãƒãƒ³ãƒ‰
```

---

### å…¥åŠ›ã™ã‚‹/ã—ãªã„è¨˜å·ä¸€è¦§

| è¨˜å· | åå‰ | å…¥åŠ›ã™ã‚‹? | æ„å‘³ |
|------|------|----------|------|
| `# ğŸš€ Git/GitBash/Windows å®Œå…¨ã‚¬ã‚¤ãƒ‰ã€å›³è§£ä»˜ãã€‘

## ğŸ“š ç›®æ¬¡

1. [GitBashåŸºæœ¬æ“ä½œ](#gitbashåŸºæœ¬æ“ä½œ)
   - éšå±¤ç§»å‹•(ãƒ•ã‚©ãƒ«ãƒ€ç§»å‹•)
   - ãƒ•ã‚©ãƒ«ãƒ€ä½œæˆ
   - ãƒ•ã‚¡ã‚¤ãƒ«ä½œæˆ
   - ãƒ•ã‚¡ã‚¤ãƒ«ãƒ»ãƒ•ã‚©ãƒ«ãƒ€æ“ä½œ
2. [GitåˆæœŸè¨­å®š](#gitåˆæœŸè¨­å®š)
3. [GitHubé€£æº](#githubé€£æº)
4. [æ—¥å¸¸ã®Gitä½œæ¥­](#æ—¥å¸¸ã®gitä½œæ¥­)
5. [è¨˜å·ã®èª­ã¿æ–¹](#è¨˜å·ã®èª­ã¿æ–¹)
6. [ãƒãƒ¼ãƒˆã‚·ãƒ¼ãƒˆ](#ãƒãƒ¼ãƒˆã‚·ãƒ¼ãƒˆ)

---

## ğŸ–¥ï¸ GitBashåŸºæœ¬æ“ä½œ {#gitbashåŸºæœ¬æ“ä½œ}

### ğŸŒŸ ã¾ãšçŸ¥ã£ã¦ãŠãã¹ãé‡è¦ãªã“ã¨

```bash
# âŒ ã“ã‚Œã¯å…¥åŠ›ã—ãªã„!
$  â† ãƒ—ãƒ­ãƒ³ãƒ—ãƒˆ(ç›®å°)

# âœ… ã“ã‚Œã ã‘å…¥åŠ›ã™ã‚‹!
git status  â† ã‚³ãƒãƒ³ãƒ‰æœ¬ä½“
```

**é‡è¦:** `$` è¨˜å·ã¯**å…¥åŠ›ã—ã¾ã›ã‚“!** ã“ã‚Œã¯ã€Œã“ã“ã«å…¥åŠ›ã—ã¦ã­ã€ã¨ã„ã†ç›®å°ã§ã™ã€‚

---

## ğŸ“‚ éšå±¤ç§»å‹•(ãƒ•ã‚©ãƒ«ãƒ€ç§»å‹•)

### ç¾åœ¨åœ°ã‚’ç¢ºèªã™ã‚‹

```bash
$ pwd
```

**ğŸ“– èª­ã¿æ–¹:** `pwd` = ãƒ”ãƒ¼ãƒ»ãƒ€ãƒ–ãƒªãƒ¥ãƒ¼ãƒ»ãƒ‡ã‚£ãƒ¼ (Print Working Directory)

**ğŸ’» å®Ÿè¡Œçµæœ:**

```bash
$ pwd
/c/Users/YourName
```

**ğŸ“Š æ„å‘³:**
- `/c/` = Cãƒ‰ãƒ©ã‚¤ãƒ–
- `/Users/YourName` = ãƒ¦ãƒ¼ã‚¶ãƒ¼ãƒ•ã‚©ãƒ«ãƒ€
- ç¾åœ¨ã€`C:\Users\YourName` ã«ã„ã‚‹

---

### ğŸ“ Windows ãƒ‘ã‚¹ã¨GitBash ãƒ‘ã‚¹ã®å¯¾å¿œè¡¨

| Windowsè¡¨è¨˜ | GitBashè¡¨è¨˜ | æ„å‘³ |
|------------|------------|------|
| `C:\` | `/c/` | Cãƒ‰ãƒ©ã‚¤ãƒ– |
| `D:\` | `/d/` | Dãƒ‰ãƒ©ã‚¤ãƒ– |
| `C:\Users` | `/c/Users` | ãƒ¦ãƒ¼ã‚¶ãƒ¼ãƒ•ã‚©ãƒ«ãƒ€ |
| `C:\projects\myapp` | `/c/projects/myapp` | ãƒ—ãƒ­ã‚¸ã‚§ã‚¯ãƒˆãƒ•ã‚©ãƒ«ãƒ€ |
| `C:\Program Files` | `/c/Program Files` | ãƒ—ãƒ­ã‚°ãƒ©ãƒ ãƒ•ã‚¡ã‚¤ãƒ« |

**âš ï¸ æ³¨æ„:**
- Windows: ãƒãƒƒã‚¯ã‚¹ãƒ©ãƒƒã‚·ãƒ¥ `\`
- GitBash: ã‚¹ãƒ©ãƒƒã‚·ãƒ¥ `/`

---

### ãƒ•ã‚©ãƒ«ãƒ€ã‚’ç§»å‹•ã™ã‚‹

#### ãƒ‘ã‚¿ãƒ¼ãƒ³1: çµ¶å¯¾ãƒ‘ã‚¹ã§ç§»å‹•

```bash
$ cd /c/projects
```

**ğŸ“– èª­ã¿æ–¹:** `cd` = ã‚·ãƒ¼ãƒ»ãƒ‡ã‚£ãƒ¼ (Change Directory)

**ğŸ’» å®Ÿè¡Œçµæœ:**

```bash
$ cd /c/projects

$ pwd
/c/projects
```

**âœ… æˆåŠŸã®è¨¼æ‹ :** ã‚¨ãƒ©ãƒ¼ãŒå‡ºãªã„ã€`pwd`ã§ç¢ºèªã§ãã‚‹

---

#### ãƒ‘ã‚¿ãƒ¼ãƒ³2: ç›¸å¯¾ãƒ‘ã‚¹ã§ç§»å‹•

```bash
# ç¾åœ¨åœ°
$ pwd
/c/Users/YourName

# Desktopãƒ•ã‚©ãƒ«ãƒ€ã«ç§»å‹•
$ cd Desktop

$ pwd
/c/Users/YourName/Desktop
```

**ğŸ“Š å›³è§£:**

```
ç¾åœ¨åœ°: /c/Users/YourName
         â†“ cd Desktop
ç§»å‹•å…ˆ:  /c/Users/YourName/Desktop
```

---

#### ãƒ‘ã‚¿ãƒ¼ãƒ³3: è¦ªãƒ•ã‚©ãƒ«ãƒ€(ä¸€ã¤ä¸Š)ã«ç§»å‹•

```bash
# ç¾åœ¨åœ°
$ pwd
/c/Users/YourName/Desktop

# ä¸€ã¤ä¸Šã«ç§»å‹•
$ cd ..

$ pwd
/c/Users/YourName
```

**ğŸ“– èª­ã¿æ–¹:** `..` = ãƒ‰ãƒƒãƒˆãƒ»ãƒ‰ãƒƒãƒˆ (è¦ªãƒ•ã‚©ãƒ«ãƒ€)

**ğŸ“Š å›³è§£:**

```
/c/Users/YourName/Desktop  â† ç¾åœ¨åœ°
         â†‘ cd ..
/c/Users/YourName          â† ç§»å‹•å…ˆ
```

---

#### ãƒ‘ã‚¿ãƒ¼ãƒ³4: ãƒ›ãƒ¼ãƒ ãƒ‡ã‚£ãƒ¬ã‚¯ãƒˆãƒªã«ç§»å‹•

```bash
$ cd ~

$ pwd
/c/Users/YourName
```

**ğŸ“– èª­ã¿æ–¹:** `~` = ãƒãƒ«ãƒ€ (ãƒ›ãƒ¼ãƒ ãƒ‡ã‚£ãƒ¬ã‚¯ãƒˆãƒª)

---

#### ãƒ‘ã‚¿ãƒ¼ãƒ³5: è¤‡æ•°éšå±¤ã‚’ä¸€æ°—ã«ç§»å‹•

```bash
# 2ã¤ä¸Šã«ç§»å‹•
$ cd ../..

# 3ã¤ä¸Šã«ç§»å‹•
$ cd ../../..

# ç‰¹å®šã®ãƒ•ã‚©ãƒ«ãƒ€ã«ä¸€æ°—ã«ç§»å‹•
$ cd /c/projects/myapp/src/components
```

---

### ğŸ“‹ ç§»å‹•ã®ã¾ã¨ã‚è¡¨

| ã‚³ãƒãƒ³ãƒ‰ | æ„å‘³ | ä¾‹ |
|---------|------|-----|
| `cd /c/projects` | çµ¶å¯¾ãƒ‘ã‚¹ã§ç§»å‹• | Cãƒ‰ãƒ©ã‚¤ãƒ–ã®projectsã¸ |
| `cd Desktop` | ç›¸å¯¾ãƒ‘ã‚¹ã§ç§»å‹• | ç¾åœ¨åœ°ã‹ã‚‰Desktopã¸ |
| `cd ..` | ä¸€ã¤ä¸Šã«ç§»å‹• | è¦ªãƒ•ã‚©ãƒ«ãƒ€ã¸ |
| `cd ~` | ãƒ›ãƒ¼ãƒ ã«ç§»å‹• | C:\Users\YourName ã¸ |
| `cd -` | ç›´å‰ã®å ´æ‰€ã«æˆ»ã‚‹ | è¡Œãæ¥ã™ã‚‹ |

---

## ğŸ“‚ ãƒ•ã‚©ãƒ«ãƒ€ãƒ»ãƒ•ã‚¡ã‚¤ãƒ«ã‚’è¦‹ã‚‹

### ãƒ•ã‚©ãƒ«ãƒ€ã®ä¸­èº«ã‚’ç¢ºèª

```bash
$ ls
```

**ğŸ“– èª­ã¿æ–¹:** `ls` = ã‚¨ãƒ«ãƒ»ã‚¨ã‚¹ (List)

**ğŸ’» å®Ÿè¡Œçµæœ:**

```bash
$ ls
Desktop  Documents  Downloads  Pictures
```

---

### è©³ç´°è¡¨ç¤º

```bash
$ ls -la
```

**ğŸ“– èª­ã¿æ–¹:** `ls -la` = ã‚¨ãƒ«ãƒ»ã‚¨ã‚¹ãƒ»ã‚ªãƒ—ã‚·ãƒ§ãƒ³ãƒ»ã‚¨ãƒ«ãƒ»ã‚¨ãƒ¼

**ğŸ’» å®Ÿè¡Œçµæœ:**

```bash
$ ls -la
total 8
drwxr-xr-x 1 User 197121    0 Oct  8 10:00 .
drwxr-xr-x 1 User 197121    0 Oct  8 09:00 ..
drwxr-xr-x 1 User 197121    0 Oct  8 10:00 Desktop
drwxr-xr-x 1 User 197121    0 Oct  8 10:00 Documents
-rw-r--r-- 1 User 197121  156 Oct  8 10:00 .bashrc
```

**ğŸ“Š è¦‹æ–¹:**

```
drwxr-xr-x  â† ãƒ•ã‚©ãƒ«ãƒ€
-rw-r--r--  â† ãƒ•ã‚¡ã‚¤ãƒ«
.bashrc     â† .ã§å§‹ã¾ã‚‹ = éš ã—ãƒ•ã‚¡ã‚¤ãƒ«
```

**ã‚ªãƒ—ã‚·ãƒ§ãƒ³è§£èª¬:**
- `-l` = è©³ç´°è¡¨ç¤º (long format)
- `-a` = éš ã—ãƒ•ã‚¡ã‚¤ãƒ«ã‚‚è¡¨ç¤º (all)
- `-la` = ä¸¡æ–¹

---

### ğŸ“Š lsã‚ªãƒ—ã‚·ãƒ§ãƒ³ä¸€è¦§

| ã‚³ãƒãƒ³ãƒ‰ | æ„å‘³ | ã‚ˆãä½¿ã†? |
|---------|------|----------|
| `ls` | åŸºæœ¬è¡¨ç¤º | â­â­â­ |
| `ls -l` | è©³ç´°è¡¨ç¤º | â­â­â­ |
| `ls -a` | éš ã—ãƒ•ã‚¡ã‚¤ãƒ«ã‚‚ | â­â­ |
| `ls -la` | å…¨ã¦è©³ç´°è¡¨ç¤º | â­â­â­ |
| `ls -lh` | ã‚µã‚¤ã‚ºã‚’èª­ã¿ã‚„ã™ã | â­â­ |

---

## ğŸ†• ãƒ•ã‚©ãƒ«ãƒ€ã‚’ä½œæˆã™ã‚‹

### åŸºæœ¬ã®ãƒ•ã‚©ãƒ«ãƒ€ä½œæˆ

```bash
$ mkdir myproject
```

**ğŸ“– èª­ã¿æ–¹:** `mkdir` = ã‚¨ãƒ ã‚±ãƒ¼ãƒ»ãƒ‡ã‚£ãƒ¼ã‚¢ã‚¤ã‚¢ãƒ¼ãƒ« (Make Directory)

**ğŸ’» å®Ÿè¡Œçµæœ:**

```bash
$ mkdir myproject

$ ls
myproject

$ cd myproject

$ pwd
/c/Users/YourName/myproject
```

**âœ… æˆåŠŸã®è¨¼æ‹ :** ã‚¨ãƒ©ãƒ¼ãŒå‡ºãªã„ã€`ls`ã§ç¢ºèªã§ãã‚‹

---

### è¤‡æ•°éšå±¤ã‚’ä¸€æ°—ã«ä½œæˆ

```bash
$ mkdir -p myproject/src/components
```

**ğŸ“– èª­ã¿æ–¹:** `-p` = ãƒ”ãƒ¼ (parentsã€è¦ªãƒ•ã‚©ãƒ«ãƒ€ã‚‚ä½œæˆ)

**ğŸ“Š å›³è§£:**

```
Before:
/c/Users/YourName
  (ä½•ã‚‚ãªã„)

After:
/c/Users/YourName
  â””â”€â”€ myproject
       â””â”€â”€ src
            â””â”€â”€ components
```

**ğŸ’» ç¢ºèª:**

```bash
$ ls -R myproject
myproject:
src

myproject/src:
components

myproject/src/components:
```

---

### è¤‡æ•°ã®ãƒ•ã‚©ãƒ«ãƒ€ã‚’åŒæ™‚ã«ä½œæˆ

```bash
$ mkdir folder1 folder2 folder3
```

**ğŸ’» å®Ÿè¡Œçµæœ:**

```bash
$ mkdir folder1 folder2 folder3

$ ls
folder1  folder2  folder3
```

---

## ğŸ“ ãƒ•ã‚¡ã‚¤ãƒ«ã‚’ä½œæˆã™ã‚‹

### ç©ºãƒ•ã‚¡ã‚¤ãƒ«ã‚’ä½œæˆ

```bash
$ touch app.py
```

**ğŸ“– èª­ã¿æ–¹:** `touch` = ã‚¿ãƒƒãƒ

**ğŸ’» å®Ÿè¡Œçµæœ:**

```bash
$ touch app.py

$ ls
app.py

$ ls -l app.py
-rw-r--r-- 1 User 197121 0 Oct  8 10:00 app.py
                         â†‘ ã‚µã‚¤ã‚º0ãƒã‚¤ãƒˆ = ç©ºãƒ•ã‚¡ã‚¤ãƒ«
```

---

### è¤‡æ•°ãƒ•ã‚¡ã‚¤ãƒ«ã‚’åŒæ™‚ã«ä½œæˆ

```bash
$ touch main.py utils.py config.py
```

**ğŸ’» å®Ÿè¡Œçµæœ:**

```bash
$ touch main.py utils.py config.py

$ ls
config.py  main.py  utils.py
```

---

### ãƒ†ã‚­ã‚¹ãƒˆãƒ•ã‚¡ã‚¤ãƒ«ã«å†…å®¹ã‚’æ›¸ãè¾¼ã‚€

#### ãƒ‘ã‚¿ãƒ¼ãƒ³1: echoã§ä¸€è¡Œæ›¸ãè¾¼ã¿

```bash
$ echo "print('Hello')" > test.py
```

**ğŸ“– èª­ã¿æ–¹:** 
- `echo` = ã‚¨ã‚³ãƒ¼ (è¡¨ç¤º)
- `>` = ãƒªãƒ€ã‚¤ãƒ¬ã‚¯ãƒˆ (ãƒ•ã‚¡ã‚¤ãƒ«ã«æ›¸ãè¾¼ã‚€)

**ğŸ’» å®Ÿè¡Œçµæœ:**

```bash
$ echo "print('Hello')" > test.py

$ cat test.py
print('Hello')
```

**ğŸ“– èª­ã¿æ–¹:** `cat` = ã‚­ãƒ£ãƒƒãƒˆ (ãƒ•ã‚¡ã‚¤ãƒ«å†…å®¹è¡¨ç¤º)

---

#### ãƒ‘ã‚¿ãƒ¼ãƒ³2: è¿½è¨˜ã™ã‚‹

```bash
$ echo "print('World')" >> test.py
```

**ğŸ“– èª­ã¿æ–¹:** `>>` = è¿½è¨˜ãƒªãƒ€ã‚¤ãƒ¬ã‚¯ãƒˆ

**ğŸ’» å®Ÿè¡Œçµæœ:**

```bash
$ cat test.py
print('Hello')
print('World')
```

**âš ï¸ æ³¨æ„:**
- `>` = ä¸Šæ›¸ã (å…ƒã®å†…å®¹ãŒæ¶ˆãˆã‚‹)
- `>>` = è¿½è¨˜ (å…ƒã®å†…å®¹ã«è¿½åŠ )

---

### ğŸ“Š ãƒªãƒ€ã‚¤ãƒ¬ã‚¯ãƒˆè¨˜å·ã¾ã¨ã‚

| è¨˜å· | æ„å‘³ | ä½¿ã„æ–¹ |
|------|------|--------|
| `>` | ä¸Šæ›¸ã | `echo "text" > file.txt` |
| `>>` | è¿½è¨˜ | `echo "text" >> file.txt` |
| `<` | å…¥åŠ› | `command < input.txt` |
| `\|` | ãƒ‘ã‚¤ãƒ— | `ls \| grep "test"` |

---

## ğŸ—‘ï¸ ãƒ•ã‚¡ã‚¤ãƒ«ãƒ»ãƒ•ã‚©ãƒ«ãƒ€ã‚’å‰Šé™¤ã™ã‚‹

### ãƒ•ã‚¡ã‚¤ãƒ«ã‚’å‰Šé™¤

```bash
$ rm test.py
```

**ğŸ“– èª­ã¿æ–¹:** `rm` = ã‚¢ãƒ¼ãƒ«ã‚¨ãƒ  (Remove)

**ğŸ’» å®Ÿè¡Œçµæœ:**

```bash
$ ls
test.py

$ rm test.py

$ ls
(ä½•ã‚‚è¡¨ç¤ºã•ã‚Œãªã„)
```

**âš ï¸ è­¦å‘Š:** å‰Šé™¤ã—ãŸãƒ•ã‚¡ã‚¤ãƒ«ã¯**ã‚´ãƒŸç®±ã«å…¥ã‚‰ãªã„!** å®Œå…¨ã«æ¶ˆãˆã‚‹!

---

### è¤‡æ•°ãƒ•ã‚¡ã‚¤ãƒ«ã‚’å‰Šé™¤

```bash
$ rm file1.txt file2.txt file3.txt
```

---

### ãƒ•ã‚©ãƒ«ãƒ€ã‚’å‰Šé™¤

```bash
$ rm -r myfolder
```

**ğŸ“– èª­ã¿æ–¹:** `-r` = ã‚¢ãƒ¼ãƒ« (recursiveã€å†å¸°çš„ã«å…¨ã¦å‰Šé™¤)

**âš ï¸ è­¦å‘Š:** ãƒ•ã‚©ãƒ«ãƒ€ã®ä¸­èº«ã‚‚**å…¨ã¦æ¶ˆãˆã‚‹!**

---

### ç¢ºèªã—ãªãŒã‚‰å‰Šé™¤

```bash
$ rm -i test.py
rm: remove regular file 'test.py'? y
```

**ğŸ“– èª­ã¿æ–¹:** `-i` = ã‚¢ã‚¤ (interactiveã€å¯¾è©±çš„)

**æ“ä½œæ–¹æ³•:**
- `y` = Yes (å‰Šé™¤ã™ã‚‹)
- `n` = No (å‰Šé™¤ã—ãªã„)

---

### ğŸš¨ å®‰å…¨ãªå‰Šé™¤ã®ãƒ™ã‚¹ãƒˆãƒ—ãƒ©ã‚¯ãƒ†ã‚£ã‚¹

```bash
# âŒ å±é™º! ã„ããªã‚Šå‰Šé™¤
$ rm -rf *

# âœ… å®‰å…¨! ã¾ãšç¢ºèª
$ ls
file1.txt  file2.txt

# âœ… å®‰å…¨! å‰Šé™¤å‰ã«ãƒãƒƒã‚¯ã‚¢ãƒƒãƒ—
$ cp important.txt important.txt.backup

# âœ… å®‰å…¨! ç¢ºèªã—ãªãŒã‚‰å‰Šé™¤
$ rm -i important.txt
```

---

## ğŸ“‹ ãƒ•ã‚¡ã‚¤ãƒ«ãƒ»ãƒ•ã‚©ãƒ«ãƒ€æ“ä½œã¾ã¨ã‚

### ã‚³ãƒ”ãƒ¼

```bash
$ cp source.txt destination.txt
```

**ğŸ“– èª­ã¿æ–¹:** `cp` = ã‚·ãƒ¼ãƒ»ãƒ”ãƒ¼ (Copy)

**ğŸ’» ä¾‹:**

```bash
# ãƒ•ã‚¡ã‚¤ãƒ«ã‚’ã‚³ãƒ”ãƒ¼
$ cp app.py app_backup.py

# ãƒ•ã‚©ãƒ«ãƒ€ã‚’ã‚³ãƒ”ãƒ¼
$ cp -r myfolder myfolder_backup
```

---

### ç§»å‹•ãƒ»ãƒªãƒãƒ¼ãƒ 

```bash
$ mv old.txt new.txt
```

**ğŸ“– èª­ã¿æ–¹:** `mv` = ã‚¨ãƒ ãƒ»ãƒ–ã‚¤ (Move)

**ğŸ’» ä¾‹:**

```bash
# ãƒªãƒãƒ¼ãƒ 
$ mv old_name.py new_name.py

# ç§»å‹•
$ mv file.txt /c/projects/

# ç§»å‹•+ãƒªãƒãƒ¼ãƒ 
$ mv old.txt /c/projects/new.txt
```

---

## ğŸ“Š åŸºæœ¬ã‚³ãƒãƒ³ãƒ‰å®Œå…¨ä¸€è¦§è¡¨

| ã‚³ãƒãƒ³ãƒ‰ | èª­ã¿æ–¹ | æ„å‘³ | ä¾‹ |
|---------|-------|------|-----|
| `pwd` | ãƒ”ãƒ¼ãƒ»ãƒ€ãƒ–ãƒªãƒ¥ãƒ¼ãƒ»ãƒ‡ã‚£ãƒ¼ | ç¾åœ¨åœ°è¡¨ç¤º | `pwd` |
| `cd` | ã‚·ãƒ¼ãƒ»ãƒ‡ã‚£ãƒ¼ | ãƒ•ã‚©ãƒ«ãƒ€ç§»å‹• | `cd /c/projects` |
| `ls` | ã‚¨ãƒ«ãƒ»ã‚¨ã‚¹ | ä¸€è¦§è¡¨ç¤º | `ls -la` |
| `mkdir` | ã‚¨ãƒ ã‚±ãƒ¼ãƒ»ãƒ‡ã‚£ãƒ¼ã‚¢ã‚¤ã‚¢ãƒ¼ãƒ« | ãƒ•ã‚©ãƒ«ãƒ€ä½œæˆ | `mkdir test` |
| `touch` | ã‚¿ãƒƒãƒ | ãƒ•ã‚¡ã‚¤ãƒ«ä½œæˆ | `touch app.py` |
| `rm` | ã‚¢ãƒ¼ãƒ«ã‚¨ãƒ  | å‰Šé™¤ | `rm file.txt` |
| `cp` | ã‚·ãƒ¼ãƒ»ãƒ”ãƒ¼ | ã‚³ãƒ”ãƒ¼ | `cp a.txt b.txt` |
| `mv` | ã‚¨ãƒ ãƒ»ãƒ–ã‚¤ | ç§»å‹•/ãƒªãƒãƒ¼ãƒ  | `mv old.txt new.txt` |
| `cat` | ã‚­ãƒ£ãƒƒãƒˆ | ãƒ•ã‚¡ã‚¤ãƒ«è¡¨ç¤º | `cat app.py` |
| `echo` | ã‚¨ã‚³ãƒ¼ | æ–‡å­—åˆ—è¡¨ç¤º | `echo "test"` |
| `clear` | ã‚¯ãƒªã‚¢ | ç”»é¢ã‚¯ãƒªã‚¢ | `clear` |

---

## ğŸ”§ GitåˆæœŸè¨­å®š {#gitåˆæœŸè¨­å®š}

### ã‚¹ãƒ†ãƒƒãƒ—1: GitãŒã‚¤ãƒ³ã‚¹ãƒˆãƒ¼ãƒ«ã•ã‚Œã¦ã„ã‚‹ã‹ç¢ºèª

```bash
$ git --version
```

**ğŸ’» å®Ÿè¡Œçµæœ:**

```bash
$ git --version
git version 2.42.0.windows.1
```

**âœ… æˆåŠŸ:** ãƒãƒ¼ã‚¸ãƒ§ãƒ³ç•ªå·ãŒè¡¨ç¤ºã•ã‚Œã‚‹  
**âŒ å¤±æ•—:** `command not found` â†’ Gitã‚’ã‚¤ãƒ³ã‚¹ãƒˆãƒ¼ãƒ«

**ğŸ“¥ Gitã‚¤ãƒ³ã‚¹ãƒˆãƒ¼ãƒ«æ–¹æ³•:**
1. https://git-scm.com/download/win ã«ã‚¢ã‚¯ã‚»ã‚¹
2. 64-bitç‰ˆã‚’ãƒ€ã‚¦ãƒ³ãƒ­ãƒ¼ãƒ‰
3. ã‚¤ãƒ³ã‚¹ãƒˆãƒ¼ãƒ©ãƒ¼ã‚’å®Ÿè¡Œ(å…¨ã¦ãƒ‡ãƒ•ã‚©ãƒ«ãƒˆã§OK)
4. GitBashã‚’å†èµ·å‹•

---

### ã‚¹ãƒ†ãƒƒãƒ—2: ãƒ¦ãƒ¼ã‚¶ãƒ¼åã¨ãƒ¡ãƒ¼ãƒ«ã‚¢ãƒ‰ãƒ¬ã‚¹ã‚’è¨­å®š

```bash
$ git config --global user.name "Yamada Taro"
```

**ğŸ“– èª­ã¿æ–¹:**
- `git config` = ã‚®ãƒƒãƒˆãƒ»ã‚³ãƒ³ãƒ•ã‚£ã‚° (è¨­å®š)
- `--global` = ã‚°ãƒ­ãƒ¼ãƒãƒ« (å…¨ä½“ã«é©ç”¨)
- `user.name` = ãƒ¦ãƒ¼ã‚¶ãƒ¼å

**ğŸ’» ã‚³ãƒ”ãƒšç”¨:**

```bash
# åå‰ã‚’è¨­å®š(GitHubã®ãƒ¦ãƒ¼ã‚¶ãƒ¼åã§ã‚‚OK)
git config --global user.name "Yamada Taro"

# ãƒ¡ãƒ¼ãƒ«ã‚¢ãƒ‰ãƒ¬ã‚¹ã‚’è¨­å®š(GitHubã§ä½¿ã£ã¦ã„ã‚‹ãƒ¡ãƒ¼ãƒ«)
git config --global user.email "yamada@example.com"

# ç¢ºèª
git config --list
```

**âœ… æˆåŠŸæ™‚ã®è¡¨ç¤º:**

```bash
$ git config --list
user.name=Yamada Taro
user.email=yamada@example.com
...
```

---

### ã‚¹ãƒ†ãƒƒãƒ—3: ãƒ‡ãƒ•ã‚©ãƒ«ãƒˆãƒ–ãƒ©ãƒ³ãƒåã‚’è¨­å®š

```bash
$ git config --global init.defaultBranch main
```

**ğŸ’¡ ç†ç”±:** æœ€è¿‘ã®GitHubã¯ãƒ‡ãƒ•ã‚©ãƒ«ãƒˆãŒ`main`ã«ãªã£ãŸ

---

### ã‚¹ãƒ†ãƒƒãƒ—4: æ”¹è¡Œã‚³ãƒ¼ãƒ‰è¨­å®š(Windows)

```bash
$ git config --global core.autocrlf true
```

**ğŸ“– èª­ã¿æ–¹:**
- `core.autocrlf` = ã‚³ã‚¢ãƒ»ã‚ªãƒ¼ãƒˆãƒ»ã‚·ãƒ¼ã‚¢ãƒ¼ãƒ«ã‚¨ãƒ«ã‚¨ãƒ• (è‡ªå‹•æ”¹è¡Œå¤‰æ›)
- `true` = æœ‰åŠ¹

**ğŸ’¡ ç†ç”±:** Windowsã¨Mac/Linuxã§æ”¹è¡Œã‚³ãƒ¼ãƒ‰ãŒé•ã†ãŸã‚

---

## ğŸ”‘ GitHubé€£æº {#githubé€£æº}

### ã‚¹ãƒ†ãƒƒãƒ—1: SSHéµã‚’ä½œæˆ

```bash
$ ssh-keygen -t ed25519 -C "yamada@example.com"
```

**ğŸ“– èª­ã¿æ–¹:**
- `ssh-keygen` = ã‚¨ã‚¹ã‚¨ã‚¹ã‚¨ã‚¤ãƒãƒ»ã‚­ãƒ¼ã‚¸ã‚§ãƒ³ (SSHéµç”Ÿæˆ)
- `-t ed25519` = ã‚¿ã‚¤ãƒ—ãƒ»ã‚¤ãƒ¼ãƒ‡ã‚£ãƒ¼25519 (æš—å·åŒ–æ–¹å¼)
- `-C` = ã‚³ãƒ¡ãƒ³ãƒˆ (è­˜åˆ¥ç”¨ãƒ¡ãƒ¼ãƒ«ã‚¢ãƒ‰ãƒ¬ã‚¹)

**ğŸ’» å®Ÿè¡Œä¸­ã®è¡¨ç¤º:**

```bash
$ ssh-keygen -t ed25519 -C "yamada@example.com"
Generating public/private ed25519 key pair.
Enter file in which to save the key (/c/Users/YourName/.ssh/id_ed25519):
```

**ğŸ¯ æ“ä½œ:**
1. ä½•ã‚‚å…¥åŠ›ã›ãš **Enterã‚­ãƒ¼**
2. `Enter passphrase:` â†’ **Enterã‚­ãƒ¼** (ãƒ‘ã‚¹ãƒ¯ãƒ¼ãƒ‰ä¸è¦ãªã‚‰)
3. `Enter same passphrase again:` â†’ **Enterã‚­ãƒ¼**

**âœ… æˆåŠŸæ™‚ã®è¡¨ç¤º:**

```bash
Your identification has been saved in /c/Users/YourName/.ssh/id_ed25519
Your public key has been saved in /c/Users/YourName/.ssh/id_ed25519.pub
The key fingerprint is:
SHA256:xxxxxxxxxxxxxxxxxxxxxxxxxxxxxxxxxxxxx yamada@example.com
```

**ğŸ“Š ä½œæˆã•ã‚ŒãŸãƒ•ã‚¡ã‚¤ãƒ«:**

```
/c/Users/YourName/.ssh/
  â”œâ”€â”€ id_ed25519     â† ç§˜å¯†éµ(çµ¶å¯¾ã«äººã«è¦‹ã›ãªã„!)
  â””â”€â”€ id_ed25519.pub â† å…¬é–‹éµ(GitHubã«ç™»éŒ²ã™ã‚‹)
```

---

### ã‚¹ãƒ†ãƒƒãƒ—2: å…¬é–‹éµã‚’ã‚³ãƒ”ãƒ¼

```bash
$ cat ~/.ssh/id_ed25519.pub
```

**ğŸ’» å®Ÿè¡Œçµæœ:**

```bash
$ cat ~/.ssh/id_ed25519.pub
ssh-ed25519 AAAAC3NzaC1lZDI1NTE5AAAAIGx7h... yamada@example.com
```

**ğŸ¯ æ“ä½œ:**
1. è¡¨ç¤ºã•ã‚ŒãŸ**å…¨æ–‡**ã‚’ã‚³ãƒ”ãƒ¼
2. `ssh-ed25519` ã‹ã‚‰ `yamada@example.com` ã¾ã§å…¨ã¦

---

### ã‚¹ãƒ†ãƒƒãƒ—3: GitHubã«å…¬é–‹éµã‚’ç™»éŒ²

**ğŸŒ ãƒ–ãƒ©ã‚¦ã‚¶ã§æ“ä½œ:**

1. **GitHub.com ã«ãƒ­ã‚°ã‚¤ãƒ³**
2. å³ä¸Šã®ã‚¢ã‚¤ã‚³ãƒ³ã‚’ã‚¯ãƒªãƒƒã‚¯ â†’ **Settings**
3. å·¦ãƒ¡ãƒ‹ãƒ¥ãƒ¼ â†’ **SSH and GPG keys**
4. **New SSH key** ãƒœã‚¿ãƒ³ã‚’ã‚¯ãƒªãƒƒã‚¯
5. å…¥åŠ›:
   - **Title:** `Windows PC` (ã‚ã‹ã‚Šã‚„ã™ã„åå‰)
   - **Key:** ã‚³ãƒ”ãƒ¼ã—ãŸå…¬é–‹éµã‚’è²¼ã‚Šä»˜ã‘
6. **Add SSH key** ãƒœã‚¿ãƒ³ã‚’ã‚¯ãƒªãƒƒã‚¯
7. ãƒ‘ã‚¹ãƒ¯ãƒ¼ãƒ‰ç¢ºèª â†’ å®Œäº†!

**ğŸ“Š å›³è§£:**

```
[GitHub]
    â†‘
    | SSHæ¥ç¶š(æš—å·åŒ–)
    | å…¬é–‹éµã§èªè¨¼
    â†“
[ã‚ãªãŸã®PC]
  ç§˜å¯†éµã§è¨¼æ˜
```

---

### ã‚¹ãƒ†ãƒƒãƒ—4: æ¥ç¶šãƒ†ã‚¹ãƒˆ

```bash
$ ssh -T git@github.com
```

**ğŸ“– èª­ã¿æ–¹:** `ssh -T` = ã‚¨ã‚¹ã‚¨ã‚¹ã‚¨ã‚¤ãƒãƒ»ãƒ†ã‚¹ãƒˆ

**ğŸ’» åˆå›å®Ÿè¡Œæ™‚:**

```bash
$ ssh -T git@github.com
The authenticity of host 'github.com' can't be established.
ED25519 key fingerprint is SHA256:xxxxx...
Are you sure you want to continue connecting (yes/no/[fingerprint])? yes
```

**ğŸ¯ æ“ä½œ:** `yes` ã¨å…¥åŠ›ã—ã¦ Enter

**âœ… æˆåŠŸæ™‚ã®è¡¨ç¤º:**

```bash
Hi YamadaTaro! You've successfully authenticated, but GitHub does not provide shell access.
```

**ğŸ‰ ã“ã‚Œã§æ¥ç¶šå®Œäº†!**

---

## ğŸ“¦ ãƒªãƒã‚¸ãƒˆãƒªä½œæˆã¨GitHubé€£æº {#æ—¥å¸¸ã®gitä½œæ¥­}

### ã‚·ãƒŠãƒªã‚ª: æ–°è¦ãƒ—ãƒ­ã‚¸ã‚§ã‚¯ãƒˆã‚’ä½œæˆã—ã¦GitHubã«ã‚¢ãƒƒãƒ—

#### ã‚¹ãƒ†ãƒƒãƒ—1: ãƒ—ãƒ­ã‚¸ã‚§ã‚¯ãƒˆãƒ•ã‚©ãƒ«ãƒ€ã‚’ä½œæˆ

```bash
# projectsãƒ•ã‚©ãƒ«ãƒ€ã«ç§»å‹•
$ cd /c/projects

# ãƒ—ãƒ­ã‚¸ã‚§ã‚¯ãƒˆãƒ•ã‚©ãƒ«ãƒ€ã‚’ä½œæˆ
$ mkdir myapp

# ç§»å‹•
$ cd myapp

# ç¢ºèª
$ pwd
/c/projects/myapp
```

---

#### ã‚¹ãƒ†ãƒƒãƒ—2: Gitãƒªãƒã‚¸ãƒˆãƒªã‚’åˆæœŸåŒ–

```bash
$ git init
```

**ğŸ“– èª­ã¿æ–¹:** `git init` = ã‚®ãƒƒãƒˆãƒ»ã‚¤ãƒ‹ãƒƒãƒˆ (åˆæœŸåŒ–)

**ğŸ’» å®Ÿè¡Œçµæœ:**

```bash
$ git init
Initialized empty Git repository in /c/projects/myapp/.git/
```

**âœ… æˆåŠŸã®è¨¼æ‹ :**
- `Initialized empty Git repository` ã¨è¡¨ç¤º
- `.git` ãƒ•ã‚©ãƒ«ãƒ€ãŒä½œæˆã•ã‚Œã‚‹

**ç¢ºèª:**

```bash
$ ls -la
total 0
drwxr-xr-x 1 User 197121 0 Oct  8 10:00 .
drwxr-xr-x 1 User 197121 0 Oct  8 09:00 ..
drwxr-xr-x 1 User 197121 0 Oct  8 10:00 .git  â† ã“ã‚ŒãŒä½œæˆã•ã‚ŒãŸ!
```

---

#### ã‚¹ãƒ†ãƒƒãƒ—3: ãƒ•ã‚¡ã‚¤ãƒ«ã‚’ä½œæˆ

```bash
# ãƒ¡ã‚¤ãƒ³ãƒ•ã‚¡ã‚¤ãƒ«ã‚’ä½œæˆ
$ touch app.py

# READMEã‚’ä½œæˆ
$ echo "# My App" > README.md

# ç¢ºèª
$ ls
README.md  app.py
```

---

#### ã‚¹ãƒ†ãƒƒãƒ—4: .gitignoreã‚’ä½œæˆ

```bash
$ cat > .gitignore << EOF
__pycache__/
*.pyc
.env
venv/
EOF
```

**ğŸ“– æ„å‘³:** 
- `.gitignore` = Gitã§ç®¡ç†ã—ãªã„ãƒ•ã‚¡ã‚¤ãƒ«ã‚’æŒ‡å®š
- `__pycache__/` = Pythonã®ã‚­ãƒ£ãƒƒã‚·ãƒ¥
- `*.pyc` = ã‚³ãƒ³ãƒ‘ã‚¤ãƒ«æ¸ˆã¿Python
- `.env` = ç’°å¢ƒå¤‰æ•°(ç§˜å¯†æƒ…å ±)
- `venv/` = ä»®æƒ³ç’°å¢ƒ

**ç¢ºèª:**

```bash
$ cat .gitignore
__pycache__/
*.pyc
.env
venv/
```

---

#### ã‚¹ãƒ†ãƒƒãƒ—5: ãƒ•ã‚¡ã‚¤ãƒ«ã‚’ã‚¹ãƒ†ãƒ¼ã‚¸ãƒ³ã‚°

```bash
$ git add .
```

**ğŸ“– èª­ã¿æ–¹:** 
- `git add` = ã‚®ãƒƒãƒˆãƒ»ã‚¢ãƒ‰ (è¿½åŠ )
- `.` = ãƒ‰ãƒƒãƒˆ (å…¨ã¦ã®ãƒ•ã‚¡ã‚¤ãƒ«)

**ğŸ’» å®Ÿè¡Œçµæœ:**

```bash
$ git add .
(ä½•ã‚‚è¡¨ç¤ºã•ã‚Œãªã„ = æˆåŠŸ)
```

**ç¢ºèª:**

```bash
$ git status
On branch main

No commits yet

Changes to be committed:
  (use "git rm --cached <file>..." to unstage)
        new file:   .gitignore
        new file:   README.md
        new file:   app.py
```

**âœ… æˆåŠŸã®è¨¼æ‹ :**
- `Changes to be committed` = ã‚³ãƒŸãƒƒãƒˆæº–å‚™å®Œäº†
- ãƒ•ã‚¡ã‚¤ãƒ«åãŒç·‘è‰²

---

#### ã‚¹ãƒ†ãƒƒãƒ—6: åˆå›ã‚³ãƒŸãƒƒãƒˆ

```bash
$ git commit -m "Initial commit"
```

**ğŸ“– èª­ã¿æ–¹:**
- `git commit` = ã‚®ãƒƒãƒˆãƒ»ã‚³ãƒŸãƒƒãƒˆ (è¨˜éŒ²)
- `-m` = ãƒ¡ãƒƒã‚»ãƒ¼ã‚¸
- `"Initial commit"` = åˆå›ã‚³ãƒŸãƒƒãƒˆã®å®šå‹æ–‡

**ğŸ’» å®Ÿè¡Œçµæœ:**

```bash
$ git commit -m "Initial commit"
[main (root-commit) a1b2c3d] Initial commit
 3 files changed, 5 insertions(+)
 create mode 100644 .gitignore
 create mode 100644 README.md
 create mode 100644 app.py
```

**âœ… æˆåŠŸã®è¨¼æ‹ :**
- `[main a1b2c3d] Initial commit` = ã‚³ãƒŸãƒƒãƒˆæˆåŠŸ
- `3 files changed` = 3ãƒ•ã‚¡ã‚¤ãƒ«ãŒè¨˜éŒ²ã•ã‚ŒãŸ

---

#### ã‚¹ãƒ†ãƒƒãƒ—7: GitHubã«ãƒªãƒã‚¸ãƒˆãƒªã‚’ä½œæˆ

**ğŸŒ ãƒ–ãƒ©ã‚¦ã‚¶ã§æ“ä½œ:**

1. **GitHub.com ã«ãƒ­ã‚°ã‚¤ãƒ³**
2. å³ä¸Šã® **+** ã‚¢ã‚¤ã‚³ãƒ³ â†’ **New repository**
3. å…¥åŠ›:
   - **Repository name:** `myapp`
   - **Description:** ãƒ—ãƒ­ã‚¸ã‚§ã‚¯ãƒˆã®èª¬æ˜(ä»»æ„)
   - **Public** ã¾ãŸã¯ **Private** ã‚’é¸æŠ
   - âš ï¸ **Initialize this repository with:** **å…¨ã¦ãƒã‚§ãƒƒã‚¯ãªã—!**
4. **Create repository** ãƒœã‚¿ãƒ³ã‚’ã‚¯ãƒªãƒƒã‚¯

**ğŸ“Š ä½œæˆå¾Œã®ç”»é¢:**

```
â€¦or push an existing repository from the command line

git remote add origin git@github.com:YourName/myapp.git
git branch -M main
git push -u origin main
```

**ã“ã‚Œã‚’ã‚³ãƒ”ãƒ¼ã—ã¦ä½¿ã„ã¾ã™!**

---

#### ã‚¹ãƒ†ãƒƒãƒ—8: ãƒªãƒ¢ãƒ¼ãƒˆãƒªãƒã‚¸ãƒˆãƒªã‚’ç™»éŒ²

```bash
$ git remote add origin git@github.com:YourName/myapp.git
```

**ğŸ“– èª­ã¿æ–¹:**
- `git remote add` = ã‚®ãƒƒãƒˆãƒ»ãƒªãƒ¢ãƒ¼ãƒˆãƒ»ã‚¢ãƒ‰ (ãƒªãƒ¢ãƒ¼ãƒˆè¿½åŠ )
- `origin` = ã‚ªãƒªã‚¸ãƒ³ (ãƒªãƒ¢ãƒ¼ãƒˆã®åå‰ã€æ…£ä¾‹)
- `git@github.com:YourName/myapp.git` = GitHubã®SSH URL

**ğŸ’» å®Ÿè¡Œçµæœ:**

```bash
$ git remote add origin git@github.com:YourName/myapp.git
(ä½•ã‚‚è¡¨ç¤ºã•ã‚Œãªã„ = æˆåŠŸ)
```

**ç¢ºèª:**

```bash
$ git remote -v
origin  git@github.com:YourName/myapp.git (fetch)
origin  git@github.com:YourName/myapp.git (push)
```

---

#### ã‚¹ãƒ†ãƒƒãƒ—9: GitHubã«ãƒ—ãƒƒã‚·ãƒ¥

```bash
$ git push -u origin main
```

**ğŸ“– èª­ã¿æ–¹:**
- `git push` = ã‚®ãƒƒãƒˆãƒ»ãƒ—ãƒƒã‚·ãƒ¥ (é€ä¿¡)
- `-u` = ãƒ¦ãƒ¼ (upstreamã€ä¸Šæµã‚’è¨­å®š)
- `origin main` = originã®mainãƒ–ãƒ©ãƒ³ãƒã¸

**ğŸ’» å®Ÿè¡Œçµæœ:**

```bash
$ git push -u origin main
Enumerating objects: 5, done.
Counting objects: 100% (5/5), done.
Delta compression using up to 8 threads
Compressing objects: 100% (3/3), done.
Writing objects: 100% (5/5), 456 bytes | 456.00 KiB/s, done.
Total 5 (delta 0), reused 0 (delta 0), pack-reused 0
To github.com:YourName/myapp.git
 * [new branch]      main -> main
Branch 'main' set up to track remote branch 'main' from 'origin'.
```

**âœ… æˆåŠŸã®è¨¼æ‹ :**
- `done.` ãŒè¡¨ç¤ºã•ã‚Œã‚‹
- `[new branch] main -> main` = æ–°ã—ã„ãƒ–ãƒ©ãƒ³ãƒãŒä½œæˆã•ã‚ŒãŸ
- ã‚¨ãƒ©ãƒ¼ãƒ¡ãƒƒã‚»ãƒ¼ã‚¸ãŒç„¡ã„

---

## ğŸ”„ æ—¥å¸¸ã®Gitä½œæ¥­ãƒ•ãƒ­ãƒ¼

### ğŸ“Š å…¨ä½“ã®æµã‚Œå›³

```
1. ã‚³ãƒ¼ãƒ‰ç·¨é›†
   â†“
2. git status (ç¢ºèª)
   â†“
3. git add . (ã‚¹ãƒ†ãƒ¼ã‚¸ãƒ³ã‚°)
   â†“
4. git commit -m "message" (ã‚³ãƒŸãƒƒãƒˆ)
   â†“
5. git push (GitHubã«é€ä¿¡)
```

---

### ã‚¹ãƒ†ãƒƒãƒ—ãƒã‚¤ã‚¹ãƒ†ãƒƒãƒ—

#### 1. ãƒ•ã‚¡ã‚¤ãƒ«ã‚’ç·¨é›†

```bash
$ code app.py
# ã¾ãŸã¯
$ vim app.py
# ã¾ãŸã¯
$ notepad app.py
```

---

#### 2. çŠ¶æ…‹ã‚’ç¢ºèª

```bash
$ git status
```

 | ãƒ‰ãƒ«ãƒãƒ¼ã‚¯ | âŒ NO | GitBashãƒ—ãƒ­ãƒ³ãƒ—ãƒˆ |
| `>>>` | å¤§ãªã‚Š3ã¤ | âŒ NO | Pythonãƒ—ãƒ­ãƒ³ãƒ—ãƒˆ |
| `...` | ãƒ‰ãƒƒãƒˆ3ã¤ | âŒ NO | Pythonç¶šã |
| `#` | ã‚·ãƒ£ãƒ¼ãƒ— | âŒ NO | ã‚³ãƒ¡ãƒ³ãƒˆ |
| `(main)` | ãƒ–ãƒ©ãƒ³ãƒè¡¨ç¤º | âŒ NO | ç¾åœ¨ã®ãƒ–ãƒ©ãƒ³ãƒ |
| `/c/` | ãƒ‘ã‚¹ | âŒ NO | ç¾åœ¨åœ°è¡¨ç¤º |

**âœ… å…¥åŠ›ã™ã‚‹ã®ã¯:**
- ã‚³ãƒãƒ³ãƒ‰æœ¬ä½“ã ã‘!
- ä¾‹: `git status`
- ä¾‹: `cd /c/projects`

---

### ã‚³ãƒãƒ³ãƒ‰ã®è‰²ã®æ„å‘³

```bash
$ git status
On branch main
Changes to be committed:
  (use "git restore --staged <file>..." to unstage)
        modified:   app.py    â† ç·‘è‰²

Changes not staged for commit:
  (use "git add <file>..." to update what will be committed)
  (use "git restore <file>..." to discard changes in working directory)
        modified:   utils.py  â† èµ¤è‰²

Untracked files:
  (use "git add <file>..." to include in what will be committed)
        test.py               â† èµ¤è‰²
```

**ğŸ“Š è‰²ã®æ„å‘³:**

| è‰² | çŠ¶æ…‹ | ã‚„ã‚‹ã“ã¨ |
|----|------|---------|
| **ç·‘è‰²** | ã‚¹ãƒ†ãƒ¼ã‚¸ãƒ³ã‚°æ¸ˆã¿ | `git commit` |
| **èµ¤è‰²** | æœªã‚¹ãƒ†ãƒ¼ã‚¸ãƒ³ã‚° | `git add` |
| ç™½è‰² | ã‚³ãƒŸãƒƒãƒˆæ¸ˆã¿ | ä½•ã‚‚ã—ãªã„ |

---

## ğŸ¯ ã‚ˆãã‚ã‚‹ã‚¨ãƒ©ãƒ¼ã¨è§£æ±ºæ–¹æ³•

### ã‚¨ãƒ©ãƒ¼1: permission denied

```bash
$ git push
git@github.com: Permission denied (publickey).
fatal: Could not read from remote repository.
```

**ğŸ“– æ„å‘³:** SSHéµã®èªè¨¼ã‚¨ãƒ©ãƒ¼

**âœ… è§£æ±ºæ–¹æ³•:**

```bash
# SSHéµãŒå­˜åœ¨ã™ã‚‹ã‹ç¢ºèª
$ ls -la ~/.ssh/
id_ed25519  id_ed25519.pub

# æ¥ç¶šãƒ†ã‚¹ãƒˆ
$ ssh -T git@github.com

# ãƒ€ãƒ¡ãªã‚‰éµã‚’å†ä½œæˆ
$ ssh-keygen -t ed25519 -C "your.email@example.com"
# å…¬é–‹éµã‚’GitHubã«å†ç™»éŒ²
```

---

### ã‚¨ãƒ©ãƒ¼2: Your branch is behind

```bash
$ git push
To github.com:YourName/myapp.git
 ! [rejected]        main -> main (fetch first)
error: failed to push some refs to 'github.com:YourName/myapp.git'
hint: Updates were rejected because the remote contains work that you do
hint: not have locally. This is usually caused by another repository pushing
hint: to the same ref. You may want to first integrate the remote changes
hint: (e.g., 'git pull ...') before pushing again.
```

**ğŸ“– æ„å‘³:** ãƒªãƒ¢ãƒ¼ãƒˆãŒé€²ã‚“ã§ã„ã‚‹ã€å…ˆã«pullãŒå¿…è¦

**âœ… è§£æ±ºæ–¹æ³•:**

```bash
# æœ€æ–°ã‚’å–å¾—
$ git pull origin main

# ã‚³ãƒ³ãƒ•ãƒªã‚¯ãƒˆãŒã‚ã‚Œã°è§£æ±º

# å†åº¦ãƒ—ãƒƒã‚·ãƒ¥
$ git push
```

---

### ã‚¨ãƒ©ãƒ¼3: ã‚³ãƒ³ãƒ•ãƒªã‚¯ãƒˆç™ºç”Ÿ

```bash
$ git pull
Auto-merging app.py
CONFLICT (content): Merge conflict in app.py
Automatic merge failed; fix conflicts and then commit the result.
```

**ğŸ“– æ„å‘³:** åŒã˜ç®‡æ‰€ã‚’å¤‰æ›´ã—ã¦è¡çª

**âœ… è§£æ±ºæ–¹æ³•:**

```bash
# 1. ãƒ•ã‚¡ã‚¤ãƒ«ã‚’é–‹ã
$ code app.py

# 2. è¡çªç®‡æ‰€ã‚’ä¿®æ­£
<<<<<<< HEAD
    # è‡ªåˆ†ã®å¤‰æ›´
    return "Hello"
=======
    # ä»–ã®äººã®å¤‰æ›´
    return "Hi"
>>>>>>> abc1234

# â†“ ä¿®æ­£å¾Œ
    return "Hello"

# 3. ãƒãƒ¼ã‚«ãƒ¼ã‚’å‰Šé™¤ã—ã¦ä¿å­˜

# 4. add
$ git add app.py

# 5. commit
$ git commit -m "ã‚³ãƒ³ãƒ•ãƒªã‚¯ãƒˆè§£æ±º"

# 6. push
$ git push
```

---

### ã‚¨ãƒ©ãƒ¼4: Please commit your changes

```bash
$ git pull
error: Your local changes to the following files would be overwritten by merge:
        app.py
Please commit your changes or stash them before you merge.
Aborting
```

**ğŸ“– æ„å‘³:** æœªã‚³ãƒŸãƒƒãƒˆã®å¤‰æ›´ãŒã‚ã‚‹

**âœ… è§£æ±ºæ–¹æ³•A: ã‚³ãƒŸãƒƒãƒˆ**

```bash
$ git add .
$ git commit -m "ä½œæ¥­ä¸­ã®å¤‰æ›´"
$ git pull
```

**âœ… è§£æ±ºæ–¹æ³•B: ä¸€æ™‚é€€é¿**

```bash
$ git stash
$ git pull
$ git stash pop
```

---

## ğŸ“Š å®Œå…¨ãƒãƒ¼ãƒˆã‚·ãƒ¼ãƒˆ {#ãƒãƒ¼ãƒˆã‚·ãƒ¼ãƒˆ}

### åŸºæœ¬æ“ä½œ

```bash
# === ãƒŠãƒ“ã‚²ãƒ¼ã‚·ãƒ§ãƒ³ ===
pwd                      # ç¾åœ¨åœ°ç¢ºèª
cd /c/projects           # çµ¶å¯¾ãƒ‘ã‚¹ã§ç§»å‹•
cd myapp                 # ç›¸å¯¾ãƒ‘ã‚¹ã§ç§»å‹•
cd ..                    # ä¸€ã¤ä¸Šã¸
cd ~                     # ãƒ›ãƒ¼ãƒ ã¸
cd -                     # ç›´å‰ã®å ´æ‰€ã¸

# === ãƒ•ã‚¡ã‚¤ãƒ«ãƒ»ãƒ•ã‚©ãƒ«ãƒ€ ===
ls                       # ä¸€è¦§è¡¨ç¤º
ls -la                   # è©³ç´°è¡¨ç¤º
mkdir myapp              # ãƒ•ã‚©ãƒ«ãƒ€ä½œæˆ
mkdir -p a/b/c           # éšå±¤ä½œæˆ
touch app.py             # ãƒ•ã‚¡ã‚¤ãƒ«ä½œæˆ
rm file.txt              # ãƒ•ã‚¡ã‚¤ãƒ«å‰Šé™¤
rm -r folder             # ãƒ•ã‚©ãƒ«ãƒ€å‰Šé™¤
rm -i file.txt           # ç¢ºèªã—ã¦å‰Šé™¤
cp a.txt b.txt           # ã‚³ãƒ”ãƒ¼
mv old.txt new.txt       # ç§»å‹•/ãƒªãƒãƒ¼ãƒ 
cat file.txt             # å†…å®¹è¡¨ç¤º
echo "text" > file.txt   # ä¸Šæ›¸ã
echo "text" >> file.txt  # è¿½è¨˜

# === ä¾¿åˆ©ã‚³ãƒãƒ³ãƒ‰ ===
clear                    # ç”»é¢ã‚¯ãƒªã‚¢
history                  # ã‚³ãƒãƒ³ãƒ‰å±¥æ­´
exit                     # GitBashçµ‚äº†
```

---

### GitåŸºæœ¬æ“ä½œ

```bash
# === åˆæœŸè¨­å®š ===
git config --global user.name "Your Name"
git config --global user.email "your@email.com"
git config --list        # è¨­å®šç¢ºèª

# === ãƒªãƒã‚¸ãƒˆãƒªä½œæˆ ===
git init                 # åˆæœŸåŒ–
git clone <URL>          # ã‚¯ãƒ­ãƒ¼ãƒ³

# === æ—¥å¸¸ä½œæ¥­ ===
git status               # çŠ¶æ…‹ç¢ºèª
git add .                # å…¨ã¦è¿½åŠ 
git add file.txt         # ç‰¹å®šãƒ•ã‚¡ã‚¤ãƒ«è¿½åŠ 
git commit -m "message"  # ã‚³ãƒŸãƒƒãƒˆ
git push                 # ãƒ—ãƒƒã‚·ãƒ¥
git pull                 # ãƒ—ãƒ«

# === ãƒ–ãƒ©ãƒ³ãƒ ===
git branch               # ä¸€è¦§
git branch feature/test  # ä½œæˆ
git checkout main        # åˆ‡ã‚Šæ›¿ãˆ
git checkout -b test     # ä½œæˆ+åˆ‡ã‚Šæ›¿ãˆ
git merge feature/test   # ãƒãƒ¼ã‚¸
git branch -d test       # å‰Šé™¤

# === ç¢ºèª ===
git log                  # å±¥æ­´
git log --oneline        # ç°¡æ˜“å±¥æ­´
git diff                 # å·®åˆ†ç¢ºèª
git remote -v            # ãƒªãƒ¢ãƒ¼ãƒˆç¢ºèª

# === å–ã‚Šæ¶ˆã— ===
git restore file.txt     # å¤‰æ›´ã‚’ç ´æ£„
git restore --staged .   # addã‚’å–ã‚Šæ¶ˆã—
git reset --soft HEAD~1  # ã‚³ãƒŸãƒƒãƒˆã‚’å–ã‚Šæ¶ˆã—
```

---

### GitHubé€£æº

```bash
# === SSHéµ ===
ssh-keygen -t ed25519 -C "email@example.com"  # éµä½œæˆ
cat ~/.ssh/id_ed25519.pub                      # å…¬é–‹éµè¡¨ç¤º
ssh -T git@github.com                          # æ¥ç¶šãƒ†ã‚¹ãƒˆ

# === ãƒªãƒ¢ãƒ¼ãƒˆæ“ä½œ ===
git remote add origin <URL>                    # ãƒªãƒ¢ãƒ¼ãƒˆè¿½åŠ 
git remote -v                                  # ãƒªãƒ¢ãƒ¼ãƒˆç¢ºèª
git push -u origin main                        # åˆå›ãƒ—ãƒƒã‚·ãƒ¥
git push                                       # ä»¥é™ã®ãƒ—ãƒƒã‚·ãƒ¥
git pull origin main                           # ãƒ—ãƒ«
```

---

### ã‚ˆãä½¿ã†ãƒ‘ã‚¿ãƒ¼ãƒ³

```bash
# === æ–°è¦ãƒ—ãƒ­ã‚¸ã‚§ã‚¯ãƒˆ ===
mkdir myapp
cd myapp
git init
touch README.md
git add .
git commit -m "Initial commit"
git remote add origin git@github.com:user/myapp.git
git push -u origin main

# === æ—¢å­˜ã‚’ã‚¯ãƒ­ãƒ¼ãƒ³ ===
git clone git@github.com:user/myapp.git
cd myapp

# === æ—¥å¸¸ä½œæ¥­ ===
git pull                          # æœ€æ–°å–å¾—
git checkout -b feature/new       # ãƒ–ãƒ©ãƒ³ãƒä½œæˆ
# ... ã‚³ãƒ¼ãƒ‡ã‚£ãƒ³ã‚° ...
git add .
git commit -m "æ–°æ©Ÿèƒ½è¿½åŠ "
git push -u origin feature/new    # ãƒ—ãƒƒã‚·ãƒ¥
# ... GitHubã§PRä½œæˆ ...

# === ã‚³ãƒ³ãƒ•ãƒªã‚¯ãƒˆè§£æ±º ===
git pull
# CONFLICTç™ºç”Ÿ
# ãƒ•ã‚¡ã‚¤ãƒ«ã‚’ç·¨é›†
git add .
git commit -m "ã‚³ãƒ³ãƒ•ãƒªã‚¯ãƒˆè§£æ±º"
git push

# === ç·Šæ€¥é€€é¿ ===
git stash                         # ä¸€æ™‚ä¿å­˜
git checkout main
# ... ç·Šæ€¥ä½œæ¥­ ...
git checkout -
git stash pop                     # å¾©å…ƒ
```

---

## ğŸ¨ å›³è§£: Git ã®ä»•çµ„ã¿

### 3ã¤ã®ã‚¨ãƒªã‚¢

```
â”Œâ”€â”€â”€â”€â”€â”€â”€â”€â”€â”€â”€â”€â”€â”  git add   â”Œâ”€â”€â”€â”€â”€â”€â”€â”€â”€â”€â”€â”€â”€â”  git commit  â”Œâ”€â”€â”€â”€â”€â”€â”€â”€â”€â”€â”€â”€â”€â”
â”‚ Working     â”‚  â”€â”€â”€â”€â”€â”€â”€>  â”‚ Staging     â”‚  â”€â”€â”€â”€â”€â”€â”€â”€â”€>  â”‚ Repository  â”‚
â”‚ Directory   â”‚            â”‚ Area        â”‚              â”‚ (.git)      â”‚
â”‚ (ä½œæ¥­ä¸­)     â”‚  <â”€â”€â”€â”€â”€â”€â”€  â”‚ (æº–å‚™ä¸­)     â”‚  <â”€â”€â”€â”€â”€â”€â”€â”€â”€  â”‚ (è¨˜éŒ²æ¸ˆã¿)   â”‚
â””â”€â”€â”€â”€â”€â”€â”€â”€â”€â”€â”€â”€â”€â”˜  restore   â””â”€â”€â”€â”€â”€â”€â”€â”€â”€â”€â”€â”€â”€â”˜   reset      â””â”€â”€â”€â”€â”€â”€â”€â”€â”€â”€â”€â”€â”€â”˜
                                                               â”‚
                                                               â”‚ git push
                                                               â†“
                                                        â”Œâ”€â”€â”€â”€â”€â”€â”€â”€â”€â”€â”€â”€â”€â”
                                                        â”‚   GitHub    â”‚
                                                        â”‚  (Remote)   â”‚
                                                        â””â”€â”€â”€â”€â”€â”€â”€â”€â”€â”€â”€â”€â”€â”˜
```

---

### ãƒ•ã‚¡ã‚¤ãƒ«ã®çŠ¶æ…‹é·ç§»

```
Untracked (æœªè¿½è·¡)
    â”‚
    â”‚ git add
    â†“
Staged (ã‚¹ãƒ†ãƒ¼ã‚¸ãƒ³ã‚°æ¸ˆã¿)
    â”‚
    â”‚ git commit
    â†“
Committed (ã‚³ãƒŸãƒƒãƒˆæ¸ˆã¿)
    â”‚
    â”‚ ç·¨é›†
    â†“
Modified (å¤‰æ›´ã‚ã‚Š)
    â”‚
    â”‚ git add
    â†“
Staged
```

---

### ãƒ–ãƒ©ãƒ³ãƒã®å‹•ã

```
main       A --- B --- C --- D
                     \
feature               E --- F --- G
                                   \
                                    \ git merge
                                     â†“
main       A --- B --- C --- D --- H (ãƒãƒ¼ã‚¸ã‚³ãƒŸãƒƒãƒˆ)
```

---

## ğŸ“ å®Ÿè·µæ¼”ç¿’

### æ¼”ç¿’1: æ–°è¦ãƒ—ãƒ­ã‚¸ã‚§ã‚¯ãƒˆä½œæˆ

```bash
# 1. ãƒ•ã‚©ãƒ«ãƒ€ä½œæˆ
cd /c/projects
mkdir todo-app
cd todo-app

# 2. GitåˆæœŸåŒ–
git init

# 3. ãƒ•ã‚¡ã‚¤ãƒ«ä½œæˆ
touch app.py README.md
echo "# Todo App" > README.md
echo "print('Todo App')" > app.py

# 4. .gitignoreä½œæˆ
cat > .gitignore << EOF
__pycache__/
*.pyc
.env
EOF

# 5. ã‚³ãƒŸãƒƒãƒˆ
git add .
git commit -m "Initial commit"

# 6. GitHubé€£æº(GitHubã§ãƒªãƒã‚¸ãƒˆãƒªä½œæˆå¾Œ)
git remote add origin git@github.com:YourName/todo-app.git
git push -u origin main
```

---

### æ¼”ç¿’2: ãƒ–ãƒ©ãƒ³ãƒã§æ©Ÿèƒ½é–‹ç™º

```bash
# 1. æœ€æ–°ã‚’å–å¾—
git pull

# 2. ãƒ–ãƒ©ãƒ³ãƒä½œæˆ
git checkout -b feature/add-task

# 3. ã‚³ãƒ¼ãƒ‡ã‚£ãƒ³ã‚°
echo "def add_task():" >> app.py
echo "    pass" >> app.py

# 4. ã‚³ãƒŸãƒƒãƒˆ
git add app.py
git commit -m "ã‚¿ã‚¹ã‚¯è¿½åŠ æ©Ÿèƒ½ã‚’å®Ÿè£…"

# 5. ãƒ—ãƒƒã‚·ãƒ¥
git push -u origin feature/add-task

# 6. GitHubã§ãƒ—ãƒ«ãƒªã‚¯ã‚¨ã‚¹ãƒˆä½œæˆ

# 7. ãƒãƒ¼ã‚¸å¾Œã€ãƒ–ãƒ©ãƒ³ãƒå‰Šé™¤
git checkout main
git pull
git branch -d feature/add-task
```

---

### æ¼”ç¿’3: ã‚³ãƒ³ãƒ•ãƒªã‚¯ãƒˆè§£æ±º

```bash
# 1. ãƒ–ãƒ©ãƒ³ãƒä½œæˆ
git checkout -b feature/test

# 2. ãƒ•ã‚¡ã‚¤ãƒ«ç·¨é›†
echo "line1" > test.txt
git add test.txt
git commit -m "line1è¿½åŠ "

# 3. mainã«æˆ»ã£ã¦åŒã˜ç®‡æ‰€ã‚’ç·¨é›†
git checkout main
echo "lineA" > test.txt
git add test.txt
git commit -m "lineAè¿½åŠ "

# 4. ãƒãƒ¼ã‚¸ã—ã¦ã‚³ãƒ³ãƒ•ãƒªã‚¯ãƒˆç™ºç”Ÿ
git merge feature/test
# CONFLICT!

# 5. ãƒ•ã‚¡ã‚¤ãƒ«ã‚’é–‹ã„ã¦ä¿®æ­£
cat test.txt
# <<<<<<< HEAD
# lineA
# =======
# line1
# >>>>>>> feature/test

# 6. ä¿®æ­£
echo "line1ã¨lineAã‚’çµ±åˆ" > test.txt

# 7. ã‚³ãƒŸãƒƒãƒˆ
git add test.txt
git commit -m "ã‚³ãƒ³ãƒ•ãƒªã‚¯ãƒˆè§£æ±º"
```

---

## ğŸ“š ã•ã‚‰ã«å­¦ã¶ãŸã‚ã«

### ãŠã™ã™ã‚ãƒªã‚½ãƒ¼ã‚¹

**ğŸ“– å…¬å¼ãƒ‰ã‚­ãƒ¥ãƒ¡ãƒ³ãƒˆ:**
- [Gitå…¬å¼ã‚µã‚¤ãƒˆ](https://git-scm.com/book/ja/v2)
- [GitHub Docs](https://docs.github.com/ja)

**ğŸ® ã‚¤ãƒ³ã‚¿ãƒ©ã‚¯ãƒ†ã‚£ãƒ–å­¦ç¿’:**
- [Learn Git Branching](https://learngitbranching.js.org/?locale=ja)
- ã‚²ãƒ¼ãƒ æ„Ÿè¦šã§Gitã‚’å­¦ã¹ã‚‹!

**ğŸ“ ãƒãƒ¼ãƒˆã‚·ãƒ¼ãƒˆ:**
- [GitHub Git Cheat Sheet](https://education.github.com/git-cheat-sheet-education.pdf)

---

## ğŸ‰ ã¾ã¨ã‚

### è¦šãˆã‚‹ã¹ãåŸºæœ¬ã‚³ãƒãƒ³ãƒ‰ TOP10

```bash
1.  pwd              # ç¾åœ¨åœ°ç¢ºèª
2.  cd <path>        # ç§»å‹•
3.  ls -la           # ä¸€è¦§è¡¨ç¤º
4.  git status       # çŠ¶æ…‹ç¢ºèª
5.  git add .        # ã‚¹ãƒ†ãƒ¼ã‚¸ãƒ³ã‚°
6.  git commit -m    # ã‚³ãƒŸãƒƒãƒˆ
7.  git push         # ãƒ—ãƒƒã‚·ãƒ¥
8.  git pull         # ãƒ—ãƒ«
9.  git checkout -b  # ãƒ–ãƒ©ãƒ³ãƒä½œæˆ
10. git log          # å±¥æ­´ç¢ºèª
```

---

### å›°ã£ãŸã¨ãã®å¯¾å‡¦æ³•

```bash
# 1. ã¾ãšçŠ¶æ…‹ç¢ºèª
git status

# 2. å±¥æ­´ç¢ºèª
git log --oneline -5

# 3. å·®åˆ†ç¢ºèª
git diff

# 4. ãƒªãƒ¢ãƒ¼ãƒˆç¢ºèª
git remote -v

# 5. ãã‚Œã§ã‚‚ãƒ€ãƒ¡ãªã‚‰
# ã‚¨ãƒ©ãƒ¼ãƒ¡ãƒƒã‚»ãƒ¼ã‚¸ã‚’ã‚³ãƒ”ãƒ¼ã—ã¦
# Googleæ¤œç´¢ or å…ˆè¼©ã«ç›¸è«‡!
```

---

### ğŸš¨ ã‚„ã£ã¦ã¯ã„ã‘ãªã„ã“ã¨

```bash
# âŒ çµ¶å¯¾NG!
git push --force                    # å¼·åˆ¶ãƒ—ãƒƒã‚·ãƒ¥(ãƒãƒ¼ãƒ ã«è¿·æƒ‘)
rm -rf .git                         # Gitå±¥æ­´å‰Šé™¤
git reset --hard origin/main        # ãƒ­ãƒ¼ã‚«ãƒ«ã®å¤‰æ›´å…¨å‰Šé™¤
git commit -am "aaa"                # é©å½“ãªãƒ¡ãƒƒã‚»ãƒ¼ã‚¸

# âœ… ä»£ã‚ã‚Šã«ã“ã‚Œ!
git push --force-with-lease         # å®‰å…¨ãªå¼·åˆ¶ãƒ—ãƒƒã‚·ãƒ¥
git stash                           # ä¸€æ™‚é€€é¿
git reset --soft HEAD~1             # å„ªã—ã„å–ã‚Šæ¶ˆã—
git commit -m "æ˜ç¢ºãªãƒ¡ãƒƒã‚»ãƒ¼ã‚¸"      # ã‚ã‹ã‚Šã‚„ã™ã
```

---

## ğŸ¯ æ¬¡ã®ã‚¹ãƒ†ãƒƒãƒ—

1. **åŸºæœ¬æ“ä½œã‚’ãƒã‚¹ã‚¿ãƒ¼** (ã“ã®è¨˜äº‹ã®å†…å®¹)
2. **ãƒ–ãƒ©ãƒ³ãƒæˆ¦ç•¥ã‚’å­¦ã¶** (Git Flowç­‰)
3. **ãƒ—ãƒ«ãƒªã‚¯ã‚¨ã‚¹ãƒˆã®ä½œæ³•**
4. **ã‚³ãƒ¼ãƒ‰ãƒ¬ãƒ“ãƒ¥ãƒ¼ã®å—ã‘æ–¹**
5. **CI/CDé€£æº**

---

**ä½œæˆè€…:** Git/GitBash/Windowså°‚é–€å®¶  
**å¯¾è±¡èª­è€…:** ãƒ—ãƒ­ã‚°ãƒ©ãƒŸãƒ³ã‚°åˆå¿ƒè€…ã€œä¸­ç´šè€…  
**æœ€çµ‚æ›´æ–°:** 2025å¹´10æœˆ9æ—¥

**Happy Coding! ğŸš€**
